<?xml version="1.0" encoding="ISO-8859-1" ?>
<link_info>
   <banner>TI ARM Linker PC v18.12.4.LTS</banner>
   <copyright>Copyright (c) 1996-2018 Texas Instruments Incorporated</copyright>
   <link_time>0x5e90fba4</link_time>
   <link_errors>0x0</link_errors>
   <output_file>bms-1227-fw.out</output_file>
   <entry_point>
      <name>_c_int00</name>
      <address>0xcc14</address>
   </entry_point>
   <input_file_list>
      <input_file id="fl-2">
         <path>.\source\</path>
         <kind>object</kind>
         <file>Phantom_sci.obj</file>
         <name>Phantom_sci.obj</name>
      </input_file>
      <input_file id="fl-3">
         <path>.\source\</path>
         <kind>object</kind>
         <file>a_tp_sci.obj</file>
         <name>a_tp_sci.obj</name>
      </input_file>
      <input_file id="fl-4">
         <path>.\source\</path>
         <kind>object</kind>
         <file>can.obj</file>
         <name>can.obj</name>
      </input_file>
      <input_file id="fl-5">
         <path>.\source\</path>
         <kind>object</kind>
         <file>dabort.obj</file>
         <name>dabort.obj</name>
      </input_file>
      <input_file id="fl-6">
         <path>.\source\</path>
         <kind>object</kind>
         <file>errata_SSWF021_45.obj</file>
         <name>errata_SSWF021_45.obj</name>
      </input_file>
      <input_file id="fl-7">
         <path>.\source\</path>
         <kind>object</kind>
         <file>esm.obj</file>
         <name>esm.obj</name>
      </input_file>
      <input_file id="fl-8">
         <path>.\source\</path>
         <kind>object</kind>
         <file>gio.obj</file>
         <name>gio.obj</name>
      </input_file>
      <input_file id="fl-9">
         <path>.\source\</path>
         <kind>object</kind>
         <file>notification.obj</file>
         <name>notification.obj</name>
      </input_file>
      <input_file id="fl-a">
         <path>.\source\</path>
         <kind>object</kind>
         <file>phantom_can.obj</file>
         <name>phantom_can.obj</name>
      </input_file>
      <input_file id="fl-b">
         <path>.\source\</path>
         <kind>object</kind>
         <file>pinmux.obj</file>
         <name>pinmux.obj</name>
      </input_file>
      <input_file id="fl-c">
         <path>.\source\</path>
         <kind>object</kind>
         <file>pl455.obj</file>
         <name>pl455.obj</name>
      </input_file>
      <input_file id="fl-d">
         <path>.\source\</path>
         <kind>object</kind>
         <file>rti.obj</file>
         <name>rti.obj</name>
      </input_file>
      <input_file id="fl-e">
         <path>.\source\</path>
         <kind>object</kind>
         <file>sci.obj</file>
         <name>sci.obj</name>
      </input_file>
      <input_file id="fl-f">
         <path>.\source\</path>
         <kind>object</kind>
         <file>sys_core.obj</file>
         <name>sys_core.obj</name>
      </input_file>
      <input_file id="fl-10">
         <path>.\source\</path>
         <kind>object</kind>
         <file>sys_dma.obj</file>
         <name>sys_dma.obj</name>
      </input_file>
      <input_file id="fl-11">
         <path>.\source\</path>
         <kind>object</kind>
         <file>sys_intvecs.obj</file>
         <name>sys_intvecs.obj</name>
      </input_file>
      <input_file id="fl-12">
         <path>.\source\</path>
         <kind>object</kind>
         <file>sys_main.obj</file>
         <name>sys_main.obj</name>
      </input_file>
      <input_file id="fl-13">
         <path>.\source\</path>
         <kind>object</kind>
         <file>sys_mpu.obj</file>
         <name>sys_mpu.obj</name>
      </input_file>
      <input_file id="fl-14">
         <path>.\source\</path>
         <kind>object</kind>
         <file>sys_pcr.obj</file>
         <name>sys_pcr.obj</name>
      </input_file>
      <input_file id="fl-15">
         <path>.\source\</path>
         <kind>object</kind>
         <file>sys_phantom.obj</file>
         <name>sys_phantom.obj</name>
      </input_file>
      <input_file id="fl-16">
         <path>.\source\</path>
         <kind>object</kind>
         <file>sys_pmm.obj</file>
         <name>sys_pmm.obj</name>
      </input_file>
      <input_file id="fl-17">
         <path>.\source\</path>
         <kind>object</kind>
         <file>sys_pmu.obj</file>
         <name>sys_pmu.obj</name>
      </input_file>
      <input_file id="fl-18">
         <path>.\source\</path>
         <kind>object</kind>
         <file>sys_selftest.obj</file>
         <name>sys_selftest.obj</name>
      </input_file>
      <input_file id="fl-19">
         <path>.\source\</path>
         <kind>object</kind>
         <file>sys_startup.obj</file>
         <name>sys_startup.obj</name>
      </input_file>
      <input_file id="fl-1a">
         <path>.\source\</path>
         <kind>object</kind>
         <file>sys_vim.obj</file>
         <name>sys_vim.obj</name>
      </input_file>
      <input_file id="fl-1b">
         <path>.\source\</path>
         <kind>object</kind>
         <file>system.obj</file>
         <name>system.obj</name>
      </input_file>
      <input_file id="fl-1c">
         <path>.\source\</path>
         <kind>object</kind>
         <file>testinterface.obj</file>
         <name>testinterface.obj</name>
      </input_file>
      <input_file id="fl-20">
         <kind>object</kind>
         <file>&lt;internal&gt;</file>
         <name>&lt;internal&gt;</name>
      </input_file>
      <input_file id="fl-21">
         <path>C:\ti\ccs920\ccs\tools\compiler\ti-cgt-arm_18.12.4.LTS\lib\</path>
         <kind>archive</kind>
         <file>rtsv7R4_T_be_v3D16_eabi.lib</file>
         <name>s_floor.c.obj</name>
      </input_file>
      <input_file id="fl-22">
         <path>C:\ti\ccs920\ccs\tools\compiler\ti-cgt-arm_18.12.4.LTS\lib\</path>
         <kind>archive</kind>
         <file>rtsv7R4_T_be_v3D16_eabi.lib</file>
         <name>snprintf.c.obj</name>
      </input_file>
      <input_file id="fl-23">
         <path>C:\ti\ccs920\ccs\tools\compiler\ti-cgt-arm_18.12.4.LTS\lib\</path>
         <kind>archive</kind>
         <file>rtsv7R4_T_be_v3D16_eabi.lib</file>
         <name>memcpy_t2.asm.obj</name>
      </input_file>
      <input_file id="fl-24">
         <path>C:\ti\ccs920\ccs\tools\compiler\ti-cgt-arm_18.12.4.LTS\lib\</path>
         <kind>archive</kind>
         <file>rtsv7R4_T_be_v3D16_eabi.lib</file>
         <name>u_div32.asm.obj</name>
      </input_file>
      <input_file id="fl-25">
         <path>C:\ti\ccs920\ccs\tools\compiler\ti-cgt-arm_18.12.4.LTS\lib\</path>
         <kind>archive</kind>
         <file>rtsv7R4_T_be_v3D16_eabi.lib</file>
         <name>memset_t2.asm.obj</name>
      </input_file>
      <input_file id="fl-26">
         <path>C:\ti\ccs920\ccs\tools\compiler\ti-cgt-arm_18.12.4.LTS\lib\</path>
         <kind>archive</kind>
         <file>rtsv7R4_T_be_v3D16_eabi.lib</file>
         <name>autoinit.c.obj</name>
      </input_file>
      <input_file id="fl-27">
         <path>C:\ti\ccs920\ccs\tools\compiler\ti-cgt-arm_18.12.4.LTS\lib\</path>
         <kind>archive</kind>
         <file>rtsv7R4_T_be_v3D16_eabi.lib</file>
         <name>cpy_tbl.c.obj</name>
      </input_file>
      <input_file id="fl-28">
         <path>C:\ti\ccs920\ccs\tools\compiler\ti-cgt-arm_18.12.4.LTS\lib\</path>
         <kind>archive</kind>
         <file>rtsv7R4_T_be_v3D16_eabi.lib</file>
         <name>copy_zero_init.c.obj</name>
      </input_file>
      <input_file id="fl-29">
         <path>C:\ti\ccs920\ccs\tools\compiler\ti-cgt-arm_18.12.4.LTS\lib\</path>
         <kind>archive</kind>
         <file>rtsv7R4_T_be_v3D16_eabi.lib</file>
         <name>copy_decompress_none.c.obj</name>
      </input_file>
      <input_file id="fl-2a">
         <path>C:\ti\ccs920\ccs\tools\compiler\ti-cgt-arm_18.12.4.LTS\lib\</path>
         <kind>archive</kind>
         <file>rtsv7R4_T_be_v3D16_eabi.lib</file>
         <name>copy_decompress_lzss.c.obj</name>
      </input_file>
      <input_file id="fl-2b">
         <path>C:\ti\ccs920\ccs\tools\compiler\ti-cgt-arm_18.12.4.LTS\lib\</path>
         <kind>archive</kind>
         <file>rtsv7R4_T_be_v3D16_eabi.lib</file>
         <name>exit.c.obj</name>
      </input_file>
      <input_file id="fl-2c">
         <path>C:\ti\ccs920\ccs\tools\compiler\ti-cgt-arm_18.12.4.LTS\lib\</path>
         <kind>archive</kind>
         <file>rtsv7R4_T_be_v3D16_eabi.lib</file>
         <name>_lock.c.obj</name>
      </input_file>
      <input_file id="fl-2d">
         <path>C:\ti\ccs920\ccs\tools\compiler\ti-cgt-arm_18.12.4.LTS\lib\</path>
         <kind>archive</kind>
         <file>rtsv7R4_T_be_v3D16_eabi.lib</file>
         <name>strcmp.c.obj</name>
      </input_file>
      <input_file id="fl-2e">
         <path>C:\ti\ccs920\ccs\tools\compiler\ti-cgt-arm_18.12.4.LTS\lib\</path>
         <kind>archive</kind>
         <file>rtsv7R4_T_be_v3D16_eabi.lib</file>
         <name>strlen.c.obj</name>
      </input_file>
      <input_file id="fl-2f">
         <path>C:\ti\ccs920\ccs\tools\compiler\ti-cgt-arm_18.12.4.LTS\lib\</path>
         <kind>archive</kind>
         <file>rtsv7R4_T_be_v3D16_eabi.lib</file>
         <name>_printfi.c.obj</name>
      </input_file>
      <input_file id="fl-30">
         <path>C:\ti\ccs920\ccs\tools\compiler\ti-cgt-arm_18.12.4.LTS\lib\</path>
         <kind>archive</kind>
         <file>rtsv7R4_T_be_v3D16_eabi.lib</file>
         <name>div0.asm.obj</name>
      </input_file>
      <input_file id="fl-31">
         <path>C:\ti\ccs920\ccs\tools\compiler\ti-cgt-arm_18.12.4.LTS\lib\</path>
         <kind>archive</kind>
         <file>rtsv7R4_T_be_v3D16_eabi.lib</file>
         <name>ull_div32.asm.obj</name>
      </input_file>
      <input_file id="fl-32">
         <path>C:\ti\ccs920\ccs\tools\compiler\ti-cgt-arm_18.12.4.LTS\lib\</path>
         <kind>archive</kind>
         <file>rtsv7R4_T_be_v3D16_eabi.lib</file>
         <name>atoi.c.obj</name>
      </input_file>
      <input_file id="fl-33">
         <path>C:\ti\ccs920\ccs\tools\compiler\ti-cgt-arm_18.12.4.LTS\lib\</path>
         <kind>archive</kind>
         <file>rtsv7R4_T_be_v3D16_eabi.lib</file>
         <name>ctype.c.obj</name>
      </input_file>
      <input_file id="fl-34">
         <path>C:\ti\ccs920\ccs\tools\compiler\ti-cgt-arm_18.12.4.LTS\lib\</path>
         <kind>archive</kind>
         <file>rtsv7R4_T_be_v3D16_eabi.lib</file>
         <name>ltoa.c.obj</name>
      </input_file>
      <input_file id="fl-35">
         <path>C:\ti\ccs920\ccs\tools\compiler\ti-cgt-arm_18.12.4.LTS\lib\</path>
         <kind>archive</kind>
         <file>rtsv7R4_T_be_v3D16_eabi.lib</file>
         <name>memccpy.c.obj</name>
      </input_file>
      <input_file id="fl-36">
         <path>C:\ti\ccs920\ccs\tools\compiler\ti-cgt-arm_18.12.4.LTS\lib\</path>
         <kind>archive</kind>
         <file>rtsv7R4_T_be_v3D16_eabi.lib</file>
         <name>strchr.c.obj</name>
      </input_file>
      <input_file id="fl-37">
         <path>C:\ti\ccs920\ccs\tools\compiler\ti-cgt-arm_18.12.4.LTS\lib\</path>
         <kind>archive</kind>
         <file>rtsv7R4_T_be_v3D16_eabi.lib</file>
         <name>errno.c.obj</name>
      </input_file>
      <input_file id="fl-38">
         <path>C:\ti\ccs920\ccs\tools\compiler\ti-cgt-arm_18.12.4.LTS\lib\</path>
         <kind>archive</kind>
         <file>rtsv7R4_T_be_v3D16_eabi.lib</file>
         <name>wcslen.c.obj</name>
      </input_file>
      <input_file id="fl-39">
         <path>C:\ti\ccs920\ccs\tools\compiler\ti-cgt-arm_18.12.4.LTS\lib\</path>
         <kind>archive</kind>
         <file>rtsv7R4_T_be_v3D16_eabi.lib</file>
         <name>s_frexp.c.obj</name>
      </input_file>
      <input_file id="fl-3a">
         <path>C:\ti\ccs920\ccs\tools\compiler\ti-cgt-arm_18.12.4.LTS\lib\</path>
         <kind>archive</kind>
         <file>rtsv7R4_T_be_v3D16_eabi.lib</file>
         <name>s_scalbn.c.obj</name>
      </input_file>
      <input_file id="fl-3b">
         <path>C:\ti\ccs920\ccs\tools\compiler\ti-cgt-arm_18.12.4.LTS\lib\</path>
         <kind>archive</kind>
         <file>rtsv7R4_T_be_v3D16_eabi.lib</file>
         <name>s_copysign.c.obj</name>
      </input_file>
   </input_file_list>
   <object_component_list>
      <object_component id="oc-34">
         <name>.intvecs</name>
         <load_address>0x0</load_address>
         <run_address>0x0</run_address>
         <size>0x20</size>
         <input_file_ref idref="fl-11"/>
      </object_component>
      <object_component id="oc-85">
         <name>.text</name>
         <load_address>0x20</load_address>
         <run_address>0x20</run_address>
         <size>0x2cdc</size>
         <input_file_ref idref="fl-18"/>
      </object_component>
      <object_component id="oc-92">
         <name>.text</name>
         <load_address>0x2cfc</load_address>
         <run_address>0x2cfc</run_address>
         <size>0x2c7c</size>
         <input_file_ref idref="fl-12"/>
      </object_component>
      <object_component id="oc-153">
         <name>.text</name>
         <load_address>0x5978</load_address>
         <run_address>0x5978</run_address>
         <size>0xd3c</size>
         <input_file_ref idref="fl-c"/>
      </object_component>
      <object_component id="oc-7f">
         <name>.text</name>
         <load_address>0x66b4</load_address>
         <run_address>0x66b4</run_address>
         <size>0xb64</size>
         <input_file_ref idref="fl-1b"/>
      </object_component>
      <object_component id="oc-141">
         <name>.text</name>
         <load_address>0x7218</load_address>
         <run_address>0x7218</run_address>
         <size>0xb04</size>
         <input_file_ref idref="fl-4"/>
      </object_component>
      <object_component id="oc-40">
         <name>.text</name>
         <load_address>0x7d1c</load_address>
         <run_address>0x7d1c</run_address>
         <size>0xa58</size>
         <input_file_ref idref="fl-1a"/>
      </object_component>
      <object_component id="oc-23b">
         <name>.text:__TI_printfi</name>
         <load_address>0x8774</load_address>
         <run_address>0x8774</run_address>
         <size>0xa4a</size>
         <input_file_ref idref="fl-2f"/>
      </object_component>
      <object_component id="oc-356">
         <name>.text</name>
         <load_address>0x91be</load_address>
         <run_address>0x91be</run_address>
         <size>0x2</size>
         <input_file_ref idref="fl-30"/>
      </object_component>
      <object_component id="oc-12f">
         <name>.text</name>
         <load_address>0x91c0</load_address>
         <run_address>0x91c0</run_address>
         <size>0xa2c</size>
         <input_file_ref idref="fl-e"/>
      </object_component>
      <object_component id="oc-e9">
         <name>.text</name>
         <load_address>0x9bec</load_address>
         <run_address>0x9bec</run_address>
         <size>0x8d4</size>
         <input_file_ref idref="fl-b"/>
      </object_component>
      <object_component id="oc-2e">
         <name>.text:retain</name>
         <load_address>0xa4c0</load_address>
         <run_address>0xa4c0</run_address>
         <size>0x7a8</size>
         <input_file_ref idref="fl-e"/>
      </object_component>
      <object_component id="oc-73">
         <name>.text</name>
         <load_address>0xac68</load_address>
         <run_address>0xac68</run_address>
         <size>0x664</size>
         <input_file_ref idref="fl-6"/>
      </object_component>
      <object_component id="oc-13b">
         <name>.text</name>
         <load_address>0xb2cc</load_address>
         <run_address>0xb2cc</run_address>
         <size>0x638</size>
         <input_file_ref idref="fl-d"/>
      </object_component>
      <object_component id="oc-8b">
         <name>.text</name>
         <load_address>0xb904</load_address>
         <run_address>0xb904</run_address>
         <size>0x5bc</size>
         <input_file_ref idref="fl-7"/>
      </object_component>
      <object_component id="oc-135">
         <name>.text</name>
         <load_address>0xbec0</load_address>
         <run_address>0xbec0</run_address>
         <size>0x484</size>
         <input_file_ref idref="fl-8"/>
      </object_component>
      <object_component id="oc-6e">
         <name>.text</name>
         <load_address>0xc344</load_address>
         <run_address>0xc344</run_address>
         <size>0x34c</size>
         <input_file_ref idref="fl-f"/>
      </object_component>
      <object_component id="oc-3f">
         <name>.text:retain</name>
         <load_address>0xc690</load_address>
         <run_address>0xc690</run_address>
         <size>0x2cc</size>
         <input_file_ref idref="fl-1a"/>
      </object_component>
      <object_component id="oc-39a">
         <name>.text</name>
         <load_address>0xc95c</load_address>
         <run_address>0xc95c</run_address>
         <size>0x2b8</size>
         <input_file_ref idref="fl-31"/>
      </object_component>
      <object_component id="oc-19">
         <name>.text:retain</name>
         <load_address>0xcc14</load_address>
         <run_address>0xcc14</run_address>
         <size>0x290</size>
         <input_file_ref idref="fl-19"/>
      </object_component>
      <object_component id="oc-159">
         <name>.text</name>
         <load_address>0xcea4</load_address>
         <run_address>0xcea4</run_address>
         <size>0x26c</size>
         <input_file_ref idref="fl-1c"/>
      </object_component>
      <object_component id="oc-326">
         <name>.text:_pconv_a</name>
         <load_address>0xd110</load_address>
         <run_address>0xd110</run_address>
         <size>0x248</size>
         <input_file_ref idref="fl-2f"/>
      </object_component>
      <object_component id="oc-314">
         <name>.text:_pconv_g</name>
         <load_address>0xd358</load_address>
         <run_address>0xd358</run_address>
         <size>0x1a0</size>
         <input_file_ref idref="fl-2f"/>
      </object_component>
      <object_component id="oc-9a">
         <name>.text</name>
         <load_address>0xd4f8</load_address>
         <run_address>0xd4f8</run_address>
         <size>0x11c</size>
         <input_file_ref idref="fl-9"/>
      </object_component>
      <object_component id="oc-1f">
         <name>.text:retain</name>
         <load_address>0xd614</load_address>
         <run_address>0xd614</run_address>
         <size>0x114</size>
         <input_file_ref idref="fl-7"/>
      </object_component>
      <object_component id="oc-320">
         <name>.text:_pconv_e</name>
         <load_address>0xd728</load_address>
         <run_address>0xd728</run_address>
         <size>0x104</size>
         <input_file_ref idref="fl-2f"/>
      </object_component>
      <object_component id="oc-3b3">
         <name>.text:fcvt</name>
         <load_address>0xd82c</load_address>
         <run_address>0xd82c</run_address>
         <size>0xfc</size>
         <input_file_ref idref="fl-2f"/>
      </object_component>
      <object_component id="oc-3c7">
         <name>.text:scalbn</name>
         <load_address>0xd928</load_address>
         <run_address>0xd928</run_address>
         <size>0xf0</size>
         <input_file_ref idref="fl-3a"/>
      </object_component>
      <object_component id="oc-ae">
         <name>.text</name>
         <load_address>0xda18</load_address>
         <run_address>0xda18</run_address>
         <size>0xe8</size>
         <input_file_ref idref="fl-5"/>
      </object_component>
      <object_component id="oc-221">
         <name>.text:floor</name>
         <load_address>0xdb00</load_address>
         <run_address>0xdb00</run_address>
         <size>0xe0</size>
         <input_file_ref idref="fl-21"/>
      </object_component>
      <object_component id="oc-f1">
         <name>.text</name>
         <load_address>0xdbe0</load_address>
         <run_address>0xdbe0</run_address>
         <size>0xe0</size>
         <input_file_ref idref="fl-17"/>
      </object_component>
      <object_component id="oc-30e">
         <name>.text:_ltostr</name>
         <load_address>0xdcc0</load_address>
         <run_address>0xdcc0</run_address>
         <size>0xad</size>
         <input_file_ref idref="fl-2f"/>
      </object_component>
      <object_component id="oc-56">
         <name>.text</name>
         <load_address>0xdd6e</load_address>
         <run_address>0xdd6e</run_address>
         <size>0x9c</size>
         <input_file_ref idref="fl-23"/>
      </object_component>
      <object_component id="oc-28">
         <name>.text:retain</name>
         <load_address>0xde0c</load_address>
         <run_address>0xde0c</run_address>
         <size>0x94</size>
         <input_file_ref idref="fl-d"/>
      </object_component>
      <object_component id="oc-14d">
         <name>.text</name>
         <load_address>0xdea0</load_address>
         <run_address>0xdea0</run_address>
         <size>0x80</size>
         <input_file_ref idref="fl-2"/>
      </object_component>
      <object_component id="oc-3ac">
         <name>.text:_mcpy</name>
         <load_address>0xdf20</load_address>
         <run_address>0xdf20</run_address>
         <size>0x7a</size>
         <input_file_ref idref="fl-2f"/>
      </object_component>
      <object_component id="oc-db">
         <name>.text</name>
         <load_address>0xdf9a</load_address>
         <run_address>0xdf9a</run_address>
         <size>0x7a</size>
         <input_file_ref idref="fl-25"/>
      </object_component>
      <object_component id="oc-3c1">
         <name>.text:frexp</name>
         <load_address>0xe014</load_address>
         <run_address>0xe014</run_address>
         <size>0x74</size>
         <input_file_ref idref="fl-39"/>
      </object_component>
      <object_component id="oc-c">
         <name>.text:decompress:lzss:__TI_decompress_lzss</name>
         <load_address>0xe088</load_address>
         <run_address>0xe088</run_address>
         <size>0x6c</size>
         <input_file_ref idref="fl-2a"/>
      </object_component>
      <object_component id="oc-3a6">
         <name>.text:_ecpy</name>
         <load_address>0xe0f4</load_address>
         <run_address>0xe0f4</run_address>
         <size>0x54</size>
         <input_file_ref idref="fl-2f"/>
      </object_component>
      <object_component id="oc-3a0">
         <name>.text:ltoa</name>
         <load_address>0xe148</load_address>
         <run_address>0xe148</run_address>
         <size>0x54</size>
         <input_file_ref idref="fl-34"/>
      </object_component>
      <object_component id="oc-31a">
         <name>.text:_pconv_f</name>
         <load_address>0xe19c</load_address>
         <run_address>0xe19c</run_address>
         <size>0x50</size>
         <input_file_ref idref="fl-2f"/>
      </object_component>
      <object_component id="oc-308">
         <name>.text:atoi</name>
         <load_address>0xe1ec</load_address>
         <run_address>0xe1ec</run_address>
         <size>0x50</size>
         <input_file_ref idref="fl-32"/>
      </object_component>
      <object_component id="oc-271">
         <name>.text</name>
         <load_address>0xe23c</load_address>
         <run_address>0xe23c</run_address>
         <size>0x50</size>
         <input_file_ref idref="fl-24"/>
      </object_component>
      <object_component id="oc-147">
         <name>.text:snprintf</name>
         <load_address>0xe28c</load_address>
         <run_address>0xe28c</run_address>
         <size>0x4c</size>
         <input_file_ref idref="fl-22"/>
      </object_component>
      <object_component id="oc-ff">
         <name>.text:__TI_auto_init_nobinit_nopinit:__TI_auto_init_nobinit_nopinit</name>
         <load_address>0xe2d8</load_address>
         <run_address>0xe2d8</run_address>
         <size>0x44</size>
         <input_file_ref idref="fl-26"/>
      </object_component>
      <object_component id="oc-3b9">
         <name>.text:_fcpy</name>
         <load_address>0xe31c</load_address>
         <run_address>0xe31c</run_address>
         <size>0x40</size>
         <input_file_ref idref="fl-2f"/>
      </object_component>
      <object_component id="oc-241">
         <name>.text:_outs</name>
         <load_address>0xe35c</load_address>
         <run_address>0xe35c</run_address>
         <size>0x30</size>
         <input_file_ref idref="fl-22"/>
      </object_component>
      <object_component id="oc-409">
         <name>.text:copysign</name>
         <load_address>0xe38c</load_address>
         <run_address>0xe38c</run_address>
         <size>0x1e</size>
         <input_file_ref idref="fl-3b"/>
      </object_component>
      <object_component id="oc-62">
         <name>.text:decompress:ZI:__TI_zero_init_nomemset:__TI_zero_init_nomemset</name>
         <load_address>0xe3aa</load_address>
         <run_address>0xe3aa</run_address>
         <size>0x1c</size>
         <input_file_ref idref="fl-28"/>
      </object_component>
      <object_component id="oc-32c">
         <name>.text:memccpy</name>
         <load_address>0xe3c6</load_address>
         <run_address>0xe3c6</run_address>
         <size>0x1c</size>
         <input_file_ref idref="fl-35"/>
      </object_component>
      <object_component id="oc-247">
         <name>.text:_outc</name>
         <load_address>0xe3e2</load_address>
         <run_address>0xe3e2</run_address>
         <size>0x18</size>
         <input_file_ref idref="fl-22"/>
      </object_component>
      <object_component id="oc-276">
         <name>.text:strcmp</name>
         <load_address>0xe3fa</load_address>
         <run_address>0xe3fa</run_address>
         <size>0x18</size>
         <input_file_ref idref="fl-2d"/>
      </object_component>
      <object_component id="oc-3cd">
         <name>.text:strchr</name>
         <load_address>0xe412</load_address>
         <run_address>0xe412</run_address>
         <size>0x16</size>
         <input_file_ref idref="fl-36"/>
      </object_component>
      <object_component id="oc-25e">
         <name>.text:strlen</name>
         <load_address>0xe428</load_address>
         <run_address>0xe428</run_address>
         <size>0x16</size>
         <input_file_ref idref="fl-2e"/>
      </object_component>
      <object_component id="oc-332">
         <name>.text:wcslen</name>
         <load_address>0xe43e</load_address>
         <run_address>0xe43e</run_address>
         <size>0x12</size>
         <input_file_ref idref="fl-38"/>
      </object_component>
      <object_component id="oc-12">
         <name>.text:decompress:none:__TI_decompress_none</name>
         <load_address>0xe450</load_address>
         <run_address>0xe450</run_address>
         <size>0xe</size>
         <input_file_ref idref="fl-29"/>
      </object_component>
      <object_component id="oc-338">
         <name>.text:__aeabi_errno_addr</name>
         <load_address>0xe460</load_address>
         <run_address>0xe460</run_address>
         <size>0x8</size>
         <input_file_ref idref="fl-37"/>
      </object_component>
      <object_component id="oc-17a">
         <name>.text:abort:abort</name>
         <load_address>0xe468</load_address>
         <run_address>0xe468</run_address>
         <size>0x4</size>
         <input_file_ref idref="fl-2b"/>
      </object_component>
      <object_component id="oc-39">
         <name>.text:retain</name>
         <load_address>0xe46c</load_address>
         <run_address>0xe46c</run_address>
         <size>0x4</size>
         <input_file_ref idref="fl-15"/>
      </object_component>
      <object_component id="oc-79">
         <name>.text</name>
         <load_address>0xe470</load_address>
         <run_address>0xe470</run_address>
         <size>0x4</size>
         <input_file_ref idref="fl-19"/>
      </object_component>
      <object_component id="oc-266">
         <name>.const:crc16_table</name>
         <load_address>0xe474</load_address>
         <run_address>0xe474</run_address>
         <size>0x200</size>
         <input_file_ref idref="fl-c"/>
      </object_component>
      <object_component id="oc-25">
         <name>.const:s_vim_init</name>
         <load_address>0xe674</load_address>
         <run_address>0xe674</run_address>
         <size>0x200</size>
         <input_file_ref idref="fl-1a"/>
      </object_component>
      <object_component id="oc-395">
         <name>.const:.string:_ctypes_</name>
         <load_address>0xe874</load_address>
         <run_address>0xe874</run_address>
         <size>0x101</size>
         <input_file_ref idref="fl-33"/>
      </object_component>
      <object_component id="oc-231">
         <name>.const:s_canByteOrder</name>
         <load_address>0xe978</load_address>
         <run_address>0xe978</run_address>
         <size>0x20</size>
         <input_file_ref idref="fl-4"/>
      </object_component>
      <object_component id="oc-45a">
         <name>.cinit..data.load</name>
         <load_address>0xe998</load_address>
         <run_address>0xe998</run_address>
         <size>0x2b</size>
      </object_component>
      <object_component id="oc-457">
         <name>__TI_handler_table</name>
         <load_address>0xe9c4</load_address>
         <run_address>0xe9c4</run_address>
         <size>0xc</size>
      </object_component>
      <object_component id="oc-459">
         <name>.cinit..bss.load</name>
         <load_address>0xe9d0</load_address>
         <run_address>0xe9d0</run_address>
         <size>0x8</size>
      </object_component>
      <object_component id="oc-458">
         <name>__TI_cinit_table</name>
         <load_address>0xe9d8</load_address>
         <run_address>0xe9d8</run_address>
         <size>0x10</size>
      </object_component>
      <object_component id="oc-269">
         <name>.bss</name>
         <uninitialized>true</uninitialized>
         <run_address>0x8001820</run_address>
         <size>0x4</size>
         <input_file_ref idref="fl-c"/>
      </object_component>
      <object_component id="oc-aa">
         <name>.bss:g_sciTransfer_t</name>
         <uninitialized>true</uninitialized>
         <run_address>0x80017f8</run_address>
         <size>0x28</size>
         <input_file_ref idref="fl-e"/>
      </object_component>
      <object_component id="oc-15f">
         <name>.bss</name>
         <uninitialized>true</uninitialized>
         <run_address>0x8001830</run_address>
         <size>0x1</size>
         <input_file_ref idref="fl-12"/>
      </object_component>
      <object_component id="oc-27c">
         <name>.bss</name>
         <uninitialized>true</uninitialized>
         <run_address>0x8001831</run_address>
         <size>0x1</size>
         <input_file_ref idref="fl-1c"/>
      </object_component>
      <object_component id="oc-27f">
         <name>.bss:charbuf</name>
         <uninitialized>true</uninitialized>
         <run_address>0x800173c</run_address>
         <size>0x64</size>
         <input_file_ref idref="fl-1c"/>
      </object_component>
      <object_component id="oc-169">
         <name>.common:nSent</name>
         <uninitialized>true</uninitialized>
         <run_address>0x800182c</run_address>
         <size>0x4</size>
      </object_component>
      <object_component id="oc-16a">
         <name>.common:nRead</name>
         <uninitialized>true</uninitialized>
         <run_address>0x8001828</run_address>
         <size>0x4</size>
      </object_component>
      <object_component id="oc-168">
         <name>.common:nDev_ID</name>
         <uninitialized>true</uninitialized>
         <run_address>0x8001824</run_address>
         <size>0x4</size>
      </object_component>
      <object_component id="oc-162">
         <name>.common:CHARGING_FLAG</name>
         <uninitialized>true</uninitialized>
         <run_address>0x8001832</run_address>
         <size>0x1</size>
      </object_component>
      <object_component id="oc-173">
         <name>.common:LED_Counter</name>
         <uninitialized>true</uninitialized>
         <run_address>0x8001833</run_address>
         <size>0x1</size>
      </object_component>
      <object_component id="oc-172">
         <name>.common:SingleSlaveReading</name>
         <uninitialized>true</uninitialized>
         <run_address>0x80017cc</run_address>
         <size>0x2c</size>
      </object_component>
      <object_component id="oc-16b">
         <name>.common:MultipleSlaveReading</name>
         <uninitialized>true</uninitialized>
         <run_address>0x80017a0</run_address>
         <size>0x2c</size>
      </object_component>
      <object_component id="oc-165">
         <name>.data</name>
         <load_address>0x8001708</load_address>
         <run_address>0x8001708</run_address>
         <size>0x18</size>
         <input_file_ref idref="fl-12"/>
      </object_component>
      <object_component id="oc-16c">
         <name>.data:BMS</name>
         <load_address>0x80016a8</load_address>
         <run_address>0x80016a8</run_address>
         <size>0x60</size>
         <input_file_ref idref="fl-12"/>
      </object_component>
      <object_component id="oc-16f">
         <name>.data:BMS_Voltages</name>
         <load_address>0x8001500</load_address>
         <run_address>0x8001500</run_address>
         <size>0x140</size>
         <input_file_ref idref="fl-12"/>
      </object_component>
      <object_component id="oc-282">
         <name>.data:testbuf</name>
         <load_address>0x8001720</load_address>
         <run_address>0x8001720</run_address>
         <size>0x18</size>
         <input_file_ref idref="fl-1c"/>
      </object_component>
      <object_component id="oc-285">
         <name>.data:testCommands</name>
         <load_address>0x8001640</load_address>
         <run_address>0x8001640</run_address>
         <size>0x68</size>
         <input_file_ref idref="fl-1c"/>
      </object_component>
      <object_component id="oc-3dd">
         <name>.data</name>
         <load_address>0x8001738</load_address>
         <run_address>0x8001738</run_address>
         <size>0x4</size>
         <input_file_ref idref="fl-37"/>
      </object_component>
      <object_component id="oc-265">
         <name>.debug_info</name>
         <load_address>0x0</load_address>
         <run_address>0x0</run_address>
         <size>0x34a</size>
         <input_file_ref idref="fl-2"/>
      </object_component>
      <object_component id="oc-151">
         <name>.debug_info</name>
         <load_address>0x34a</load_address>
         <run_address>0x34a</run_address>
         <size>0x320</size>
         <input_file_ref idref="fl-2"/>
      </object_component>
      <object_component id="oc-190">
         <name>.debug_info</name>
         <load_address>0x66a</load_address>
         <run_address>0x66a</run_address>
         <size>0x26b</size>
         <input_file_ref idref="fl-2"/>
      </object_component>
      <object_component id="oc-a1">
         <name>.debug_info</name>
         <load_address>0x8d5</load_address>
         <run_address>0x8d5</run_address>
         <size>0x157</size>
         <input_file_ref idref="fl-2"/>
      </object_component>
      <object_component id="oc-bb">
         <name>.debug_info</name>
         <load_address>0xa2c</load_address>
         <run_address>0xa2c</run_address>
         <size>0x8b</size>
         <input_file_ref idref="fl-2"/>
      </object_component>
      <object_component id="oc-2b3">
         <name>.debug_info</name>
         <load_address>0xab7</load_address>
         <run_address>0xab7</run_address>
         <size>0x297</size>
         <input_file_ref idref="fl-2"/>
      </object_component>
      <object_component id="oc-175">
         <name>.debug_info</name>
         <load_address>0xd4e</load_address>
         <run_address>0xd4e</run_address>
         <size>0xbb</size>
         <input_file_ref idref="fl-2"/>
      </object_component>
      <object_component id="oc-1c4">
         <name>.debug_info</name>
         <load_address>0xe09</load_address>
         <run_address>0xe09</run_address>
         <size>0x2c</size>
         <input_file_ref idref="fl-2"/>
      </object_component>
      <object_component id="oc-c0">
         <name>.debug_info</name>
         <load_address>0xe35</load_address>
         <run_address>0xe35</run_address>
         <size>0x86</size>
         <input_file_ref idref="fl-2"/>
      </object_component>
      <object_component id="oc-19f">
         <name>.debug_info</name>
         <load_address>0xebb</load_address>
         <run_address>0xebb</run_address>
         <size>0x1f9</size>
         <input_file_ref idref="fl-2"/>
      </object_component>
      <object_component id="oc-29e">
         <name>.debug_info</name>
         <load_address>0x10b4</load_address>
         <run_address>0x10b4</run_address>
         <size>0x243</size>
         <input_file_ref idref="fl-2"/>
      </object_component>
      <object_component id="oc-2d0">
         <name>.debug_info</name>
         <load_address>0x12f7</load_address>
         <run_address>0x12f7</run_address>
         <size>0x18e</size>
         <input_file_ref idref="fl-2"/>
      </object_component>
      <object_component id="oc-1bc">
         <name>.debug_info</name>
         <load_address>0x1485</load_address>
         <run_address>0x1485</run_address>
         <size>0x38c</size>
         <input_file_ref idref="fl-3"/>
      </object_component>
      <object_component id="oc-b6">
         <name>.debug_info</name>
         <load_address>0x1811</load_address>
         <run_address>0x1811</run_address>
         <size>0x18c</size>
         <input_file_ref idref="fl-3"/>
      </object_component>
      <object_component id="oc-2a8">
         <name>.debug_info</name>
         <load_address>0x199d</load_address>
         <run_address>0x199d</run_address>
         <size>0xcc</size>
         <input_file_ref idref="fl-3"/>
      </object_component>
      <object_component id="oc-259">
         <name>.debug_info</name>
         <load_address>0x1a69</load_address>
         <run_address>0x1a69</run_address>
         <size>0x2c</size>
         <input_file_ref idref="fl-3"/>
      </object_component>
      <object_component id="oc-19a">
         <name>.debug_info</name>
         <load_address>0x1a95</load_address>
         <run_address>0x1a95</run_address>
         <size>0x435</size>
         <input_file_ref idref="fl-3"/>
      </object_component>
      <object_component id="oc-1fe">
         <name>.debug_info</name>
         <load_address>0x1eca</load_address>
         <run_address>0x1eca</run_address>
         <size>0x551</size>
         <input_file_ref idref="fl-3"/>
      </object_component>
      <object_component id="oc-1a4">
         <name>.debug_info</name>
         <load_address>0x241b</load_address>
         <run_address>0x241b</run_address>
         <size>0x6a6</size>
         <input_file_ref idref="fl-3"/>
      </object_component>
      <object_component id="oc-1a9">
         <name>.debug_info</name>
         <load_address>0x2ac1</load_address>
         <run_address>0x2ac1</run_address>
         <size>0x13e</size>
         <input_file_ref idref="fl-3"/>
      </object_component>
      <object_component id="oc-1ae">
         <name>.debug_info</name>
         <load_address>0x2bff</load_address>
         <run_address>0x2bff</run_address>
         <size>0x2d0</size>
         <input_file_ref idref="fl-3"/>
      </object_component>
      <object_component id="oc-235">
         <name>.debug_info</name>
         <load_address>0x2ecf</load_address>
         <run_address>0x2ecf</run_address>
         <size>0x311</size>
         <input_file_ref idref="fl-4"/>
      </object_component>
      <object_component id="oc-232">
         <name>.debug_info</name>
         <load_address>0x31e0</load_address>
         <run_address>0x31e0</run_address>
         <size>0xe8</size>
         <input_file_ref idref="fl-4"/>
      </object_component>
      <object_component id="oc-145">
         <name>.debug_info</name>
         <load_address>0x32c8</load_address>
         <run_address>0x32c8</run_address>
         <size>0x13a7</size>
         <input_file_ref idref="fl-4"/>
      </object_component>
      <object_component id="oc-1e0">
         <name>.debug_info</name>
         <load_address>0x466f</load_address>
         <run_address>0x466f</run_address>
         <size>0x437</size>
         <input_file_ref idref="fl-4"/>
      </object_component>
      <object_component id="oc-236">
         <name>.debug_info</name>
         <load_address>0x4aa6</load_address>
         <run_address>0x4aa6</run_address>
         <size>0x15f</size>
         <input_file_ref idref="fl-4"/>
      </object_component>
      <object_component id="oc-b1">
         <name>.debug_info</name>
         <load_address>0x4c05</load_address>
         <run_address>0x4c05</run_address>
         <size>0xff</size>
         <input_file_ref idref="fl-5"/>
      </object_component>
      <object_component id="oc-1cc">
         <name>.debug_info</name>
         <load_address>0x4d04</load_address>
         <run_address>0x4d04</run_address>
         <size>0x2be</size>
         <input_file_ref idref="fl-6"/>
      </object_component>
      <object_component id="oc-75">
         <name>.debug_info</name>
         <load_address>0x4fc2</load_address>
         <run_address>0x4fc2</run_address>
         <size>0x63f</size>
         <input_file_ref idref="fl-6"/>
      </object_component>
      <object_component id="oc-51">
         <name>.debug_info</name>
         <load_address>0x5601</load_address>
         <run_address>0x5601</run_address>
         <size>0x84</size>
         <input_file_ref idref="fl-6"/>
      </object_component>
      <object_component id="oc-e3">
         <name>.debug_info</name>
         <load_address>0x5685</load_address>
         <run_address>0x5685</run_address>
         <size>0x9e7</size>
         <input_file_ref idref="fl-6"/>
      </object_component>
      <object_component id="oc-fe">
         <name>.debug_info</name>
         <load_address>0x606c</load_address>
         <run_address>0x606c</run_address>
         <size>0x316</size>
         <input_file_ref idref="fl-7"/>
      </object_component>
      <object_component id="oc-8c">
         <name>.debug_info</name>
         <load_address>0x6382</load_address>
         <run_address>0x6382</run_address>
         <size>0xb2b</size>
         <input_file_ref idref="fl-7"/>
      </object_component>
      <object_component id="oc-20">
         <name>.debug_info</name>
         <load_address>0x6ead</load_address>
         <run_address>0x6ead</run_address>
         <size>0x18b</size>
         <input_file_ref idref="fl-7"/>
      </object_component>
      <object_component id="oc-195">
         <name>.debug_info</name>
         <load_address>0x7038</load_address>
         <run_address>0x7038</run_address>
         <size>0x1de</size>
         <input_file_ref idref="fl-7"/>
      </object_component>
      <object_component id="oc-f9">
         <name>.debug_info</name>
         <load_address>0x7216</load_address>
         <run_address>0x7216</run_address>
         <size>0x129</size>
         <input_file_ref idref="fl-7"/>
      </object_component>
      <object_component id="oc-229">
         <name>.debug_info</name>
         <load_address>0x733f</load_address>
         <run_address>0x733f</run_address>
         <size>0x299</size>
         <input_file_ref idref="fl-8"/>
      </object_component>
      <object_component id="oc-136">
         <name>.debug_info</name>
         <load_address>0x75d8</load_address>
         <run_address>0x75d8</run_address>
         <size>0x6e3</size>
         <input_file_ref idref="fl-8"/>
      </object_component>
      <object_component id="oc-2fd">
         <name>.debug_info</name>
         <load_address>0x7cbb</load_address>
         <run_address>0x7cbb</run_address>
         <size>0x12a</size>
         <input_file_ref idref="fl-8"/>
      </object_component>
      <object_component id="oc-187">
         <name>.debug_info</name>
         <load_address>0x7de5</load_address>
         <run_address>0x7de5</run_address>
         <size>0x535</size>
         <input_file_ref idref="fl-9"/>
      </object_component>
      <object_component id="oc-9b">
         <name>.debug_info</name>
         <load_address>0x831a</load_address>
         <run_address>0x831a</run_address>
         <size>0xa89</size>
         <input_file_ref idref="fl-9"/>
      </object_component>
      <object_component id="oc-1d1">
         <name>.debug_info</name>
         <load_address>0x8da3</load_address>
         <run_address>0x8da3</run_address>
         <size>0x791</size>
         <input_file_ref idref="fl-9"/>
      </object_component>
      <object_component id="oc-1d6">
         <name>.debug_info</name>
         <load_address>0x9534</load_address>
         <run_address>0x9534</run_address>
         <size>0x4de</size>
         <input_file_ref idref="fl-9"/>
      </object_component>
      <object_component id="oc-1db">
         <name>.debug_info</name>
         <load_address>0x9a12</load_address>
         <run_address>0x9a12</run_address>
         <size>0x3ce</size>
         <input_file_ref idref="fl-9"/>
      </object_component>
      <object_component id="oc-28f">
         <name>.debug_info</name>
         <load_address>0x9de0</load_address>
         <run_address>0x9de0</run_address>
         <size>0x306</size>
         <input_file_ref idref="fl-9"/>
      </object_component>
      <object_component id="oc-2c4">
         <name>.debug_info</name>
         <load_address>0xa0e6</load_address>
         <run_address>0xa0e6</run_address>
         <size>0x7cd</size>
         <input_file_ref idref="fl-9"/>
      </object_component>
      <object_component id="oc-189">
         <name>.debug_info</name>
         <load_address>0xa8b3</load_address>
         <run_address>0xa8b3</run_address>
         <size>0x673</size>
         <input_file_ref idref="fl-9"/>
      </object_component>
      <object_component id="oc-368">
         <name>.debug_info</name>
         <load_address>0xaf26</load_address>
         <run_address>0xaf26</run_address>
         <size>0xed</size>
         <input_file_ref idref="fl-9"/>
      </object_component>
      <object_component id="oc-2a3">
         <name>.debug_info</name>
         <load_address>0xb013</load_address>
         <run_address>0xb013</run_address>
         <size>0x79</size>
         <input_file_ref idref="fl-9"/>
      </object_component>
      <object_component id="oc-20b">
         <name>.debug_info</name>
         <load_address>0xb08c</load_address>
         <run_address>0xb08c</run_address>
         <size>0x37b</size>
         <input_file_ref idref="fl-9"/>
      </object_component>
      <object_component id="oc-22b">
         <name>.debug_info</name>
         <load_address>0xb407</load_address>
         <run_address>0xb407</run_address>
         <size>0x1d4</size>
         <input_file_ref idref="fl-9"/>
      </object_component>
      <object_component id="oc-1e5">
         <name>.debug_info</name>
         <load_address>0xb5db</load_address>
         <run_address>0xb5db</run_address>
         <size>0x1ca</size>
         <input_file_ref idref="fl-9"/>
      </object_component>
      <object_component id="oc-1ea">
         <name>.debug_info</name>
         <load_address>0xb7a5</load_address>
         <run_address>0xb7a5</run_address>
         <size>0x3d3</size>
         <input_file_ref idref="fl-9"/>
      </object_component>
      <object_component id="oc-1f4">
         <name>.debug_info</name>
         <load_address>0xbb78</load_address>
         <run_address>0xbb78</run_address>
         <size>0x1de</size>
         <input_file_ref idref="fl-9"/>
      </object_component>
      <object_component id="oc-203">
         <name>.debug_info</name>
         <load_address>0xbd56</load_address>
         <run_address>0xbd56</run_address>
         <size>0x17a</size>
         <input_file_ref idref="fl-9"/>
      </object_component>
      <object_component id="oc-1ce">
         <name>.debug_info</name>
         <load_address>0xbed0</load_address>
         <run_address>0xbed0</run_address>
         <size>0x280</size>
         <input_file_ref idref="fl-b"/>
      </object_component>
      <object_component id="oc-ea">
         <name>.debug_info</name>
         <load_address>0xc150</load_address>
         <run_address>0xc150</run_address>
         <size>0x1e9</size>
         <input_file_ref idref="fl-b"/>
      </object_component>
      <object_component id="oc-1ef">
         <name>.debug_info</name>
         <load_address>0xc339</load_address>
         <run_address>0xc339</run_address>
         <size>0x508</size>
         <input_file_ref idref="fl-b"/>
      </object_component>
      <object_component id="oc-2db">
         <name>.debug_info</name>
         <load_address>0xc841</load_address>
         <run_address>0xc841</run_address>
         <size>0x43c</size>
         <input_file_ref idref="fl-b"/>
      </object_component>
      <object_component id="oc-270">
         <name>.debug_info</name>
         <load_address>0xcc7d</load_address>
         <run_address>0xcc7d</run_address>
         <size>0x5cd</size>
         <input_file_ref idref="fl-c"/>
      </object_component>
      <object_component id="oc-267">
         <name>.debug_info</name>
         <load_address>0xd24a</load_address>
         <run_address>0xd24a</run_address>
         <size>0xe6</size>
         <input_file_ref idref="fl-c"/>
      </object_component>
      <object_component id="oc-155">
         <name>.debug_info</name>
         <load_address>0xd330</load_address>
         <run_address>0xd330</run_address>
         <size>0xeb7</size>
         <input_file_ref idref="fl-c"/>
      </object_component>
      <object_component id="oc-294">
         <name>.debug_info</name>
         <load_address>0xe1e7</load_address>
         <run_address>0xe1e7</run_address>
         <size>0x148</size>
         <input_file_ref idref="fl-c"/>
      </object_component>
      <object_component id="oc-26b">
         <name>.debug_info</name>
         <load_address>0xe32f</load_address>
         <run_address>0xe32f</run_address>
         <size>0x46</size>
         <input_file_ref idref="fl-c"/>
      </object_component>
      <object_component id="oc-230">
         <name>.debug_info</name>
         <load_address>0xe375</load_address>
         <run_address>0xe375</run_address>
         <size>0x2e9</size>
         <input_file_ref idref="fl-d"/>
      </object_component>
      <object_component id="oc-13f">
         <name>.debug_info</name>
         <load_address>0xe65e</load_address>
         <run_address>0xe65e</run_address>
         <size>0xd27</size>
         <input_file_ref idref="fl-d"/>
      </object_component>
      <object_component id="oc-2a">
         <name>.debug_info</name>
         <load_address>0xf385</load_address>
         <run_address>0xf385</run_address>
         <size>0x1c6</size>
         <input_file_ref idref="fl-d"/>
      </object_component>
      <object_component id="oc-1ba">
         <name>.debug_info</name>
         <load_address>0xf54b</load_address>
         <run_address>0xf54b</run_address>
         <size>0x31b</size>
         <input_file_ref idref="fl-e"/>
      </object_component>
      <object_component id="oc-ab">
         <name>.debug_info</name>
         <load_address>0xf866</load_address>
         <run_address>0xf866</run_address>
         <size>0xea</size>
         <input_file_ref idref="fl-e"/>
      </object_component>
      <object_component id="oc-131">
         <name>.debug_info</name>
         <load_address>0xf950</load_address>
         <run_address>0xf950</run_address>
         <size>0xd05</size>
         <input_file_ref idref="fl-e"/>
      </object_component>
      <object_component id="oc-31">
         <name>.debug_info</name>
         <load_address>0x10655</load_address>
         <run_address>0x10655</run_address>
         <size>0x62c</size>
         <input_file_ref idref="fl-e"/>
      </object_component>
      <object_component id="oc-2cb">
         <name>.debug_info</name>
         <load_address>0x10c81</load_address>
         <run_address>0x10c81</run_address>
         <size>0x91</size>
         <input_file_ref idref="fl-e"/>
      </object_component>
      <object_component id="oc-6f">
         <name>.debug_info</name>
         <load_address>0x10d12</load_address>
         <run_address>0x10d12</run_address>
         <size>0x7f4</size>
         <input_file_ref idref="fl-f"/>
      </object_component>
      <object_component id="oc-36">
         <name>.debug_info</name>
         <load_address>0x11506</load_address>
         <run_address>0x11506</run_address>
         <size>0x107</size>
         <input_file_ref idref="fl-11"/>
      </object_component>
      <object_component id="oc-163">
         <name>.debug_info</name>
         <load_address>0x1160d</load_address>
         <run_address>0x1160d</run_address>
         <size>0x9ec</size>
         <input_file_ref idref="fl-12"/>
      </object_component>
      <object_component id="oc-166">
         <name>.debug_info</name>
         <load_address>0x11ff9</load_address>
         <run_address>0x11ff9</run_address>
         <size>0x209</size>
         <input_file_ref idref="fl-12"/>
      </object_component>
      <object_component id="oc-160">
         <name>.debug_info</name>
         <load_address>0x12202</load_address>
         <run_address>0x12202</run_address>
         <size>0xea</size>
         <input_file_ref idref="fl-12"/>
      </object_component>
      <object_component id="oc-16d">
         <name>.debug_info</name>
         <load_address>0x122ec</load_address>
         <run_address>0x122ec</run_address>
         <size>0xe3</size>
         <input_file_ref idref="fl-12"/>
      </object_component>
      <object_component id="oc-170">
         <name>.debug_info</name>
         <load_address>0x123cf</load_address>
         <run_address>0x123cf</run_address>
         <size>0xf5</size>
         <input_file_ref idref="fl-12"/>
      </object_component>
      <object_component id="oc-93">
         <name>.debug_info</name>
         <load_address>0x124c4</load_address>
         <run_address>0x124c4</run_address>
         <size>0x1938</size>
         <input_file_ref idref="fl-12"/>
      </object_component>
      <object_component id="oc-299">
         <name>.debug_info</name>
         <load_address>0x13dfc</load_address>
         <run_address>0x13dfc</run_address>
         <size>0x35</size>
         <input_file_ref idref="fl-12"/>
      </object_component>
      <object_component id="oc-2e0">
         <name>.debug_info</name>
         <load_address>0x13e31</load_address>
         <run_address>0x13e31</run_address>
         <size>0x29f</size>
         <input_file_ref idref="fl-14"/>
      </object_component>
      <object_component id="oc-37d">
         <name>.debug_info</name>
         <load_address>0x140d0</load_address>
         <run_address>0x140d0</run_address>
         <size>0x242</size>
         <input_file_ref idref="fl-14"/>
      </object_component>
      <object_component id="oc-1f9">
         <name>.debug_info</name>
         <load_address>0x14312</load_address>
         <run_address>0x14312</run_address>
         <size>0x2af</size>
         <input_file_ref idref="fl-14"/>
      </object_component>
      <object_component id="oc-3c">
         <name>.debug_info</name>
         <load_address>0x145c1</load_address>
         <run_address>0x145c1</run_address>
         <size>0x13c</size>
         <input_file_ref idref="fl-15"/>
      </object_component>
      <object_component id="oc-f2">
         <name>.debug_info</name>
         <load_address>0x146fd</load_address>
         <run_address>0x146fd</run_address>
         <size>0x366</size>
         <input_file_ref idref="fl-17"/>
      </object_component>
      <object_component id="oc-f7">
         <name>.debug_info</name>
         <load_address>0x14a63</load_address>
         <run_address>0x14a63</run_address>
         <size>0x66f</size>
         <input_file_ref idref="fl-18"/>
      </object_component>
      <object_component id="oc-86">
         <name>.debug_info</name>
         <load_address>0x150d2</load_address>
         <run_address>0x150d2</run_address>
         <size>0x2e8e</size>
         <input_file_ref idref="fl-18"/>
      </object_component>
      <object_component id="oc-1a">
         <name>.debug_info</name>
         <load_address>0x17f60</load_address>
         <run_address>0x17f60</run_address>
         <size>0x5e2</size>
         <input_file_ref idref="fl-19"/>
      </object_component>
      <object_component id="oc-7a">
         <name>.debug_info</name>
         <load_address>0x18542</load_address>
         <run_address>0x18542</run_address>
         <size>0x135</size>
         <input_file_ref idref="fl-19"/>
      </object_component>
      <object_component id="oc-a8">
         <name>.debug_info</name>
         <load_address>0x18677</load_address>
         <run_address>0x18677</run_address>
         <size>0x56f</size>
         <input_file_ref idref="fl-1a"/>
      </object_component>
      <object_component id="oc-26">
         <name>.debug_info</name>
         <load_address>0x18be6</load_address>
         <run_address>0x18be6</run_address>
         <size>0xe4</size>
         <input_file_ref idref="fl-1a"/>
      </object_component>
      <object_component id="oc-43">
         <name>.debug_info</name>
         <load_address>0x18cca</load_address>
         <run_address>0x18cca</run_address>
         <size>0x476</size>
         <input_file_ref idref="fl-1a"/>
      </object_component>
      <object_component id="oc-46">
         <name>.debug_info</name>
         <load_address>0x19140</load_address>
         <run_address>0x19140</run_address>
         <size>0x1ff</size>
         <input_file_ref idref="fl-1a"/>
      </object_component>
      <object_component id="oc-1b3">
         <name>.debug_info</name>
         <load_address>0x1933f</load_address>
         <run_address>0x1933f</run_address>
         <size>0x4f</size>
         <input_file_ref idref="fl-1a"/>
      </object_component>
      <object_component id="oc-f0">
         <name>.debug_info</name>
         <load_address>0x1938e</load_address>
         <run_address>0x1938e</run_address>
         <size>0x51c</size>
         <input_file_ref idref="fl-1b"/>
      </object_component>
      <object_component id="oc-80">
         <name>.debug_info</name>
         <load_address>0x198aa</load_address>
         <run_address>0x198aa</run_address>
         <size>0x7d9</size>
         <input_file_ref idref="fl-1b"/>
      </object_component>
      <object_component id="oc-289">
         <name>.debug_info</name>
         <load_address>0x1a083</load_address>
         <run_address>0x1a083</run_address>
         <size>0x3e4</size>
         <input_file_ref idref="fl-1c"/>
      </object_component>
      <object_component id="oc-27d">
         <name>.debug_info</name>
         <load_address>0x1a467</load_address>
         <run_address>0x1a467</run_address>
         <size>0xef</size>
         <input_file_ref idref="fl-1c"/>
      </object_component>
      <object_component id="oc-280">
         <name>.debug_info</name>
         <load_address>0x1a556</load_address>
         <run_address>0x1a556</run_address>
         <size>0xef</size>
         <input_file_ref idref="fl-1c"/>
      </object_component>
      <object_component id="oc-283">
         <name>.debug_info</name>
         <load_address>0x1a645</load_address>
         <run_address>0x1a645</run_address>
         <size>0xef</size>
         <input_file_ref idref="fl-1c"/>
      </object_component>
      <object_component id="oc-286">
         <name>.debug_info</name>
         <load_address>0x1a734</load_address>
         <run_address>0x1a734</run_address>
         <size>0xfa</size>
         <input_file_ref idref="fl-1c"/>
      </object_component>
      <object_component id="oc-15b">
         <name>.debug_info</name>
         <load_address>0x1a82e</load_address>
         <run_address>0x1a82e</run_address>
         <size>0x5ba</size>
         <input_file_ref idref="fl-1c"/>
      </object_component>
      <object_component id="oc-2fa">
         <name>.debug_info</name>
         <load_address>0x1ade8</load_address>
         <run_address>0x1ade8</run_address>
         <size>0x28e</size>
         <input_file_ref idref="fl-21"/>
      </object_component>
      <object_component id="oc-223">
         <name>.debug_info</name>
         <load_address>0x1b076</load_address>
         <run_address>0x1b076</run_address>
         <size>0x19f</size>
         <input_file_ref idref="fl-21"/>
      </object_component>
      <object_component id="oc-38e">
         <name>.debug_info</name>
         <load_address>0x1b215</load_address>
         <run_address>0x1b215</run_address>
         <size>0x46</size>
         <input_file_ref idref="fl-21"/>
      </object_component>
      <object_component id="oc-2f5">
         <name>.debug_info</name>
         <load_address>0x1b25b</load_address>
         <run_address>0x1b25b</run_address>
         <size>0x39</size>
         <input_file_ref idref="fl-21"/>
      </object_component>
      <object_component id="oc-24e">
         <name>.debug_info</name>
         <load_address>0x1b294</load_address>
         <run_address>0x1b294</run_address>
         <size>0x339</size>
         <input_file_ref idref="fl-22"/>
      </object_component>
      <object_component id="oc-148">
         <name>.debug_info</name>
         <load_address>0x1b5cd</load_address>
         <run_address>0x1b5cd</run_address>
         <size>0x1ed</size>
         <input_file_ref idref="fl-22"/>
      </object_component>
      <object_component id="oc-242">
         <name>.debug_info</name>
         <load_address>0x1b7ba</load_address>
         <run_address>0x1b7ba</run_address>
         <size>0x1c2</size>
         <input_file_ref idref="fl-22"/>
      </object_component>
      <object_component id="oc-24a">
         <name>.debug_info</name>
         <load_address>0x1b97c</load_address>
         <run_address>0x1b97c</run_address>
         <size>0x175</size>
         <input_file_ref idref="fl-22"/>
      </object_component>
      <object_component id="oc-24f">
         <name>.debug_info</name>
         <load_address>0x1baf1</load_address>
         <run_address>0x1baf1</run_address>
         <size>0x2c</size>
         <input_file_ref idref="fl-22"/>
      </object_component>
      <object_component id="oc-254">
         <name>.debug_info</name>
         <load_address>0x1bb1d</load_address>
         <run_address>0x1bb1d</run_address>
         <size>0x69</size>
         <input_file_ref idref="fl-22"/>
      </object_component>
      <object_component id="oc-57">
         <name>.debug_info</name>
         <load_address>0x1bb86</load_address>
         <run_address>0x1bb86</run_address>
         <size>0x118</size>
         <input_file_ref idref="fl-23"/>
      </object_component>
      <object_component id="oc-273">
         <name>.debug_info</name>
         <load_address>0x1bc9e</load_address>
         <run_address>0x1bc9e</run_address>
         <size>0x150</size>
         <input_file_ref idref="fl-24"/>
      </object_component>
      <object_component id="oc-de">
         <name>.debug_info</name>
         <load_address>0x1bdee</load_address>
         <run_address>0x1bdee</run_address>
         <size>0x146</size>
         <input_file_ref idref="fl-25"/>
      </object_component>
      <object_component id="oc-213">
         <name>.debug_info</name>
         <load_address>0x1bf34</load_address>
         <run_address>0x1bf34</run_address>
         <size>0x4b2</size>
         <input_file_ref idref="fl-26"/>
      </object_component>
      <object_component id="oc-100">
         <name>.debug_info</name>
         <load_address>0x1c3e6</load_address>
         <run_address>0x1c3e6</run_address>
         <size>0x1a5</size>
         <input_file_ref idref="fl-26"/>
      </object_component>
      <object_component id="oc-2e3">
         <name>.debug_info</name>
         <load_address>0x1c58b</load_address>
         <run_address>0x1c58b</run_address>
         <size>0x39</size>
         <input_file_ref idref="fl-26"/>
      </object_component>
      <object_component id="oc-382">
         <name>.debug_info</name>
         <load_address>0x1c5c4</load_address>
         <run_address>0x1c5c4</run_address>
         <size>0x39</size>
         <input_file_ref idref="fl-26"/>
      </object_component>
      <object_component id="oc-2e8">
         <name>.debug_info</name>
         <load_address>0x1c5fd</load_address>
         <run_address>0x1c5fd</run_address>
         <size>0x39</size>
         <input_file_ref idref="fl-26"/>
      </object_component>
      <object_component id="oc-2ed">
         <name>.debug_info</name>
         <load_address>0x1c636</load_address>
         <run_address>0x1c636</run_address>
         <size>0xcd</size>
         <input_file_ref idref="fl-26"/>
      </object_component>
      <object_component id="oc-da">
         <name>.debug_info</name>
         <load_address>0x1c703</load_address>
         <run_address>0x1c703</run_address>
         <size>0x2d3</size>
         <input_file_ref idref="fl-28"/>
      </object_component>
      <object_component id="oc-65">
         <name>.debug_info</name>
         <load_address>0x1c9d6</load_address>
         <run_address>0x1c9d6</run_address>
         <size>0x1d1</size>
         <input_file_ref idref="fl-28"/>
      </object_component>
      <object_component id="oc-d5">
         <name>.debug_info</name>
         <load_address>0x1cba7</load_address>
         <run_address>0x1cba7</run_address>
         <size>0x46</size>
         <input_file_ref idref="fl-28"/>
      </object_component>
      <object_component id="oc-61">
         <name>.debug_info</name>
         <load_address>0x1cbed</load_address>
         <run_address>0x1cbed</run_address>
         <size>0x2a2</size>
         <input_file_ref idref="fl-29"/>
      </object_component>
      <object_component id="oc-13">
         <name>.debug_info</name>
         <load_address>0x1ce8f</load_address>
         <run_address>0x1ce8f</run_address>
         <size>0x1d4</size>
         <input_file_ref idref="fl-29"/>
      </object_component>
      <object_component id="oc-5c">
         <name>.debug_info</name>
         <load_address>0x1d063</load_address>
         <run_address>0x1d063</run_address>
         <size>0x46</size>
         <input_file_ref idref="fl-29"/>
      </object_component>
      <object_component id="oc-cd">
         <name>.debug_info</name>
         <load_address>0x1d0a9</load_address>
         <run_address>0x1d0a9</run_address>
         <size>0x2c</size>
         <input_file_ref idref="fl-29"/>
      </object_component>
      <object_component id="oc-cb">
         <name>.debug_info</name>
         <load_address>0x1d0d5</load_address>
         <run_address>0x1d0d5</run_address>
         <size>0x29d</size>
         <input_file_ref idref="fl-2a"/>
      </object_component>
      <object_component id="oc-f">
         <name>.debug_info</name>
         <load_address>0x1d372</load_address>
         <run_address>0x1d372</run_address>
         <size>0x24f</size>
         <input_file_ref idref="fl-2a"/>
      </object_component>
      <object_component id="oc-4c">
         <name>.debug_info</name>
         <load_address>0x1d5c1</load_address>
         <run_address>0x1d5c1</run_address>
         <size>0x60</size>
         <input_file_ref idref="fl-2a"/>
      </object_component>
      <object_component id="oc-1bd">
         <name>.debug_info</name>
         <load_address>0x1d621</load_address>
         <run_address>0x1d621</run_address>
         <size>0x46</size>
         <input_file_ref idref="fl-2a"/>
      </object_component>
      <object_component id="oc-c6">
         <name>.debug_info</name>
         <load_address>0x1d667</load_address>
         <run_address>0x1d667</run_address>
         <size>0x39</size>
         <input_file_ref idref="fl-2a"/>
      </object_component>
      <object_component id="oc-17c">
         <name>.debug_info</name>
         <load_address>0x1d6a0</load_address>
         <run_address>0x1d6a0</run_address>
         <size>0x121</size>
         <input_file_ref idref="fl-2b"/>
      </object_component>
      <object_component id="oc-35d">
         <name>.debug_info</name>
         <load_address>0x1d7c1</load_address>
         <run_address>0x1d7c1</run_address>
         <size>0x289</size>
         <input_file_ref idref="fl-2d"/>
      </object_component>
      <object_component id="oc-279">
         <name>.debug_info</name>
         <load_address>0x1da4a</load_address>
         <run_address>0x1da4a</run_address>
         <size>0x26e</size>
         <input_file_ref idref="fl-2d"/>
      </object_component>
      <object_component id="oc-34f">
         <name>.debug_info</name>
         <load_address>0x1dcb8</load_address>
         <run_address>0x1dcb8</run_address>
         <size>0x28e</size>
         <input_file_ref idref="fl-2e"/>
      </object_component>
      <object_component id="oc-25f">
         <name>.debug_info</name>
         <load_address>0x1df46</load_address>
         <run_address>0x1df46</run_address>
         <size>0x240</size>
         <input_file_ref idref="fl-2e"/>
      </object_component>
      <object_component id="oc-33f">
         <name>.debug_info</name>
         <load_address>0x1e186</load_address>
         <run_address>0x1e186</run_address>
         <size>0x57f</size>
         <input_file_ref idref="fl-2f"/>
      </object_component>
      <object_component id="oc-310">
         <name>.debug_info</name>
         <load_address>0x1e705</load_address>
         <run_address>0x1e705</run_address>
         <size>0x218</size>
         <input_file_ref idref="fl-2f"/>
      </object_component>
      <object_component id="oc-3a7">
         <name>.debug_info</name>
         <load_address>0x1e91d</load_address>
         <run_address>0x1e91d</run_address>
         <size>0x1b2</size>
         <input_file_ref idref="fl-2f"/>
      </object_component>
      <object_component id="oc-3ad">
         <name>.debug_info</name>
         <load_address>0x1eacf</load_address>
         <run_address>0x1eacf</run_address>
         <size>0x21a</size>
         <input_file_ref idref="fl-2f"/>
      </object_component>
      <object_component id="oc-315">
         <name>.debug_info</name>
         <load_address>0x1ece9</load_address>
         <run_address>0x1ece9</run_address>
         <size>0x2c3</size>
         <input_file_ref idref="fl-2f"/>
      </object_component>
      <object_component id="oc-3b5">
         <name>.debug_info</name>
         <load_address>0x1efac</load_address>
         <run_address>0x1efac</run_address>
         <size>0x223</size>
         <input_file_ref idref="fl-2f"/>
      </object_component>
      <object_component id="oc-3ba">
         <name>.debug_info</name>
         <load_address>0x1f1cf</load_address>
         <run_address>0x1f1cf</run_address>
         <size>0x214</size>
         <input_file_ref idref="fl-2f"/>
      </object_component>
      <object_component id="oc-31b">
         <name>.debug_info</name>
         <load_address>0x1f3e3</load_address>
         <run_address>0x1f3e3</run_address>
         <size>0x214</size>
         <input_file_ref idref="fl-2f"/>
      </object_component>
      <object_component id="oc-321">
         <name>.debug_info</name>
         <load_address>0x1f5f7</load_address>
         <run_address>0x1f5f7</run_address>
         <size>0x23f</size>
         <input_file_ref idref="fl-2f"/>
      </object_component>
      <object_component id="oc-327">
         <name>.debug_info</name>
         <load_address>0x1f836</load_address>
         <run_address>0x1f836</run_address>
         <size>0x358</size>
         <input_file_ref idref="fl-2f"/>
      </object_component>
      <object_component id="oc-23d">
         <name>.debug_info</name>
         <load_address>0x1fb8e</load_address>
         <run_address>0x1fb8e</run_address>
         <size>0x5de</size>
         <input_file_ref idref="fl-2f"/>
      </object_component>
      <object_component id="oc-340">
         <name>.debug_info</name>
         <load_address>0x2016c</load_address>
         <run_address>0x2016c</run_address>
         <size>0x86</size>
         <input_file_ref idref="fl-2f"/>
      </object_component>
      <object_component id="oc-3e4">
         <name>.debug_info</name>
         <load_address>0x201f2</load_address>
         <run_address>0x201f2</run_address>
         <size>0x39</size>
         <input_file_ref idref="fl-2f"/>
      </object_component>
      <object_component id="oc-420">
         <name>.debug_info</name>
         <load_address>0x2022b</load_address>
         <run_address>0x2022b</run_address>
         <size>0xb6</size>
         <input_file_ref idref="fl-2f"/>
      </object_component>
      <object_component id="oc-3e9">
         <name>.debug_info</name>
         <load_address>0x202e1</load_address>
         <run_address>0x202e1</run_address>
         <size>0x46</size>
         <input_file_ref idref="fl-2f"/>
      </object_component>
      <object_component id="oc-345">
         <name>.debug_info</name>
         <load_address>0x20327</load_address>
         <run_address>0x20327</run_address>
         <size>0x46</size>
         <input_file_ref idref="fl-2f"/>
      </object_component>
      <object_component id="oc-359">
         <name>.debug_info</name>
         <load_address>0x2036d</load_address>
         <run_address>0x2036d</run_address>
         <size>0x114</size>
         <input_file_ref idref="fl-30"/>
      </object_component>
      <object_component id="oc-39c">
         <name>.debug_info</name>
         <load_address>0x20481</load_address>
         <run_address>0x20481</run_address>
         <size>0x189</size>
         <input_file_ref idref="fl-31"/>
      </object_component>
      <object_component id="oc-399">
         <name>.debug_info</name>
         <load_address>0x2060a</load_address>
         <run_address>0x2060a</run_address>
         <size>0x2b8</size>
         <input_file_ref idref="fl-32"/>
      </object_component>
      <object_component id="oc-30a">
         <name>.debug_info</name>
         <load_address>0x208c2</load_address>
         <run_address>0x208c2</run_address>
         <size>0x17b</size>
         <input_file_ref idref="fl-32"/>
      </object_component>
      <object_component id="oc-3f8">
         <name>.debug_info</name>
         <load_address>0x20a3d</load_address>
         <run_address>0x20a3d</run_address>
         <size>0xf8</size>
         <input_file_ref idref="fl-33"/>
      </object_component>
      <object_component id="oc-396">
         <name>.debug_info</name>
         <load_address>0x20b35</load_address>
         <run_address>0x20b35</run_address>
         <size>0x104</size>
         <input_file_ref idref="fl-33"/>
      </object_component>
      <object_component id="oc-3fd">
         <name>.debug_info</name>
         <load_address>0x20c39</load_address>
         <run_address>0x20c39</run_address>
         <size>0x29a</size>
         <input_file_ref idref="fl-34"/>
      </object_component>
      <object_component id="oc-3a1">
         <name>.debug_info</name>
         <load_address>0x20ed3</load_address>
         <run_address>0x20ed3</run_address>
         <size>0x1cc</size>
         <input_file_ref idref="fl-34"/>
      </object_component>
      <object_component id="oc-3d5">
         <name>.debug_info</name>
         <load_address>0x2109f</load_address>
         <run_address>0x2109f</run_address>
         <size>0x295</size>
         <input_file_ref idref="fl-35"/>
      </object_component>
      <object_component id="oc-32d">
         <name>.debug_info</name>
         <load_address>0x21334</load_address>
         <run_address>0x21334</run_address>
         <size>0x1b5</size>
         <input_file_ref idref="fl-35"/>
      </object_component>
      <object_component id="oc-412">
         <name>.debug_info</name>
         <load_address>0x214e9</load_address>
         <run_address>0x214e9</run_address>
         <size>0x299</size>
         <input_file_ref idref="fl-36"/>
      </object_component>
      <object_component id="oc-3ce">
         <name>.debug_info</name>
         <load_address>0x21782</load_address>
         <run_address>0x21782</run_address>
         <size>0x25d</size>
         <input_file_ref idref="fl-36"/>
      </object_component>
      <object_component id="oc-3e1">
         <name>.debug_info</name>
         <load_address>0x219df</load_address>
         <run_address>0x219df</run_address>
         <size>0x288</size>
         <input_file_ref idref="fl-37"/>
      </object_component>
      <object_component id="oc-3de">
         <name>.debug_info</name>
         <load_address>0x21c67</load_address>
         <run_address>0x21c67</run_address>
         <size>0x10d</size>
         <input_file_ref idref="fl-37"/>
      </object_component>
      <object_component id="oc-339">
         <name>.debug_info</name>
         <load_address>0x21d74</load_address>
         <run_address>0x21d74</run_address>
         <size>0x14d</size>
         <input_file_ref idref="fl-37"/>
      </object_component>
      <object_component id="oc-3dc">
         <name>.debug_info</name>
         <load_address>0x21ec1</load_address>
         <run_address>0x21ec1</run_address>
         <size>0x28e</size>
         <input_file_ref idref="fl-38"/>
      </object_component>
      <object_component id="oc-334">
         <name>.debug_info</name>
         <load_address>0x2214f</load_address>
         <run_address>0x2214f</run_address>
         <size>0x159</size>
         <input_file_ref idref="fl-38"/>
      </object_component>
      <object_component id="oc-415">
         <name>.debug_info</name>
         <load_address>0x222a8</load_address>
         <run_address>0x222a8</run_address>
         <size>0x46</size>
         <input_file_ref idref="fl-38"/>
      </object_component>
      <object_component id="oc-3d7">
         <name>.debug_info</name>
         <load_address>0x222ee</load_address>
         <run_address>0x222ee</run_address>
         <size>0x39</size>
         <input_file_ref idref="fl-38"/>
      </object_component>
      <object_component id="oc-403">
         <name>.debug_info</name>
         <load_address>0x22327</load_address>
         <run_address>0x22327</run_address>
         <size>0x299</size>
         <input_file_ref idref="fl-39"/>
      </object_component>
      <object_component id="oc-3c2">
         <name>.debug_info</name>
         <load_address>0x225c0</load_address>
         <run_address>0x225c0</run_address>
         <size>0x18d</size>
         <input_file_ref idref="fl-39"/>
      </object_component>
      <object_component id="oc-42b">
         <name>.debug_info</name>
         <load_address>0x2274d</load_address>
         <run_address>0x2274d</run_address>
         <size>0x39</size>
         <input_file_ref idref="fl-39"/>
      </object_component>
      <object_component id="oc-404">
         <name>.debug_info</name>
         <load_address>0x22786</load_address>
         <run_address>0x22786</run_address>
         <size>0x2c</size>
         <input_file_ref idref="fl-39"/>
      </object_component>
      <object_component id="oc-410">
         <name>.debug_info</name>
         <load_address>0x227b2</load_address>
         <run_address>0x227b2</run_address>
         <size>0x2fc</size>
         <input_file_ref idref="fl-3a"/>
      </object_component>
      <object_component id="oc-3c9">
         <name>.debug_info</name>
         <load_address>0x22aae</load_address>
         <run_address>0x22aae</run_address>
         <size>0x1ac</size>
         <input_file_ref idref="fl-3a"/>
      </object_component>
      <object_component id="oc-40b">
         <name>.debug_info</name>
         <load_address>0x22c5a</load_address>
         <run_address>0x22c5a</run_address>
         <size>0x160</size>
         <input_file_ref idref="fl-3b"/>
[...]
      <symbol id="sm-845">
         <name>pbistSelfCheck</name>
         <value>0x2cc</value>
         <object_component_ref idref="oc-85"/>
      </symbol>
      <symbol id="sm-846">
         <name>fmcBus1ParityCheck</name>
         <value>0x22c4</value>
         <object_component_ref idref="oc-85"/>
      </symbol>
      <symbol id="sm-847">
         <name>can1ParityCheck</name>
         <value>0x1410</value>
         <object_component_ref idref="oc-85"/>
      </symbol>
      <symbol id="sm-848">
         <name>enableParity</name>
         <value>0x2ad0</value>
         <object_component_ref idref="oc-85"/>
      </symbol>
      <symbol id="sm-849">
         <name>dmaParityCheck</name>
         <value>0xeac</value>
         <object_component_ref idref="oc-85"/>
      </symbol>
      <symbol id="sm-84a">
         <name>custom_dabort</name>
         <value>0xdf4</value>
         <object_component_ref idref="oc-85"/>
      </symbol>
      <symbol id="sm-84b">
         <name>memoryInit</name>
         <value>0x174</value>
         <object_component_ref idref="oc-85"/>
      </symbol>
      <symbol id="sm-84c">
         <name>stcSelfCheck</name>
         <value>0x1b8</value>
         <object_component_ref idref="oc-85"/>
      </symbol>
      <symbol id="sm-84d">
         <name>efcGetConfigValue</name>
         <value>0x2660</value>
         <object_component_ref idref="oc-85"/>
      </symbol>
      <symbol id="sm-84e">
         <name>can2ParityCheck</name>
         <value>0x14e8</value>
         <object_component_ref idref="oc-85"/>
      </symbol>
      <symbol id="sm-84f">
         <name>het1ParityCheck</name>
         <value>0xf58</value>
         <object_component_ref idref="oc-85"/>
      </symbol>
      <symbol id="sm-850">
         <name>adc1ParityCheck</name>
         <value>0x126c</value>
         <object_component_ref idref="oc-85"/>
      </symbol>
      <symbol id="sm-851">
         <name>checkefcSelfTest</name>
         <value>0x7bc</value>
         <object_component_ref idref="oc-85"/>
      </symbol>
      <symbol id="sm-852">
         <name>checkRAMECC</name>
         <value>0x19d0</value>
         <object_component_ref idref="oc-85"/>
      </symbol>
      <symbol id="sm-853">
         <name>stcSelfCheckFail</name>
         <value>0xdf8</value>
         <object_component_ref idref="oc-85"/>
      </symbol>
      <symbol id="sm-854">
         <name>ccmSelfCheck</name>
         <value>0x30</value>
         <object_component_ref idref="oc-85"/>
      </symbol>
      <symbol id="sm-855">
         <name>efcCheck</name>
         <value>0x660</value>
         <object_component_ref idref="oc-85"/>
      </symbol>
      <symbol id="sm-856">
         <name>het2ParityCheck</name>
         <value>0x10c0</value>
         <object_component_ref idref="oc-85"/>
      </symbol>
      <symbol id="sm-857">
         <name>adc2ParityCheck</name>
         <value>0x1358</value>
         <object_component_ref idref="oc-85"/>
      </symbol>
      <symbol id="sm-858">
         <name>cpuSelfTest</name>
         <value>0x234</value>
         <object_component_ref idref="oc-85"/>
      </symbol>
      <symbol id="sm-859">
         <name>htu1ParityCheck</name>
         <value>0x1004</value>
         <object_component_ref idref="oc-85"/>
      </symbol>
      <symbol id="sm-85a">
         <name>checkFlashECC</name>
         <value>0xd18</value>
         <object_component_ref idref="oc-85"/>
      </symbol>
      <symbol id="sm-85b">
         <name>cpuSelfTestFail</name>
         <value>0xdfc</value>
         <object_component_ref idref="oc-85"/>
      </symbol>
      <symbol id="sm-85c">
         <name>checkPLL1Slip</name>
         <value>0x1e8c</value>
         <object_component_ref idref="oc-85"/>
      </symbol>
      <symbol id="sm-85d">
         <name>mibspi1ParityCheck</name>
         <value>0x1684</value>
         <object_component_ref idref="oc-85"/>
      </symbol>
      <symbol id="sm-85e">
         <name>ccmr4GetConfigValue</name>
         <value>0x26fc</value>
         <object_component_ref idref="oc-85"/>
      </symbol>
      <symbol id="sm-85f">
         <name>htu2ParityCheck</name>
         <value>0x11bc</value>
         <object_component_ref idref="oc-85"/>
      </symbol>
      <symbol id="sm-860">
         <name>pbistPortTestStatus</name>
         <value>0x608</value>
         <object_component_ref idref="oc-85"/>
      </symbol>
      <symbol id="sm-861">
         <name>checkFlashEEPROMECC</name>
         <value>0x1cf4</value>
         <object_component_ref idref="oc-85"/>
      </symbol>
      <symbol id="sm-862">
         <name>pbistGetConfigValue</name>
         <value>0x2470</value>
         <object_component_ref idref="oc-85"/>
      </symbol>
      <symbol id="sm-863">
         <name>vimParityCheck</name>
         <value>0xe00</value>
         <object_component_ref idref="oc-85"/>
      </symbol>
      <symbol id="sm-864">
         <name>pbistIsTestCompleted</name>
         <value>0x5a8</value>
         <object_component_ref idref="oc-85"/>
      </symbol>
      <symbol id="sm-865">
         <name>disableParity</name>
         <value>0x2b58</value>
         <object_component_ref idref="oc-85"/>
      </symbol>
      <symbol id="sm-866">
         <name>pbistRun</name>
         <value>0x4ac</value>
         <object_component_ref idref="oc-85"/>
      </symbol>
      <symbol id="sm-867">
         <name>pbistFail</name>
         <value>0x23ec</value>
         <object_component_ref idref="oc-85"/>
      </symbol>
      <symbol id="sm-868">
         <name>selftestFailNotification</name>
         <value>0x20</value>
         <object_component_ref idref="oc-85"/>
      </symbol>
      <symbol id="sm-869">
         <name>errata_PBIST_4</name>
         <value>0x276c</value>
         <object_component_ref idref="oc-85"/>
      </symbol>
      <symbol id="sm-86a">
         <name>mibspi3ParityCheck</name>
         <value>0x178c</value>
         <object_component_ref idref="oc-85"/>
      </symbol>
      <symbol id="sm-86b">
         <name>efcSelfTest</name>
         <value>0x794</value>
         <object_component_ref idref="oc-85"/>
      </symbol>
      <symbol id="sm-86c">
         <name>checkB1RAMECC</name>
         <value>0xb28</value>
         <object_component_ref idref="oc-85"/>
      </symbol>
      <symbol id="sm-86d">
         <name>pbistStop</name>
         <value>0x578</value>
         <object_component_ref idref="oc-85"/>
      </symbol>
      <symbol id="sm-86e">
         <name>can3ParityCheck</name>
         <value>0x15b0</value>
         <object_component_ref idref="oc-85"/>
      </symbol>
      <symbol id="sm-86f">
         <name>checkRAMAddrParity</name>
         <value>0x2050</value>
         <object_component_ref idref="oc-85"/>
      </symbol>
      <symbol id="sm-870">
         <name>mibspi5ParityCheck</name>
         <value>0x18b0</value>
         <object_component_ref idref="oc-85"/>
      </symbol>
      <symbol id="sm-871">
         <name>checkB0RAMECC</name>
         <value>0x938</value>
         <object_component_ref idref="oc-85"/>
      </symbol>
      <symbol id="sm-872">
         <name>stcGetConfigValue</name>
         <value>0x25bc</value>
         <object_component_ref idref="oc-85"/>
      </symbol>
      <symbol id="sm-873">
         <name>pbistIsTestPassed</name>
         <value>0x5d4</value>
         <object_component_ref idref="oc-85"/>
      </symbol>
      <symbol id="sm-874">
         <name>checkClockMonitor</name>
         <value>0x1c18</value>
         <object_component_ref idref="oc-85"/>
      </symbol>
      <symbol id="sm-875">
         <name>fmcECCcheck</name>
         <value>0x898</value>
         <object_component_ref idref="oc-85"/>
      </symbol>
      <symbol id="sm-876">
         <name>fmcBus2Check</name>
         <value>0x85c</value>
         <object_component_ref idref="oc-85"/>
      </symbol>
      <symbol id="sm-877">
         <name>checkRAMUERRTest</name>
         <value>0x215c</value>
         <object_component_ref idref="oc-85"/>
      </symbol>
      <symbol id="sm-878">
         <name>efcStuckZeroTest</name>
         <value>0x6e8</value>
         <object_component_ref idref="oc-85"/>
      </symbol>
      <symbol id="sm-879">
         <name>checkPLL2Slip</name>
         <value>0x1f8c</value>
         <object_component_ref idref="oc-85"/>
      </symbol>
      <symbol id="sm-8ab">
         <name>_c_int00</name>
         <value>0xcc14</value>
         <object_component_ref idref="oc-19"/>
      </symbol>
      <symbol id="sm-8ac">
         <name>handlePLLLockFail</name>
         <value>0xe470</value>
         <object_component_ref idref="oc-79"/>
      </symbol>
      <symbol id="sm-95c">
         <name>vimChannelMap</name>
         <value>0x7df0</value>
         <object_component_ref idref="oc-40"/>
      </symbol>
      <symbol id="sm-95d">
         <name>vimInit</name>
         <value>0x7d1c</value>
         <object_component_ref idref="oc-40"/>
      </symbol>
      <symbol id="sm-95e">
         <name>vimEnableInterrupt</name>
         <value>0x7e94</value>
         <object_component_ref idref="oc-40"/>
      </symbol>
      <symbol id="sm-95f">
         <name>vimDisableInterrupt</name>
         <value>0x805c</value>
         <object_component_ref idref="oc-40"/>
      </symbol>
      <symbol id="sm-960">
         <name>vimGetConfigValue</name>
         <value>0x8108</value>
         <object_component_ref idref="oc-40"/>
      </symbol>
      <symbol id="sm-961">
         <name>vimParityErrorHandler</name>
         <value>0xc690</value>
         <object_component_ref idref="oc-3f"/>
      </symbol>
      <symbol id="sm-9bc">
         <name>systemGetConfigValue</name>
         <value>0x6a40</value>
         <object_component_ref idref="oc-7f"/>
      </symbol>
      <symbol id="sm-9bd">
         <name>trimLPO</name>
         <value>0x6714</value>
         <object_component_ref idref="oc-7f"/>
      </symbol>
      <symbol id="sm-9be">
         <name>systemInit</name>
         <value>0x6944</value>
         <object_component_ref idref="oc-7f"/>
      </symbol>
      <symbol id="sm-9bf">
         <name>customTrimLPO</name>
         <value>0x713c</value>
         <object_component_ref idref="oc-7f"/>
      </symbol>
      <symbol id="sm-9c0">
         <name>tcmflashGetConfigValue</name>
         <value>0x6e54</value>
         <object_component_ref idref="oc-7f"/>
      </symbol>
      <symbol id="sm-9c1">
         <name>sramGetConfigValue</name>
         <value>0x7000</value>
         <object_component_ref idref="oc-7f"/>
      </symbol>
      <symbol id="sm-9c2">
         <name>periphInit</name>
         <value>0x67c8</value>
         <object_component_ref idref="oc-7f"/>
      </symbol>
      <symbol id="sm-9c3">
         <name>setupFlash</name>
         <value>0x6788</value>
         <object_component_ref idref="oc-7f"/>
      </symbol>
      <symbol id="sm-9c4">
         <name>setupPLL</name>
         <value>0x66b4</value>
         <object_component_ref idref="oc-7f"/>
      </symbol>
      <symbol id="sm-9c5">
         <name>mapClocks</name>
         <value>0x681c</value>
         <object_component_ref idref="oc-7f"/>
      </symbol>
      <symbol id="sm-9c6">
         <name>systemPowerDown</name>
         <value>0x6a10</value>
         <object_component_ref idref="oc-7f"/>
      </symbol>
      <symbol id="sm-a0f">
         <name>echoChar</name>
         <value>0xcea4</value>
         <object_component_ref idref="oc-159"/>
      </symbol>
      <symbol id="sm-a10">
         <name>processChar</name>
         <value>0xcec8</value>
         <object_component_ref idref="oc-159"/>
      </symbol>
      <symbol id="sm-a11">
         <name>executeCommand</name>
         <value>0xcfc4</value>
         <object_component_ref idref="oc-159"/>
      </symbol>
      <symbol id="sm-a12">
         <name>getAllReadings</name>
         <value>0xd070</value>
         <object_component_ref idref="oc-159"/>
      </symbol>
      <symbol id="sm-a13">
         <name>pop_tb</name>
         <value>0xcf8c</value>
         <object_component_ref idref="oc-159"/>
      </symbol>
      <symbol id="sm-a14">
         <name>displayPrompt</name>
         <value>0xcfb4</value>
         <object_component_ref idref="oc-159"/>
      </symbol>
      <symbol id="sm-a15">
         <name>testCommands</name>
         <value>0x8001640</value>
         <object_component_ref idref="oc-285"/>
      </symbol>
      <symbol id="sm-a16">
         <name>push_tb</name>
         <value>0xcf3c</value>
         <object_component_ref idref="oc-159"/>
      </symbol>
      <symbol id="sm-a3c">
         <name>floorl</name>
         <value>0xdb01</value>
         <object_component_ref idref="oc-221"/>
      </symbol>
      <symbol id="sm-a3d">
         <name>floor</name>
         <value>0xdb01</value>
         <object_component_ref idref="oc-221"/>
      </symbol>
      <symbol id="sm-a6c">
         <name>snprintf</name>
         <value>0xe28d</value>
         <object_component_ref idref="oc-147"/>
      </symbol>
      <symbol id="sm-a87">
         <name>memcpy</name>
         <value>0xdd6f</value>
         <object_component_ref idref="oc-56"/>
      </symbol>
      <symbol id="sm-a88">
         <name>__aeabi_memcpy</name>
         <value>0xdd6f</value>
         <object_component_ref idref="oc-56"/>
      </symbol>
      <symbol id="sm-a89">
         <name>__aeabi_memcpy8</name>
         <value>0xdd6f</value>
         <object_component_ref idref="oc-56"/>
      </symbol>
      <symbol id="sm-a8a">
         <name>__aeabi_memcpy4</name>
         <value>0xdd6f</value>
         <object_component_ref idref="oc-56"/>
      </symbol>
      <symbol id="sm-a96">
         <name>__aeabi_uidivmod</name>
         <value>0xe23c</value>
         <object_component_ref idref="oc-271"/>
      </symbol>
      <symbol id="sm-a97">
         <name>__aeabi_uidiv</name>
         <value>0xe23c</value>
         <object_component_ref idref="oc-271"/>
      </symbol>
      <symbol id="sm-aa6">
         <name>__aeabi_memset</name>
         <value>0xdf9d</value>
         <object_component_ref idref="oc-db"/>
      </symbol>
      <symbol id="sm-aa7">
         <name>memset</name>
         <value>0xdfa3</value>
         <object_component_ref idref="oc-db"/>
      </symbol>
      <symbol id="sm-aa8">
         <name>__aeabi_memset8</name>
         <value>0xdf9d</value>
         <object_component_ref idref="oc-db"/>
      </symbol>
      <symbol id="sm-aa9">
         <name>__aeabi_memset4</name>
         <value>0xdf9d</value>
         <object_component_ref idref="oc-db"/>
      </symbol>
      <symbol id="sm-aaa">
         <name>__aeabi_memclr8</name>
         <value>0xdf9b</value>
         <object_component_ref idref="oc-db"/>
      </symbol>
      <symbol id="sm-aab">
         <name>__aeabi_memclr4</name>
         <value>0xdf9b</value>
         <object_component_ref idref="oc-db"/>
      </symbol>
      <symbol id="sm-aac">
         <name>__aeabi_memclr</name>
         <value>0xdf9b</value>
         <object_component_ref idref="oc-db"/>
      </symbol>
      <symbol id="sm-ad4">
         <name>__TI_auto_init_nobinit_nopinit</name>
         <value>0xe2d9</value>
         <object_component_ref idref="oc-ff"/>
      </symbol>
      <symbol id="sm-ae9">
         <name>__TI_zero_init_nomemset</name>
         <value>0xe3ab</value>
         <object_component_ref idref="oc-62"/>
      </symbol>
      <symbol id="sm-b00">
         <name>__TI_decompress_none</name>
         <value>0xe451</value>
         <object_component_ref idref="oc-12"/>
      </symbol>
      <symbol id="sm-b23">
         <name>__TI_decompress_lzss</name>
         <value>0xe089</value>
         <object_component_ref idref="oc-c"/>
      </symbol>
      <symbol id="sm-b2e">
         <name>C$$EXIT</name>
         <value>0xe469</value>
         <object_component_ref idref="oc-17a"/>
      </symbol>
      <symbol id="sm-b2f">
         <name>abort</name>
         <value>0xe469</value>
         <object_component_ref idref="oc-17a"/>
      </symbol>
      <symbol id="sm-b3f">
         <name>strcmp</name>
         <value>0xe3fb</value>
         <object_component_ref idref="oc-276"/>
      </symbol>
      <symbol id="sm-b4d">
         <name>strlen</name>
         <value>0xe429</value>
         <object_component_ref idref="oc-25e"/>
      </symbol>
      <symbol id="sm-ca4">
         <name>__TI_printfi</name>
         <value>0x8775</value>
         <object_component_ref idref="oc-23b"/>
      </symbol>
      <symbol id="sm-cae">
         <name>__aeabi_idiv0</name>
         <value>0x91bf</value>
         <object_component_ref idref="oc-356"/>
      </symbol>
      <symbol id="sm-caf">
         <name>__aeabi_ldiv0</name>
         <value>0x91bf</value>
         <object_component_ref idref="oc-356"/>
      </symbol>
      <symbol id="sm-ccb">
         <name>__aeabi_uldivmod</name>
         <value>0xc95c</value>
         <object_component_ref idref="oc-39a"/>
      </symbol>
      <symbol id="sm-ce0">
         <name>atoi</name>
         <value>0xe1ed</value>
         <object_component_ref idref="oc-308"/>
      </symbol>
      <symbol id="sm-ceb">
         <name>_ctypes_</name>
         <value>0xe874</value>
         <object_component_ref idref="oc-395"/>
      </symbol>
      <symbol id="sm-cfa">
         <name>ltoa</name>
         <value>0xe149</value>
         <object_component_ref idref="oc-3a0"/>
      </symbol>
      <symbol id="sm-d0a">
         <name>memccpy</name>
         <value>0xe3c7</value>
         <object_component_ref idref="oc-32c"/>
      </symbol>
      <symbol id="sm-d1a">
         <name>strchr</name>
         <value>0xe413</value>
         <object_component_ref idref="oc-3cd"/>
      </symbol>
      <symbol id="sm-d30">
         <name>__aeabi_errno_addr</name>
         <value>0xe461</value>
         <object_component_ref idref="oc-338"/>
      </symbol>
      <symbol id="sm-d31">
         <name>errno</name>
         <value>0x8001738</value>
         <object_component_ref idref="oc-3dd"/>
      </symbol>
      <symbol id="sm-d4a">
         <name>wcslen</name>
         <value>0xe43f</value>
         <object_component_ref idref="oc-332"/>
      </symbol>
      <symbol id="sm-d68">
         <name>frexpl</name>
         <value>0xe015</value>
         <object_component_ref idref="oc-3c1"/>
      </symbol>
      <symbol id="sm-d69">
         <name>frexp</name>
         <value>0xe015</value>
         <object_component_ref idref="oc-3c1"/>
      </symbol>
      <symbol id="sm-d86">
         <name>scalbn</name>
         <value>0xd929</value>
         <object_component_ref idref="oc-3c7"/>
      </symbol>
      <symbol id="sm-d87">
         <name>scalbnl</name>
         <value>0xd929</value>
         <object_component_ref idref="oc-3c7"/>
      </symbol>
      <symbol id="sm-d88">
         <name>ldexpl</name>
         <value>0xd929</value>
         <object_component_ref idref="oc-3c7"/>
      </symbol>
      <symbol id="sm-d89">
         <name>ldexp</name>
         <value>0xd929</value>
         <object_component_ref idref="oc-3c7"/>
      </symbol>
      <symbol id="sm-d93">
         <name>copysign</name>
         <value>0xe38d</value>
         <object_component_ref idref="oc-409"/>
      </symbol>
      <symbol id="sm-d94">
         <name>copysignl</name>
         <value>0xe38d</value>
         <object_component_ref idref="oc-409"/>
      </symbol>
      <symbol id="sm-d95">
         <name>__TI_static_base__</name>
         <value>0x0</value>
      </symbol>
      <symbol id="sm-d98">
         <name>SHT$$INIT_ARRAY$$Base</name>
         <value>0x0</value>
      </symbol>
      <symbol id="sm-d99">
         <name>SHT$$INIT_ARRAY$$Limit</name>
         <value>0x0</value>
      </symbol>
      <symbol id="sm-d9a">
         <name>_system_post_cinit</name>
         <value>0x0</value>
      </symbol>
   </symbol_table>
   <title>Link successful</title>
</link_info>
