******************************************************************************
                  TI ARM Linker PC v18.12.4                    
******************************************************************************
>> Linked Fri Apr 10 16:05:08 2020

OUTPUT FILE NAME:   <bms-1227-fw.out>
ENTRY POINT SYMBOL: "_c_int00"  address: 0000cc14


MEMORY CONFIGURATION

         name            origin    length      used     unused   attr    fill
----------------------  --------  ---------  --------  --------  ----  --------
  VECTORS               00000000   00000020  00000020  00000000     X
  FLASH0                00000020   0013ffe0  0000e9c8  00131618  R  X
  STACKS                08000000   00001500  00000000  00001500  RW  
  RAM                   08001500   0002eb00  00000334  0002e7cc  RW  


SEGMENT ALLOCATION MAP

run origin  load origin   length   init length attrs members
----------  ----------- ---------- ----------- ----- -------
00000000    00000000    0000e9e8   0000e9e8    r-x
  00000000    00000000    00000020   00000020    r-x .intvecs
  00000020    00000020    0000e454   0000e454    r-x .text
  0000e474    0000e474    00000524   00000524    r-- .const
  0000e998    0000e998    00000050   00000050    r-- .cinit
08001500    08001500    00000334   00000000    rw-
  08001500    08001500    0000023c   00000000    rw- .data
  0800173c    0800173c    000000f8   00000000    rw- .bss


SECTION ALLOCATION MAP

 output                                  attributes/
section   page    origin      length       input sections
--------  ----  ----------  ----------   ----------------
.intvecs   0    00000000    00000020     
                  00000000    00000020     sys_intvecs.obj (.intvecs)

.text      0    00000020    0000e454     
                  00000020    00002cdc     sys_selftest.obj (.text)
                  00002cfc    00002c7c     sys_main.obj (.text)
                  00005978    00000d3c     pl455.obj (.text)
                  000066b4    00000b64     system.obj (.text)
                  00007218    00000b04     can.obj (.text)
                  00007d1c    00000a58     sys_vim.obj (.text)
                  00008774    00000a4a     rtsv7R4_T_be_v3D16_eabi.lib : _printfi.c.obj (.text:__TI_printfi)
                  000091be    00000002                                 : div0.asm.obj (.text)
                  000091c0    00000a2c     sci.obj (.text)
                  00009bec    000008d4     pinmux.obj (.text)
                  0000a4c0    000007a8     sci.obj (.text:retain)
                  0000ac68    00000664     errata_SSWF021_45.obj (.text)
                  0000b2cc    00000638     rti.obj (.text)
                  0000b904    000005bc     esm.obj (.text)
                  0000bec0    00000484     gio.obj (.text)
                  0000c344    0000034c     sys_core.obj (.text)
                  0000c690    000002cc     sys_vim.obj (.text:retain)
                  0000c95c    000002b8     rtsv7R4_T_be_v3D16_eabi.lib : ull_div32.asm.obj (.text)
                  0000cc14    00000290     sys_startup.obj (.text:retain)
                  0000cea4    0000026c     testinterface.obj (.text)
                  0000d110    00000248     rtsv7R4_T_be_v3D16_eabi.lib : _printfi.c.obj (.text:_pconv_a)
                  0000d358    000001a0                                 : _printfi.c.obj (.text:_pconv_g)
                  0000d4f8    0000011c     notification.obj (.text)
                  0000d614    00000114     esm.obj (.text:retain)
                  0000d728    00000104     rtsv7R4_T_be_v3D16_eabi.lib : _printfi.c.obj (.text:_pconv_e)
                  0000d82c    000000fc                                 : _printfi.c.obj (.text:fcvt)
                  0000d928    000000f0                                 : s_scalbn.c.obj (.text:scalbn)
                  0000da18    000000e8     dabort.obj (.text)
                  0000db00    000000e0     rtsv7R4_T_be_v3D16_eabi.lib : s_floor.c.obj (.text:floor)
                  0000dbe0    000000e0     sys_pmu.obj (.text)
                  0000dcc0    000000ad     rtsv7R4_T_be_v3D16_eabi.lib : _printfi.c.obj (.text:_ltostr)
                  0000dd6d    00000001     --HOLE-- [fill = 0]
                  0000dd6e    0000009c                                 : memcpy_t2.asm.obj (.text)
                  0000de0a    00000002     --HOLE-- [fill = 0]
                  0000de0c    00000094     rti.obj (.text:retain)
                  0000dea0    00000080     Phantom_sci.obj (.text)
                  0000df20    0000007a     rtsv7R4_T_be_v3D16_eabi.lib : _printfi.c.obj (.text:_mcpy)
                  0000df9a    0000007a                                 : memset_t2.asm.obj (.text)
                  0000e014    00000074                                 : s_frexp.c.obj (.text:frexp)
                  0000e088    0000006c                                 : copy_decompress_lzss.c.obj (.text:decompress:lzss:__TI_decompress_lzss)
                  0000e0f4    00000054                                 : _printfi.c.obj (.text:_ecpy)
                  0000e148    00000054                                 : ltoa.c.obj (.text:ltoa)
                  0000e19c    00000050                                 : _printfi.c.obj (.text:_pconv_f)
                  0000e1ec    00000050                                 : atoi.c.obj (.text:atoi)
                  0000e23c    00000050                                 : u_div32.asm.obj (.text)
                  0000e28c    0000004c                                 : snprintf.c.obj (.text:snprintf)
                  0000e2d8    00000044                                 : autoinit.c.obj (.text:__TI_auto_init_nobinit_nopinit:__TI_auto_init_nobinit_nopinit)
                  0000e31c    00000040                                 : _printfi.c.obj (.text:_fcpy)
                  0000e35c    00000030                                 : snprintf.c.obj (.text:_outs)
                  0000e38c    0000001e                                 : s_copysign.c.obj (.text:copysign)
                  0000e3aa    0000001c                                 : copy_zero_init.c.obj (.text:decompress:ZI:__TI_zero_init_nomemset:__TI_zero_init_nomemset)
                  0000e3c6    0000001c                                 : memccpy.c.obj (.text:memccpy)
                  0000e3e2    00000018                                 : snprintf.c.obj (.text:_outc)
                  0000e3fa    00000018                                 : strcmp.c.obj (.text:strcmp)
                  0000e412    00000016                                 : strchr.c.obj (.text:strchr)
                  0000e428    00000016                                 : strlen.c.obj (.text:strlen)
                  0000e43e    00000012                                 : wcslen.c.obj (.text:wcslen)
                  0000e450    0000000e                                 : copy_decompress_none.c.obj (.text:decompress:none:__TI_decompress_none)
                  0000e45e    00000002     --HOLE-- [fill = 0]
                  0000e460    00000008                                 : errno.c.obj (.text:__aeabi_errno_addr)
                  0000e468    00000004                                 : exit.c.obj (.text:abort:abort)
                  0000e46c    00000004     sys_phantom.obj (.text:retain)
                  0000e470    00000004     sys_startup.obj (.text)

.const     0    0000e474    00000524     
                  0000e474    00000200     pl455.obj (.const:crc16_table)
                  0000e674    00000200     sys_vim.obj (.const:s_vim_init)
                  0000e874    00000101     rtsv7R4_T_be_v3D16_eabi.lib : ctype.c.obj (.const:.string:_ctypes_)
                  0000e975    00000003     --HOLE-- [fill = 0]
                  0000e978    00000020     can.obj (.const:s_canByteOrder)

.cinit     0    0000e998    00000050     
                  0000e998    0000002b     (.cinit..data.load) [load image, compression = lzss]
                  0000e9c3    00000001     --HOLE-- [fill = 0]
                  0000e9c4    0000000c     (__TI_handler_table)
                  0000e9d0    00000008     (.cinit..bss.load) [load image, compression = zero_init]
                  0000e9d8    00000010     (__TI_cinit_table)

.data      0    08001500    0000023c     UNINITIALIZED
                  08001500    00000140     sys_main.obj (.data:BMS_Voltages)
                  08001640    00000068     testinterface.obj (.data:testCommands)
                  080016a8    00000060     sys_main.obj (.data:BMS)
                  08001708    00000018     sys_main.obj (.data)
                  08001720    00000018     testinterface.obj (.data:testbuf)
                  08001738    00000004     rtsv7R4_T_be_v3D16_eabi.lib : errno.c.obj (.data)

.bss       0    0800173c    000000f8     UNINITIALIZED
                  0800173c    00000064     testinterface.obj (.bss:charbuf)
                  080017a0    0000002c     (.common:MultipleSlaveReading)
                  080017cc    0000002c     (.common:SingleSlaveReading)
                  080017f8    00000028     sci.obj (.bss:g_sciTransfer_t)
                  08001820    00000004     pl455.obj (.bss)
                  08001824    00000004     (.common:nDev_ID)
                  08001828    00000004     (.common:nRead)
                  0800182c    00000004     (.common:nSent)
                  08001830    00000001     sys_main.obj (.bss)
                  08001831    00000001     testinterface.obj (.bss)
                  08001832    00000001     (.common:CHARGING_FLAG)
                  08001833    00000001     (.common:LED_Counter)

MODULE SUMMARY

       Module                       code    ro data   rw data
       ------                       ----    -------   -------
    .\source\
       sys_main.obj                 11388   0         543    
       sys_selftest.obj             11484   0         0      
       sci.obj                      4564    0         40     
       pl455.obj                    3388    512       4      
       sys_vim.obj                  3364    512       0      
       system.obj                   2916    0         0      
       can.obj                      2820    32        0      
       pinmux.obj                   2260    0         0      
       esm.obj                      1744    0         0      
       rti.obj                      1740    0         0      
       errata_SSWF021_45.obj        1636    0         0      
       gio.obj                      1156    0         0      
       testinterface.obj            620     0         229    
       sys_core.obj                 844     0         0      
       sys_startup.obj              660     0         0      
       notification.obj             284     0         0      
       dabort.obj                   232     0         0      
       sys_pmu.obj                  224     0         0      
       Phantom_sci.obj              128     0         0      
       sys_intvecs.obj              32      0         0      
       sys_phantom.obj              4       0         0      
    +--+----------------------------+-------+---------+---------+
       Total:                       51488   1056      816    
                                                             
    C:/ti/ccs920/ccs/tools/compiler/ti-cgt-arm_18.12.4.LTS/lib/rtsv7R4_T_be_v3D16_eabi.lib
       _printfi.c.obj               4669    0         0      
       ull_div32.asm.obj            696     0         0      
       ctype.c.obj                  0       257       0      
       s_scalbn.c.obj               240     0         0      
       s_floor.c.obj                224     0         0      
       memcpy_t2.asm.obj            156     0         0      
       snprintf.c.obj               148     0         0      
       memset_t2.asm.obj            122     0         0      
       s_frexp.c.obj                116     0         0      
       copy_decompress_lzss.c.obj   108     0         0      
       ltoa.c.obj                   84      0         0      
       atoi.c.obj                   80      0         0      
       u_div32.asm.obj              80      0         0      
       autoinit.c.obj               68      0         0      
       s_copysign.c.obj             30      0         0      
       copy_zero_init.c.obj         28      0         0      
       memccpy.c.obj                28      0         0      
       strcmp.c.obj                 24      0         0      
       strchr.c.obj                 22      0         0      
       strlen.c.obj                 22      0         0      
       wcslen.c.obj                 18      0         0      
       copy_decompress_none.c.obj   14      0         0      
       errno.c.obj                  8       0         4      
       exit.c.obj                   4       0         0      
       div0.asm.obj                 2       0         0      
    +--+----------------------------+-------+---------+---------+
       Total:                       6991    257       4      
                                                             
       Linker Generated:            0       79        0      
    +--+----------------------------+-------+---------+---------+
       Grand Total:                 58479   1392      820    


LINKER GENERATED COPY TABLES

__TI_cinit_table @ 0000e9d8 records: 2, size/record: 8, table size: 16
	.data: load addr=0000e998, load size=0000002b bytes, run addr=08001500, run size=0000023c bytes, compression=lzss
	.bss: load addr=0000e9d0, load size=00000008 bytes, run addr=0800173c, run size=000000f8 bytes, compression=zero_init


LINKER GENERATED HANDLER TABLE

__TI_handler_table @ 0000e9c4 records: 3, size/record: 4, table size: 12
	index: 0, handler: __TI_zero_init
	index: 1, handler: __TI_decompress_lzss
	index: 2, handler: __TI_decompress_none


GLOBAL SYMBOLS: SORTED ALPHABETICALLY BY Name 

address   name                                
-------   ----                                
000064cc  B2SDWORD                            
00006520  B2SINT24                            
00006494  B2SWORD                             
080016a8  BMS                                 
00004ebc  BMS_Balance                         
000037c0  BMS_Read_All                        
00004060  BMS_Read_All_NP                     
00004500  BMS_Read_Single                     
00004ae4  BMS_Read_Single_NP                  
00003620  BMS_Slaves_Heartbeat                
08001500  BMS_Voltages                        
00002e0c  BMS_init                            
0000e469  C$$EXIT                             
08001832  CHARGING_FLAG                       
00006560  CRC16                               
00005978  CommClear                           
000059fc  CommReset                           
00005aa0  GetFaultStat                        
00005130  GetTimeout                          
0000b638  IsdwdKeySequenceCorrect             
08001833  LED_Counter                         
080017a0  MultipleSlaveReading                
0800171c  OverVoltageCount                    
0800170c  RTI_TIMEOUT                         
0000632c  ReadFrameReq                        
00006148  ReadReg                             
00005a6c  ResetPL455                          
08001718  SENSOR_READ_FLAG                    
UNDEFED   SHT$$INIT_ARRAY$$Base               
UNDEFED   SHT$$INIT_ARRAY$$Limit              
080017cc  SingleSlaveReading                  
0000360c  Thermistor_Read                     
0000ded0  UARTInit                            
0000dea0  UARTSend                            
08001708  UART_RX_RDY                         
0000def0  UARTprintf                          
0800171e  UnderVoltageCount                   
0000637c  WaitRespFrame                       
00005a70  WakePL455                           
00005fc8  WriteFrame                          
00005ac8  WriteReg                            
0000e9d8  __TI_CINIT_Base                     
0000e9e8  __TI_CINIT_Limit                    
0000e9c4  __TI_Handler_Table_Base             
0000e9d0  __TI_Handler_Table_Limit            
0000c688  __TI_PINIT_Base                     
0000c68c  __TI_PINIT_Limit                    
0000e2d9  __TI_auto_init_nobinit_nopinit      
0000e089  __TI_decompress_lzss                
0000e451  __TI_decompress_none                
ffffffff  __TI_pprof_out_hndl                 
00008775  __TI_printfi                        
ffffffff  __TI_prof_data_size                 
ffffffff  __TI_prof_data_start                
00000000  __TI_static_base__                  
0000e3ab  __TI_zero_init_nomemset             
0000e461  __aeabi_errno_addr                  
000091bf  __aeabi_idiv0                       
000091bf  __aeabi_ldiv0                       
0000df9b  __aeabi_memclr                      
0000df9b  __aeabi_memclr4                     
0000df9b  __aeabi_memclr8                     
0000dd6f  __aeabi_memcpy                      
0000dd6f  __aeabi_memcpy4                     
0000dd6f  __aeabi_memcpy8                     
0000df9d  __aeabi_memset                      
0000df9d  __aeabi_memset4                     
0000df9d  __aeabi_memset8                     
0000e23c  __aeabi_uidiv                       
0000e23c  __aeabi_uidivmod                    
0000c95c  __aeabi_uldivmod                    
ffffffff  __binit__                           
ffffffff  __c_args__                          
0000cc14  _c_int00                            
0000c5a0  _coreClearAuxiliaryDataFault_       
0000c5b4  _coreClearAuxiliaryInstructionFault_
0000c578  _coreClearDataFaultAddress_         
0000c550  _coreClearDataFault_                
0000c58c  _coreClearInstructionFaultAddress_  
0000c564  _coreClearInstructionFault_         
0000c4e4  _coreDisableEventBusExport_         
0000c528  _coreDisableFlashEcc_               
0000c504  _coreDisableRamEcc_                 
0000c4d4  _coreEnableEventBusExport_          
0000c514  _coreEnableFlashEcc_                
0000c538  _coreEnableIrqVicOffset_            
0000c4f4  _coreEnableRamEcc_                  
0000c4bc  _coreEnableVfp_                     
0000c598  _coreGetAuxiliaryDataFault_         
0000c5ac  _coreGetAuxiliaryInstructionFault_  
0000c570  _coreGetDataFaultAddress_           
0000c548  _coreGetDataFault_                  
0000c584  _coreGetInstructionFaultAddress_    
0000c55c  _coreGetInstructionFault_           
0000c344  _coreInitRegisters_                 
0000c450  _coreInitStackPointer_              
0000e874  _ctypes_                            
0000da18  _dabort                             
0000c5c8  _disable_FIQ_interrupt_             
0000c5d0  _disable_IRQ_interrupt_             
0000c5c0  _disable_interrupt_                 
0000c5d8  _enable_interrupt_                  
0000c668  _errata_CORTEXR4_57_                
0000c678  _errata_CORTEXR4_66_                
0000ac68  _errata_SSWF021_45_both_plls        
0000ae5c  _errata_SSWF021_45_pll1             
0000afd4  _errata_SSWF021_45_pll2             
0000c5e0  _esmCcmErrorsClear_                 
0000c49c  _getCPSRValue_                      
0000c4a4  _gotoCPUIdle_                       
0000dc3c  _pmuDisableCountersGlobal_          
0000dc2c  _pmuEnableCountersGlobal_           
0000dc98  _pmuGetCycleCount_                  
0000dca0  _pmuGetEventCount_                  
0000dcac  _pmuGetOverflow_                    
0000dbe0  _pmuInit_                           
0000dc6c  _pmuResetCounters_                  
0000dc4c  _pmuResetCycleCounter_              
0000dc5c  _pmuResetEventCounters_             
0000dc8c  _pmuSetCountEvent_                  
0000dc7c  _pmuStartCounters_                  
0000dc84  _pmuStopCounters_                   
UNDEFED   _system_post_cinit                  
0000e469  abort                               
0000126c  adc1ParityCheck                     
00001358  adc2ParityCheck                     
0000e1ed  atoi                                
ffffffff  binit                               
00007b50  can1GetConfigValue                  
00001410  can1ParityCheck                     
000014e8  can2ParityCheck                     
000015b0  can3ParityCheck                     
000079f0  canDisableErrorNotification         
000079d0  canDisableStatusChangeNotification  
00007a48  canDisableloopback                  
00007990  canEnableErrorNotification          
000079b0  canEnableStatusChangeNotification   
00007a10  canEnableloopback                   
0000d560  canErrorNotification                
00007738  canFillMessageObjectData            
00007460  canGetData                          
0000796c  canGetErrorLevel                    
000075b8  canGetID                            
00007948  canGetLastError                     
00007218  canInit                             
00007b34  canIoRxGetBit                       
00007a78  canIoSetDirection                   
00007ac8  canIoSetPort                        
00007b18  canIoTxGetBit                       
000078ec  canIsMessageBoxValid                
00007890  canIsRxMessageArrived               
00007834  canIsTxMessagePending               
00007698  canSendRemoteFrame                  
0000d574  canStatusChangeNotification         
00007364  canTransmit                         
00007620  canUpdateID                         
00000030  ccmSelfCheck                        
000026fc  ccmr4GetConfigValue                 
00000938  checkB0RAMECC                       
00000b28  checkB1RAMECC                       
00001c18  checkClockMonitor                   
00000d18  checkFlashECC                       
00001cf4  checkFlashEEPROMECC                 
00001e8c  checkPLL1Slip                       
00001f8c  checkPLL2Slip                       
00002050  checkRAMAddrParity                  
000019d0  checkRAMECC                         
0000215c  checkRAMUERRTest                    
000007bc  checkefcSelfTest                    
0000e38d  copysign                            
0000e38d  copysignl                           
00000234  cpuSelfTest                         
00000dfc  cpuSelfTestFail                     
0000e474  crc16_table                         
0000713c  customTrimLPO                       
00000df4  custom_dabort                       
000065f0  delayms                             
00006638  delayus                             
00002b58  disableParity                       
0000cfb4  displayPrompt                       
0000d5f4  dmaGroupANotification               
00000eac  dmaParityCheck                      
0000b6a0  dwdClearFlag                        
0000b5d4  dwdCounterEnable                    
0000b61c  dwdGenerateSysReset                 
0000b66c  dwdGetStatus                        
0000b6b0  dwdGetViolationStatus               
0000b558  dwdInit                             
0000b600  dwdReset                            
0000b5e4  dwdSetPreload                       
0000b5c8  dwwdGetCurrentDownCounter           
0000b580  dwwdInit                            
0000cea4  echoChar                            
00000660  efcCheck                            
00002660  efcGetConfigValue                   
00000794  efcSelfTest                         
000006e8  efcStuckZeroTest                    
00002ad0  enableParity                        
0000276c  errata_PBIST_4                      
08001738  errno                               
0000ba88  esmActivateNormalOperation          
0000bb5c  esmClearStatus                      
0000bb9c  esmClearStatusBuffer                
0000ba50  esmDisableError                     
0000bac0  esmDisableInterrupt                 
0000ba28  esmEnableError                      
0000ba98  esmEnableInterrupt                  
0000bc94  esmEnterSelfTest                    
0000ba0c  esmError                            
0000bd6c  esmGetConfigValue                   
0000bbd8  esmGetStatus                        
0000bc5c  esmGetStatusBuffer                  
0000d4f8  esmGroup1Notification               
0000d508  esmGroup2Notification               
0000d614  esmHighInterrupt                    
0000b904  esmInit                             
0000bd1c  esmSelfTestStatus                   
0000bbb8  esmSetCounterPreloadValue           
0000bae8  esmSetInterruptLevel                
0000ba78  esmTriggerErrorPinReset             
0000cfc4  executeCommand                      
0000db01  floor                               
0000db01  floorl                              
000022c4  fmcBus1ParityCheck                  
0000085c  fmcBus2Check                        
00000898  fmcECCcheck                         
0000e015  frexp                               
0000e015  frexpl                              
0000d070  getAllReadings                      
00005194  getCurrentReadings                  
0000c120  gioDisableNotification              
0000c0b8  gioEnableNotification               
0000c020  gioGetBit                           
0000c188  gioGetConfigValue                   
0000c048  gioGetPort                          
0000bec0  gioInit                             
0000d59c  gioNotification                     
0000bfb0  gioSetBit                           
0000bf90  gioSetDirection                     
0000c000  gioSetPort                          
0000c060  gioToggleBit                        
0000e470  handlePLLLockFail                   
00000f58  het1ParityCheck                     
000010c0  het2ParityCheck                     
00001004  htu1ParityCheck                     
000011bc  htu2ParityCheck                     
0000d929  ldexp                               
0000d929  ldexpl                              
0000aa30  linHighLevelInterrupt               
0000a860  linLowLevelInterrupt                
0000e149  ltoa                                
00002cfc  main                                
0000681c  mapClocks                           
0000e3c7  memccpy                             
0000dd6f  memcpy                              
00000174  memoryInit                          
0000d518  memoryPort0TestFailNotification     
0000d534  memoryPort1TestFailNotification     
0000dfa3  memset                              
00001684  mibspi1ParityCheck                  
0000178c  mibspi3ParityCheck                  
000018b0  mibspi5ParityCheck                  
00009bec  muxInit                             
08001824  nDev_ID                             
08001828  nRead                               
0800182c  nSent                               
08001710  nTopFound                           
000023ec  pbistFail                           
00002470  pbistGetConfigValue                 
000005a8  pbistIsTestCompleted                
000005d4  pbistIsTestPassed                   
00000608  pbistPortTestStatus                 
000004ac  pbistRun                            
000002cc  pbistSelfCheck                      
00000578  pbistStop                           
000067c8  periphInit                          
0000e46c  phantomInterrupt                    
0000a0a0  pinmuxGetConfigValue                
0000cf8c  pop_tb                              
0000cec8  processChar                         
0000cf3c  push_tb                             
00000000  resetEntry                          
0000de0c  rtiCompare1Interrupt                
0000de54  rtiCompare3Interrupt                
0000b760  rtiDisableNotification              
0000b738  rtiEnableNotification               
0000b77c  rtiGetConfigValue                   
0000b4cc  rtiGetCurrentTick                   
0000b4a4  rtiGetPeriod                        
0000b2cc  rtiInit                             
00004e48  rtiNotification                     
0000b418  rtiResetCounter                     
0000b47c  rtiSetPeriod                        
0000b3c0  rtiStartCounter                     
0000b3ec  rtiStopCounter                      
0000d929  scalbn                              
0000d929  scalbnl                             
00009770  sciDisableLoopback                  
000097fc  sciDisableNotification              
0000973c  sciEnableLoopback                   
00009794  sciEnableNotification               
00009864  sciEnterResetState                  
00009884  sciExitResetState                   
000098a4  sciGetConfigValue                   
0000a4c0  sciHighLevelInterrupt               
000091c0  sciInit                             
000095ec  sciIsIdleDetected                   
000095d0  sciIsRxReady                        
00009450  sciIsTxReady                        
0000a690  sciLowLevelInterrupt                
0000d5b0  sciNotification                     
00009664  sciReceive                          
00009638  sciReceiveByte                      
00009608  sciRxError                          
0000949c  sciSend                             
0000946c  sciSendByte                         
000093b4  sciSetBaudrate                      
00009394  sciSetFunctional                    
000099fc  scilinGetConfigValue                
00000020  selftestFailNotification            
00005118  setBMSTimerPeriod                   
00006788  setupFlash                          
000066b4  setupPLL                            
0000e28d  snprintf                            
00007000  sramGetConfigValue                  
000025bc  stcGetConfigValue                   
000001b8  stcSelfCheck                        
00000df8  stcSelfCheckFail                    
0000e413  strchr                              
0000e3fb  strcmp                              
0000e429  strlen                              
00006a40  systemGetConfigValue                
00006944  systemInit                          
00006a10  systemPowerDown                     
00006e54  tcmflashGetConfigValue              
08001640  testCommands                        
00006714  trimLPO                             
00007df0  vimChannelMap                       
0000805c  vimDisableInterrupt                 
00007e94  vimEnableInterrupt                  
00008108  vimGetConfigValue                   
00007d1c  vimInit                             
00000e00  vimParityCheck                      
0000c690  vimParityErrorHandler               
08001714  wTemp                               
0000e43f  wcslen                              


GLOBAL SYMBOLS: SORTED BY Symbol Address 

address   name                                
-------   ----                                
00000000  __TI_static_base__                  
00000000  resetEntry                          
00000020  selftestFailNotification            
00000030  ccmSelfCheck                        
00000174  memoryInit                          
000001b8  stcSelfCheck                        
00000234  cpuSelfTest                         
000002cc  pbistSelfCheck                      
000004ac  pbistRun                            
00000578  pbistStop                           
000005a8  pbistIsTestCompleted                
000005d4  pbistIsTestPassed                   
00000608  pbistPortTestStatus                 
00000660  efcCheck                            
000006e8  efcStuckZeroTest                    
00000794  efcSelfTest                         
000007bc  checkefcSelfTest                    
0000085c  fmcBus2Check                        
00000898  fmcECCcheck                         
00000938  checkB0RAMECC                       
00000b28  checkB1RAMECC                       
00000d18  checkFlashECC                       
00000df4  custom_dabort                       
00000df8  stcSelfCheckFail                    
00000dfc  cpuSelfTestFail                     
00000e00  vimParityCheck                      
00000eac  dmaParityCheck                      
00000f58  het1ParityCheck                     
00001004  htu1ParityCheck                     
000010c0  het2ParityCheck                     
000011bc  htu2ParityCheck                     
0000126c  adc1ParityCheck                     
00001358  adc2ParityCheck                     
00001410  can1ParityCheck                     
000014e8  can2ParityCheck                     
000015b0  can3ParityCheck                     
00001684  mibspi1ParityCheck                  
0000178c  mibspi3ParityCheck                  
000018b0  mibspi5ParityCheck                  
000019d0  checkRAMECC                         
00001c18  checkClockMonitor                   
00001cf4  checkFlashEEPROMECC                 
00001e8c  checkPLL1Slip                       
00001f8c  checkPLL2Slip                       
00002050  checkRAMAddrParity                  
0000215c  checkRAMUERRTest                    
000022c4  fmcBus1ParityCheck                  
000023ec  pbistFail                           
00002470  pbistGetConfigValue                 
000025bc  stcGetConfigValue                   
00002660  efcGetConfigValue                   
000026fc  ccmr4GetConfigValue                 
0000276c  errata_PBIST_4                      
00002ad0  enableParity                        
00002b58  disableParity                       
00002cfc  main                                
00002e0c  BMS_init                            
0000360c  Thermistor_Read                     
00003620  BMS_Slaves_Heartbeat                
000037c0  BMS_Read_All                        
00004060  BMS_Read_All_NP                     
00004500  BMS_Read_Single                     
00004ae4  BMS_Read_Single_NP                  
00004e48  rtiNotification                     
00004ebc  BMS_Balance                         
00005118  setBMSTimerPeriod                   
00005130  GetTimeout                          
00005194  getCurrentReadings                  
00005978  CommClear                           
000059fc  CommReset                           
00005a6c  ResetPL455                          
00005a70  WakePL455                           
00005aa0  GetFaultStat                        
00005ac8  WriteReg                            
00005fc8  WriteFrame                          
00006148  ReadReg                             
0000632c  ReadFrameReq                        
0000637c  WaitRespFrame                       
00006494  B2SWORD                             
000064cc  B2SDWORD                            
00006520  B2SINT24                            
00006560  CRC16                               
000065f0  delayms                             
00006638  delayus                             
000066b4  setupPLL                            
00006714  trimLPO                             
00006788  setupFlash                          
000067c8  periphInit                          
0000681c  mapClocks                           
00006944  systemInit                          
00006a10  systemPowerDown                     
00006a40  systemGetConfigValue                
00006e54  tcmflashGetConfigValue              
00007000  sramGetConfigValue                  
0000713c  customTrimLPO                       
00007218  canInit                             
00007364  canTransmit                         
00007460  canGetData                          
000075b8  canGetID                            
00007620  canUpdateID                         
00007698  canSendRemoteFrame                  
00007738  canFillMessageObjectData            
00007834  canIsTxMessagePending               
00007890  canIsRxMessageArrived               
000078ec  canIsMessageBoxValid                
00007948  canGetLastError                     
0000796c  canGetErrorLevel                    
00007990  canEnableErrorNotification          
000079b0  canEnableStatusChangeNotification   
000079d0  canDisableStatusChangeNotification  
000079f0  canDisableErrorNotification         
00007a10  canEnableloopback                   
00007a48  canDisableloopback                  
00007a78  canIoSetDirection                   
00007ac8  canIoSetPort                        
00007b18  canIoTxGetBit                       
00007b34  canIoRxGetBit                       
00007b50  can1GetConfigValue                  
00007d1c  vimInit                             
00007df0  vimChannelMap                       
00007e94  vimEnableInterrupt                  
0000805c  vimDisableInterrupt                 
00008108  vimGetConfigValue                   
00008775  __TI_printfi                        
000091bf  __aeabi_idiv0                       
000091bf  __aeabi_ldiv0                       
000091c0  sciInit                             
00009394  sciSetFunctional                    
000093b4  sciSetBaudrate                      
00009450  sciIsTxReady                        
0000946c  sciSendByte                         
0000949c  sciSend                             
000095d0  sciIsRxReady                        
000095ec  sciIsIdleDetected                   
00009608  sciRxError                          
00009638  sciReceiveByte                      
00009664  sciReceive                          
0000973c  sciEnableLoopback                   
00009770  sciDisableLoopback                  
00009794  sciEnableNotification               
000097fc  sciDisableNotification              
00009864  sciEnterResetState                  
00009884  sciExitResetState                   
000098a4  sciGetConfigValue                   
000099fc  scilinGetConfigValue                
00009bec  muxInit                             
0000a0a0  pinmuxGetConfigValue                
0000a4c0  sciHighLevelInterrupt               
0000a690  sciLowLevelInterrupt                
0000a860  linLowLevelInterrupt                
0000aa30  linHighLevelInterrupt               
0000ac68  _errata_SSWF021_45_both_plls        
0000ae5c  _errata_SSWF021_45_pll1             
0000afd4  _errata_SSWF021_45_pll2             
0000b2cc  rtiInit                             
0000b3c0  rtiStartCounter                     
0000b3ec  rtiStopCounter                      
0000b418  rtiResetCounter                     
0000b47c  rtiSetPeriod                        
0000b4a4  rtiGetPeriod                        
0000b4cc  rtiGetCurrentTick                   
0000b558  dwdInit                             
0000b580  dwwdInit                            
0000b5c8  dwwdGetCurrentDownCounter           
0000b5d4  dwdCounterEnable                    
0000b5e4  dwdSetPreload                       
0000b600  dwdReset                            
0000b61c  dwdGenerateSysReset                 
0000b638  IsdwdKeySequenceCorrect             
0000b66c  dwdGetStatus                        
0000b6a0  dwdClearFlag                        
0000b6b0  dwdGetViolationStatus               
0000b738  rtiEnableNotification               
0000b760  rtiDisableNotification              
0000b77c  rtiGetConfigValue                   
0000b904  esmInit                             
0000ba0c  esmError                            
0000ba28  esmEnableError                      
0000ba50  esmDisableError                     
0000ba78  esmTriggerErrorPinReset             
0000ba88  esmActivateNormalOperation          
0000ba98  esmEnableInterrupt                  
0000bac0  esmDisableInterrupt                 
0000bae8  esmSetInterruptLevel                
0000bb5c  esmClearStatus                      
0000bb9c  esmClearStatusBuffer                
0000bbb8  esmSetCounterPreloadValue           
0000bbd8  esmGetStatus                        
0000bc5c  esmGetStatusBuffer                  
0000bc94  esmEnterSelfTest                    
0000bd1c  esmSelfTestStatus                   
0000bd6c  esmGetConfigValue                   
0000bec0  gioInit                             
0000bf90  gioSetDirection                     
0000bfb0  gioSetBit                           
0000c000  gioSetPort                          
0000c020  gioGetBit                           
0000c048  gioGetPort                          
0000c060  gioToggleBit                        
0000c0b8  gioEnableNotification               
0000c120  gioDisableNotification              
0000c188  gioGetConfigValue                   
0000c344  _coreInitRegisters_                 
0000c450  _coreInitStackPointer_              
0000c49c  _getCPSRValue_                      
0000c4a4  _gotoCPUIdle_                       
0000c4bc  _coreEnableVfp_                     
0000c4d4  _coreEnableEventBusExport_          
0000c4e4  _coreDisableEventBusExport_         
0000c4f4  _coreEnableRamEcc_                  
0000c504  _coreDisableRamEcc_                 
0000c514  _coreEnableFlashEcc_                
0000c528  _coreDisableFlashEcc_               
0000c538  _coreEnableIrqVicOffset_            
0000c548  _coreGetDataFault_                  
0000c550  _coreClearDataFault_                
0000c55c  _coreGetInstructionFault_           
0000c564  _coreClearInstructionFault_         
0000c570  _coreGetDataFaultAddress_           
0000c578  _coreClearDataFaultAddress_         
0000c584  _coreGetInstructionFaultAddress_    
0000c58c  _coreClearInstructionFaultAddress_  
0000c598  _coreGetAuxiliaryDataFault_         
0000c5a0  _coreClearAuxiliaryDataFault_       
0000c5ac  _coreGetAuxiliaryInstructionFault_  
0000c5b4  _coreClearAuxiliaryInstructionFault_
0000c5c0  _disable_interrupt_                 
0000c5c8  _disable_FIQ_interrupt_             
0000c5d0  _disable_IRQ_interrupt_             
0000c5d8  _enable_interrupt_                  
0000c5e0  _esmCcmErrorsClear_                 
0000c668  _errata_CORTEXR4_57_                
0000c678  _errata_CORTEXR4_66_                
0000c688  __TI_PINIT_Base                     
0000c68c  __TI_PINIT_Limit                    
0000c690  vimParityErrorHandler               
0000c95c  __aeabi_uldivmod                    
0000cc14  _c_int00                            
0000cea4  echoChar                            
0000cec8  processChar                         
0000cf3c  push_tb                             
0000cf8c  pop_tb                              
0000cfb4  displayPrompt                       
0000cfc4  executeCommand                      
0000d070  getAllReadings                      
0000d4f8  esmGroup1Notification               
0000d508  esmGroup2Notification               
0000d518  memoryPort0TestFailNotification     
0000d534  memoryPort1TestFailNotification     
0000d560  canErrorNotification                
0000d574  canStatusChangeNotification         
0000d59c  gioNotification                     
0000d5b0  sciNotification                     
0000d5f4  dmaGroupANotification               
0000d614  esmHighInterrupt                    
0000d929  ldexp                               
0000d929  ldexpl                              
0000d929  scalbn                              
0000d929  scalbnl                             
0000da18  _dabort                             
0000db01  floor                               
0000db01  floorl                              
0000dbe0  _pmuInit_                           
0000dc2c  _pmuEnableCountersGlobal_           
0000dc3c  _pmuDisableCountersGlobal_          
0000dc4c  _pmuResetCycleCounter_              
0000dc5c  _pmuResetEventCounters_             
0000dc6c  _pmuResetCounters_                  
0000dc7c  _pmuStartCounters_                  
0000dc84  _pmuStopCounters_                   
0000dc8c  _pmuSetCountEvent_                  
0000dc98  _pmuGetCycleCount_                  
0000dca0  _pmuGetEventCount_                  
0000dcac  _pmuGetOverflow_                    
0000dd6f  __aeabi_memcpy                      
0000dd6f  __aeabi_memcpy4                     
0000dd6f  __aeabi_memcpy8                     
0000dd6f  memcpy                              
0000de0c  rtiCompare1Interrupt                
0000de54  rtiCompare3Interrupt                
0000dea0  UARTSend                            
0000ded0  UARTInit                            
0000def0  UARTprintf                          
0000df9b  __aeabi_memclr                      
0000df9b  __aeabi_memclr4                     
0000df9b  __aeabi_memclr8                     
0000df9d  __aeabi_memset                      
0000df9d  __aeabi_memset4                     
0000df9d  __aeabi_memset8                     
0000dfa3  memset                              
0000e015  frexp                               
0000e015  frexpl                              
0000e089  __TI_decompress_lzss                
0000e149  ltoa                                
0000e1ed  atoi                                
0000e23c  __aeabi_uidiv                       
0000e23c  __aeabi_uidivmod                    
0000e28d  snprintf                            
0000e2d9  __TI_auto_init_nobinit_nopinit      
0000e38d  copysign                            
0000e38d  copysignl                           
0000e3ab  __TI_zero_init_nomemset             
0000e3c7  memccpy                             
0000e3fb  strcmp                              
0000e413  strchr                              
0000e429  strlen                              
0000e43f  wcslen                              
0000e451  __TI_decompress_none                
0000e461  __aeabi_errno_addr                  
0000e469  C$$EXIT                             
0000e469  abort                               
0000e46c  phantomInterrupt                    
0000e470  handlePLLLockFail                   
0000e474  crc16_table                         
0000e874  _ctypes_                            
0000e9c4  __TI_Handler_Table_Base             
0000e9d0  __TI_Handler_Table_Limit            
0000e9d8  __TI_CINIT_Base                     
0000e9e8  __TI_CINIT_Limit                    
08001500  BMS_Voltages                        
08001640  testCommands                        
080016a8  BMS                                 
08001708  UART_RX_RDY                         
0800170c  RTI_TIMEOUT                         
08001710  nTopFound                           
08001714  wTemp                               
08001718  SENSOR_READ_FLAG                    
0800171c  OverVoltageCount                    
0800171e  UnderVoltageCount                   
08001738  errno                               
080017a0  MultipleSlaveReading                
080017cc  SingleSlaveReading                  
08001824  nDev_ID                             
08001828  nRead                               
0800182c  nSent                               
08001832  CHARGING_FLAG                       
08001833  LED_Counter                         
ffffffff  __TI_pprof_out_hndl                 
ffffffff  __TI_prof_data_size                 
ffffffff  __TI_prof_data_start                
ffffffff  __binit__                           
ffffffff  __c_args__                          
ffffffff  binit                               
UNDEFED   SHT$$INIT_ARRAY$$Base               
UNDEFED   SHT$$INIT_ARRAY$$Limit              
UNDEFED   _system_post_cinit                  

[346 symbols]
