******************************************************************************
                  TI ARM Linker PC v18.12.4                    
******************************************************************************
>> Linked Thu Apr  9 18:29:56 2020

OUTPUT FILE NAME:   <bms-1227-fw.out>
ENTRY POINT SYMBOL: "_c_int00"  address: 0000c430


MEMORY CONFIGURATION

         name            origin    length      used     unused   attr    fill
----------------------  --------  ---------  --------  --------  ----  --------
  VECTORS               00000000   00000020  00000020  00000000     X
  FLASH0                00000020   0013ffe0  0000df64  0013207c  R  X
  STACKS                08000000   00001500  00000000  00001500  RW  
  RAM                   08001500   0002eb00  00000250  0002e8b0  RW  


SEGMENT ALLOCATION MAP

run origin  load origin   length   init length attrs members
----------  ----------- ---------- ----------- ----- -------
00000000    00000000    0000df88   0000df88    r-x
  00000000    00000000    00000020   00000020    r-x .intvecs
  00000020    00000020    0000da10   0000da10    r-x .text
  0000da30    0000da30    00000524   00000524    r-- .const
  0000df58    0000df58    00000030   00000030    r-- .cinit
08001500    08001500    00000250   00000000    rw-
  08001500    08001500    000001bc   00000000    rw- .data
  080016bc    080016bc    00000094   00000000    rw- .bss


SECTION ALLOCATION MAP

 output                                  attributes/
section   page    origin      length       input sections
--------  ----  ----------  ----------   ----------------
.intvecs   0    00000000    00000020     
                  00000000    00000020     sys_intvecs.obj (.intvecs)

.text      0    00000020    0000da10     
                  00000020    00002cdc     sys_selftest.obj (.text)
                  00002cfc    00002498     sys_main.obj (.text)
                  00005194    00000d3c     pl455.obj (.text)
                  00005ed0    00000b64     system.obj (.text)
                  00006a34    00000b04     can.obj (.text)
                  00007538    00000a58     sys_vim.obj (.text)
                  00007f90    00000a4a     rtsv7R4_T_be_v3D16_eabi.lib : _printfi.c.obj (.text:__TI_printfi)
                  000089da    00000002     --HOLE-- [fill = 0]
                  000089dc    00000a2c     sci.obj (.text)
                  00009408    000008d4     pinmux.obj (.text)
                  00009cdc    000007a8     sci.obj (.text:retain)
                  0000a484    00000664     errata_SSWF021_45.obj (.text)
                  0000aae8    00000638     rti.obj (.text)
                  0000b120    000005bc     esm.obj (.text)
                  0000b6dc    00000484     gio.obj (.text)
                  0000bb60    0000034c     sys_core.obj (.text)
                  0000beac    000002cc     sys_vim.obj (.text:retain)
                  0000c178    000002b8     rtsv7R4_T_be_v3D16_eabi.lib : ull_div32.asm.obj (.text)
                  0000c430    00000290     sys_startup.obj (.text:retain)
                  0000c6c0    00000248     rtsv7R4_T_be_v3D16_eabi.lib : _printfi.c.obj (.text:_pconv_a)
                  0000c908    000001a0                                 : _printfi.c.obj (.text:_pconv_g)
                  0000caa8    0000011c     notification.obj (.text)
                  0000cbc4    00000114     esm.obj (.text:retain)
                  0000ccd8    00000104     rtsv7R4_T_be_v3D16_eabi.lib : _printfi.c.obj (.text:_pconv_e)
                  0000cddc    000000fc                                 : _printfi.c.obj (.text:fcvt)
                  0000ced8    000000f0                                 : s_scalbn.c.obj (.text:scalbn)
                  0000cfc8    000000e8     dabort.obj (.text)
                  0000d0b0    000000e0     rtsv7R4_T_be_v3D16_eabi.lib : s_floor.c.obj (.text:floor)
                  0000d190    000000e0     sys_pmu.obj (.text)
                  0000d270    000000ad     rtsv7R4_T_be_v3D16_eabi.lib : _printfi.c.obj (.text:_ltostr)
                  0000d31d    00000003     --HOLE-- [fill = 0]
                  0000d320    000000a4     testinterface.obj (.text)
                  0000d3c4    0000009c     rtsv7R4_T_be_v3D16_eabi.lib : memcpy_t2.asm.obj (.text)
                  0000d460    00000094     rti.obj (.text:retain)
                  0000d4f4    0000007a     rtsv7R4_T_be_v3D16_eabi.lib : _printfi.c.obj (.text:_mcpy)
                  0000d56e    0000007a                                 : memset_t2.asm.obj (.text)
                  0000d5e8    00000074                                 : s_frexp.c.obj (.text:frexp)
                  0000d65c    0000006c                                 : copy_decompress_lzss.c.obj (.text:decompress:lzss:__TI_decompress_lzss)
                  0000d6c8    00000054                                 : _printfi.c.obj (.text:_ecpy)
                  0000d71c    00000054                                 : ltoa.c.obj (.text:ltoa)
                  0000d770    00000050     Phantom_sci.obj (.text)
                  0000d7c0    00000050     rtsv7R4_T_be_v3D16_eabi.lib : _printfi.c.obj (.text:_pconv_f)
                  0000d810    00000050                                 : atoi.c.obj (.text:atoi)
                  0000d860    0000004c                                 : snprintf.c.obj (.text:snprintf)
                  0000d8ac    00000044                                 : autoinit.c.obj (.text:__TI_auto_init_nobinit_nopinit:__TI_auto_init_nobinit_nopinit)
                  0000d8f0    00000040                                 : _printfi.c.obj (.text:_fcpy)
                  0000d930    00000030                                 : snprintf.c.obj (.text:_outs)
                  0000d960    0000001e                                 : s_copysign.c.obj (.text:copysign)
                  0000d97e    0000001c                                 : copy_zero_init.c.obj (.text:decompress:ZI:__TI_zero_init_nomemset:__TI_zero_init_nomemset)
                  0000d99a    0000001c                                 : memccpy.c.obj (.text:memccpy)
                  0000d9b6    00000018                                 : snprintf.c.obj (.text:_outc)
                  0000d9ce    00000016                                 : strchr.c.obj (.text:strchr)
                  0000d9e4    00000016                                 : strlen.c.obj (.text:strlen)
                  0000d9fa    00000012                                 : wcslen.c.obj (.text:wcslen)
                  0000da0c    0000000e                                 : copy_decompress_none.c.obj (.text:decompress:none:__TI_decompress_none)
                  0000da1a    00000002     --HOLE-- [fill = 0]
                  0000da1c    00000008                                 : errno.c.obj (.text:__aeabi_errno_addr)
                  0000da24    00000004                                 : exit.c.obj (.text:abort:abort)
                  0000da28    00000004     sys_phantom.obj (.text:retain)
                  0000da2c    00000004     sys_startup.obj (.text)

.const     0    0000da30    00000524     
                  0000da30    00000200     pl455.obj (.const:crc16_table)
                  0000dc30    00000200     sys_vim.obj (.const:s_vim_init)
                  0000de30    00000101     rtsv7R4_T_be_v3D16_eabi.lib : ctype.c.obj (.const:.string:_ctypes_)
                  0000df31    00000003     --HOLE-- [fill = 0]
                  0000df34    00000020     can.obj (.const:s_canByteOrder)

.cinit     0    0000df58    00000030     
                  0000df58    0000000c     (__TI_handler_table)
                  0000df64    00000009     (.cinit..data.load) [load image, compression = lzss]
                  0000df6d    00000003     --HOLE-- [fill = 0]
                  0000df70    00000008     (.cinit..bss.load) [load image, compression = zero_init]
                  0000df78    00000010     (__TI_cinit_table)

.data      0    08001500    000001bc     UNINITIALIZED
                  08001500    00000140     sys_main.obj (.data:BMS_Voltages)
                  08001640    00000060     sys_main.obj (.data:BMS)
                  080016a0    00000018     sys_main.obj (.data)
                  080016b8    00000004     rtsv7R4_T_be_v3D16_eabi.lib : errno.c.obj (.data)

.bss       0    080016bc    00000094     UNINITIALIZED
                  080016bc    0000002c     (.common:MultipleSlaveReading)
                  080016e8    0000002c     (.common:SingleSlaveReading)
                  08001714    00000028     sci.obj (.bss:g_sciTransfer_t)
                  0800173c    00000004     pl455.obj (.bss)
                  08001740    00000004     (.common:nDev_ID)
                  08001744    00000004     (.common:nRead)
                  08001748    00000004     (.common:nSent)
                  0800174c    00000001     sys_main.obj (.bss)
                  0800174d    00000001     testinterface.obj (.bss)
                  0800174e    00000001     (.common:CHARGING_FLAG)
                  0800174f    00000001     (.common:LED_Counter)

MODULE SUMMARY

       Module                       code    ro data   rw data
       ------                       ----    -------   -------
    .\source\
       sys_selftest.obj             11484   0         0      
       sys_main.obj                 9368    0         543    
       sci.obj                      4564    0         40     
       pl455.obj                    3388    512       4      
       sys_vim.obj                  3364    512       0      
       system.obj                   2916    0         0      
       can.obj                      2820    32        0      
       pinmux.obj                   2260    0         0      
       esm.obj                      1744    0         0      
       rti.obj                      1740    0         0      
       errata_SSWF021_45.obj        1636    0         0      
       gio.obj                      1156    0         0      
       sys_core.obj                 844     0         0      
       sys_startup.obj              660     0         0      
       notification.obj             284     0         0      
       dabort.obj                   232     0         0      
       sys_pmu.obj                  224     0         0      
       testinterface.obj            164     0         1      
       Phantom_sci.obj              80      0         0      
       sys_intvecs.obj              32      0         0      
       sys_phantom.obj              4       0         0      
    +--+----------------------------+-------+---------+---------+
       Total:                       48964   1056      588    
                                                             
    C:/ti/ccs920/ccs/tools/compiler/ti-cgt-arm_18.12.4.LTS/lib/rtsv7R4_T_be_v3D16_eabi.lib
       _printfi.c.obj               4669    0         0      
       ull_div32.asm.obj            696     0         0      
       ctype.c.obj                  0       257       0      
       s_scalbn.c.obj               240     0         0      
       s_floor.c.obj                224     0         0      
       memcpy_t2.asm.obj            156     0         0      
       snprintf.c.obj               148     0         0      
       memset_t2.asm.obj            122     0         0      
       s_frexp.c.obj                116     0         0      
       copy_decompress_lzss.c.obj   108     0         0      
       ltoa.c.obj                   84      0         0      
       atoi.c.obj                   80      0         0      
       autoinit.c.obj               68      0         0      
       s_copysign.c.obj             30      0         0      
       copy_zero_init.c.obj         28      0         0      
       memccpy.c.obj                28      0         0      
       strchr.c.obj                 22      0         0      
       strlen.c.obj                 22      0         0      
       wcslen.c.obj                 18      0         0      
       copy_decompress_none.c.obj   14      0         0      
       errno.c.obj                  8       0         4      
       exit.c.obj                   4       0         0      
    +--+----------------------------+-------+---------+---------+
       Total:                       6885    257       4      
                                                             
       Linker Generated:            0       45        0      
    +--+----------------------------+-------+---------+---------+
       Grand Total:                 55849   1358      592    


LINKER GENERATED COPY TABLES

__TI_cinit_table @ 0000df78 records: 2, size/record: 8, table size: 16
	.data: load addr=0000df64, load size=00000009 bytes, run addr=08001500, run size=000001bc bytes, compression=lzss
	.bss: load addr=0000df70, load size=00000008 bytes, run addr=080016bc, run size=00000094 bytes, compression=zero_init


LINKER GENERATED HANDLER TABLE

__TI_handler_table @ 0000df58 records: 3, size/record: 4, table size: 12
	index: 0, handler: __TI_zero_init
	index: 1, handler: __TI_decompress_lzss
	index: 2, handler: __TI_decompress_none


GLOBAL SYMBOLS: SORTED ALPHABETICALLY BY Name 

address   name                                
-------   ----                                
00005ce8  B2SDWORD                            
00005d3c  B2SINT24                            
00005cb0  B2SWORD                             
08001640  BMS                                 
00004e9c  BMS_Balance                         
000037a0  BMS_Read_All                        
00004040  BMS_Read_All_NP                     
000044e0  BMS_Read_Single                     
00004ac4  BMS_Read_Single_NP                  
0000362c  BMS_Slaves_Heartbeat                
08001500  BMS_Voltages                        
00002e18  BMS_init                            
0000da25  C$$EXIT                             
0800174e  CHARGING_FLAG                       
00005d7c  CRC16                               
00005194  CommClear                           
00005218  CommReset                           
000052bc  GetFaultStat                        
00005110  GetTimeout                          
0000ae54  IsdwdKeySequenceCorrect             
0800174f  LED_Counter                         
080016bc  MultipleSlaveReading                
080016b4  OverVoltageCount                    
080016a4  RTI_TIMEOUT                         
00005b48  ReadFrameReq                        
00005964  ReadReg                             
00005288  ResetPL455                          
080016b0  SENSOR_READ_FLAG                    
UNDEFED   SHT$$INIT_ARRAY$$Base               
UNDEFED   SHT$$INIT_ARRAY$$Limit              
080016e8  SingleSlaveReading                  
00003618  Thermistor_Read                     
0000d7a0  UARTInit                            
0000d770  UARTSend                            
080016a0  UART_RX_RDY                         
080016b6  UnderVoltageCount                   
00005b98  WaitRespFrame                       
0000528c  WakePL455                           
000057e4  WriteFrame                          
000052e4  WriteReg                            
0000df78  __TI_CINIT_Base                     
0000df88  __TI_CINIT_Limit                    
0000df58  __TI_Handler_Table_Base             
0000df64  __TI_Handler_Table_Limit            
0000bea4  __TI_PINIT_Base                     
0000bea8  __TI_PINIT_Limit                    
0000d8ad  __TI_auto_init_nobinit_nopinit      
0000d65d  __TI_decompress_lzss                
0000da0d  __TI_decompress_none                
ffffffff  __TI_pprof_out_hndl                 
00007f91  __TI_printfi                        
ffffffff  __TI_prof_data_size                 
ffffffff  __TI_prof_data_start                
00000000  __TI_static_base__                  
0000d97f  __TI_zero_init_nomemset             
0000da1d  __aeabi_errno_addr                  
0000d56f  __aeabi_memclr                      
0000d56f  __aeabi_memclr4                     
0000d56f  __aeabi_memclr8                     
0000d3c5  __aeabi_memcpy                      
0000d3c5  __aeabi_memcpy4                     
0000d3c5  __aeabi_memcpy8                     
0000d571  __aeabi_memset                      
0000d571  __aeabi_memset4                     
0000d571  __aeabi_memset8                     
0000c178  __aeabi_uldivmod                    
ffffffff  __binit__                           
ffffffff  __c_args__                          
0000c430  _c_int00                            
0000bdbc  _coreClearAuxiliaryDataFault_       
0000bdd0  _coreClearAuxiliaryInstructionFault_
0000bd94  _coreClearDataFaultAddress_         
0000bd6c  _coreClearDataFault_                
0000bda8  _coreClearInstructionFaultAddress_  
0000bd80  _coreClearInstructionFault_         
0000bd00  _coreDisableEventBusExport_         
0000bd44  _coreDisableFlashEcc_               
0000bd20  _coreDisableRamEcc_                 
0000bcf0  _coreEnableEventBusExport_          
0000bd30  _coreEnableFlashEcc_                
0000bd54  _coreEnableIrqVicOffset_            
0000bd10  _coreEnableRamEcc_                  
0000bcd8  _coreEnableVfp_                     
0000bdb4  _coreGetAuxiliaryDataFault_         
0000bdc8  _coreGetAuxiliaryInstructionFault_  
0000bd8c  _coreGetDataFaultAddress_           
0000bd64  _coreGetDataFault_                  
0000bda0  _coreGetInstructionFaultAddress_    
0000bd78  _coreGetInstructionFault_           
0000bb60  _coreInitRegisters_                 
0000bc6c  _coreInitStackPointer_              
0000de30  _ctypes_                            
0000cfc8  _dabort                             
0000bde4  _disable_FIQ_interrupt_             
0000bdec  _disable_IRQ_interrupt_             
0000bddc  _disable_interrupt_                 
0000bdf4  _enable_interrupt_                  
0000be84  _errata_CORTEXR4_57_                
0000be94  _errata_CORTEXR4_66_                
0000a484  _errata_SSWF021_45_both_plls        
0000a678  _errata_SSWF021_45_pll1             
0000a7f0  _errata_SSWF021_45_pll2             
0000bdfc  _esmCcmErrorsClear_                 
0000bcb8  _getCPSRValue_                      
0000bcc0  _gotoCPUIdle_                       
0000d1ec  _pmuDisableCountersGlobal_          
0000d1dc  _pmuEnableCountersGlobal_           
0000d248  _pmuGetCycleCount_                  
0000d250  _pmuGetEventCount_                  
0000d25c  _pmuGetOverflow_                    
0000d190  _pmuInit_                           
0000d21c  _pmuResetCounters_                  
0000d1fc  _pmuResetCycleCounter_              
0000d20c  _pmuResetEventCounters_             
0000d23c  _pmuSetCountEvent_                  
0000d22c  _pmuStartCounters_                  
0000d234  _pmuStopCounters_                   
UNDEFED   _system_post_cinit                  
0000da25  abort                               
0000126c  adc1ParityCheck                     
00001358  adc2ParityCheck                     
0000d811  atoi                                
ffffffff  binit                               
0000736c  can1GetConfigValue                  
00001410  can1ParityCheck                     
000014e8  can2ParityCheck                     
000015b0  can3ParityCheck                     
0000720c  canDisableErrorNotification         
000071ec  canDisableStatusChangeNotification  
00007264  canDisableloopback                  
000071ac  canEnableErrorNotification          
000071cc  canEnableStatusChangeNotification   
0000722c  canEnableloopback                   
0000cb10  canErrorNotification                
00006f54  canFillMessageObjectData            
00006c7c  canGetData                          
00007188  canGetErrorLevel                    
00006dd4  canGetID                            
00007164  canGetLastError                     
00006a34  canInit                             
00007350  canIoRxGetBit                       
00007294  canIoSetDirection                   
000072e4  canIoSetPort                        
00007334  canIoTxGetBit                       
00007108  canIsMessageBoxValid                
000070ac  canIsRxMessageArrived               
00007050  canIsTxMessagePending               
00006eb4  canSendRemoteFrame                  
0000cb24  canStatusChangeNotification         
00006b80  canTransmit                         
00006e3c  canUpdateID                         
00000030  ccmSelfCheck                        
000026fc  ccmr4GetConfigValue                 
00000938  checkB0RAMECC                       
00000b28  checkB1RAMECC                       
00001c18  checkClockMonitor                   
00000d18  checkFlashECC                       
00001cf4  checkFlashEEPROMECC                 
00001e8c  checkPLL1Slip                       
00001f8c  checkPLL2Slip                       
00002050  checkRAMAddrParity                  
000019d0  checkRAMECC                         
0000215c  checkRAMUERRTest                    
000007bc  checkefcSelfTest                    
0000d961  copysign                            
0000d961  copysignl                           
00000234  cpuSelfTest                         
00000dfc  cpuSelfTestFail                     
0000da30  crc16_table                         
00006958  customTrimLPO                       
00000df4  custom_dabort                       
00005e0c  delayms                             
00005e54  delayus                             
00002b58  disableParity                       
0000cba4  dmaGroupANotification               
00000eac  dmaParityCheck                      
0000aebc  dwdClearFlag                        
0000adf0  dwdCounterEnable                    
0000ae38  dwdGenerateSysReset                 
0000ae88  dwdGetStatus                        
0000aecc  dwdGetViolationStatus               
0000ad74  dwdInit                             
0000ae1c  dwdReset                            
0000ae00  dwdSetPreload                       
0000ade4  dwwdGetCurrentDownCounter           
0000ad9c  dwwdInit                            
0000d320  echoChar                            
00000660  efcCheck                            
00002660  efcGetConfigValue                   
00000794  efcSelfTest                         
000006e8  efcStuckZeroTest                    
00002ad0  enableParity                        
0000276c  errata_PBIST_4                      
080016b8  errno                               
0000b2a4  esmActivateNormalOperation          
0000b378  esmClearStatus                      
0000b3b8  esmClearStatusBuffer                
0000b26c  esmDisableError                     
0000b2dc  esmDisableInterrupt                 
0000b244  esmEnableError                      
0000b2b4  esmEnableInterrupt                  
0000b4b0  esmEnterSelfTest                    
0000b228  esmError                            
0000b588  esmGetConfigValue                   
0000b3f4  esmGetStatus                        
0000b478  esmGetStatusBuffer                  
0000caa8  esmGroup1Notification               
0000cab8  esmGroup2Notification               
0000cbc4  esmHighInterrupt                    
0000b120  esmInit                             
0000b538  esmSelfTestStatus                   
0000b3d4  esmSetCounterPreloadValue           
0000b304  esmSetInterruptLevel                
0000b294  esmTriggerErrorPinReset             
0000d0b1  floor                               
0000d0b1  floorl                              
000022c4  fmcBus1ParityCheck                  
0000085c  fmcBus2Check                        
00000898  fmcECCcheck                         
0000d5e9  frexp                               
0000d5e9  frexpl                              
0000b93c  gioDisableNotification              
0000b8d4  gioEnableNotification               
0000b83c  gioGetBit                           
0000b9a4  gioGetConfigValue                   
0000b864  gioGetPort                          
0000b6dc  gioInit                             
0000cb4c  gioNotification                     
0000b7cc  gioSetBit                           
0000b7ac  gioSetDirection                     
0000b81c  gioSetPort                          
0000b87c  gioToggleBit                        
0000da2c  handlePLLLockFail                   
00000f58  het1ParityCheck                     
000010c0  het2ParityCheck                     
00001004  htu1ParityCheck                     
000011bc  htu2ParityCheck                     
0000ced9  ldexp                               
0000ced9  ldexpl                              
0000a24c  linHighLevelInterrupt               
0000a07c  linLowLevelInterrupt                
0000d71d  ltoa                                
00002cfc  main                                
00006038  mapClocks                           
0000d99b  memccpy                             
0000d3c5  memcpy                              
00000174  memoryInit                          
0000cac8  memoryPort0TestFailNotification     
0000cae4  memoryPort1TestFailNotification     
0000d577  memset                              
00001684  mibspi1ParityCheck                  
0000178c  mibspi3ParityCheck                  
000018b0  mibspi5ParityCheck                  
00009408  muxInit                             
08001740  nDev_ID                             
08001744  nRead                               
08001748  nSent                               
080016a8  nTopFound                           
000023ec  pbistFail                           
00002470  pbistGetConfigValue                 
000005a8  pbistIsTestCompleted                
000005d4  pbistIsTestPassed                   
00000608  pbistPortTestStatus                 
000004ac  pbistRun                            
000002cc  pbistSelfCheck                      
00000578  pbistStop                           
00005fe4  periphInit                          
0000da28  phantomInterrupt                    
000098bc  pinmuxGetConfigValue                
0000d344  processChar                         
00000000  resetEntry                          
0000d460  rtiCompare1Interrupt                
0000d4a8  rtiCompare3Interrupt                
0000af7c  rtiDisableNotification              
0000af54  rtiEnableNotification               
0000af98  rtiGetConfigValue                   
0000ace8  rtiGetCurrentTick                   
0000acc0  rtiGetPeriod                        
0000aae8  rtiInit                             
00004e28  rtiNotification                     
0000ac34  rtiResetCounter                     
0000ac98  rtiSetPeriod                        
0000abdc  rtiStartCounter                     
0000ac08  rtiStopCounter                      
0000ced9  scalbn                              
0000ced9  scalbnl                             
00008f8c  sciDisableLoopback                  
00009018  sciDisableNotification              
00008f58  sciEnableLoopback                   
00008fb0  sciEnableNotification               
00009080  sciEnterResetState                  
000090a0  sciExitResetState                   
000090c0  sciGetConfigValue                   
00009cdc  sciHighLevelInterrupt               
000089dc  sciInit                             
00008e08  sciIsIdleDetected                   
00008dec  sciIsRxReady                        
00008c6c  sciIsTxReady                        
00009eac  sciLowLevelInterrupt                
0000cb60  sciNotification                     
00008e80  sciReceive                          
00008e54  sciReceiveByte                      
00008e24  sciRxError                          
00008cb8  sciSend                             
00008c88  sciSendByte                         
00008bd0  sciSetBaudrate                      
00008bb0  sciSetFunctional                    
00009218  scilinGetConfigValue                
00000020  selftestFailNotification            
000050f8  setBMSTimerPeriod                   
00005fa4  setupFlash                          
00005ed0  setupPLL                            
0000d861  snprintf                            
0000681c  sramGetConfigValue                  
000025bc  stcGetConfigValue                   
000001b8  stcSelfCheck                        
00000df8  stcSelfCheckFail                    
0000d9cf  strchr                              
0000d9e5  strlen                              
0000625c  systemGetConfigValue                
00006160  systemInit                          
0000622c  systemPowerDown                     
00006670  tcmflashGetConfigValue              
00005f30  trimLPO                             
0000760c  vimChannelMap                       
00007878  vimDisableInterrupt                 
000076b0  vimEnableInterrupt                  
00007924  vimGetConfigValue                   
00007538  vimInit                             
00000e00  vimParityCheck                      
0000beac  vimParityErrorHandler               
080016ac  wTemp                               
0000d9fb  wcslen                              


GLOBAL SYMBOLS: SORTED BY Symbol Address 

address   name                                
-------   ----                                
00000000  __TI_static_base__                  
00000000  resetEntry                          
00000020  selftestFailNotification            
00000030  ccmSelfCheck                        
00000174  memoryInit                          
000001b8  stcSelfCheck                        
00000234  cpuSelfTest                         
000002cc  pbistSelfCheck                      
000004ac  pbistRun                            
00000578  pbistStop                           
000005a8  pbistIsTestCompleted                
000005d4  pbistIsTestPassed                   
00000608  pbistPortTestStatus                 
00000660  efcCheck                            
000006e8  efcStuckZeroTest                    
00000794  efcSelfTest                         
000007bc  checkefcSelfTest                    
0000085c  fmcBus2Check                        
00000898  fmcECCcheck                         
00000938  checkB0RAMECC                       
00000b28  checkB1RAMECC                       
00000d18  checkFlashECC                       
00000df4  custom_dabort                       
00000df8  stcSelfCheckFail                    
00000dfc  cpuSelfTestFail                     
00000e00  vimParityCheck                      
00000eac  dmaParityCheck                      
00000f58  het1ParityCheck                     
00001004  htu1ParityCheck                     
000010c0  het2ParityCheck                     
000011bc  htu2ParityCheck                     
0000126c  adc1ParityCheck                     
00001358  adc2ParityCheck                     
00001410  can1ParityCheck                     
000014e8  can2ParityCheck                     
000015b0  can3ParityCheck                     
00001684  mibspi1ParityCheck                  
0000178c  mibspi3ParityCheck                  
000018b0  mibspi5ParityCheck                  
000019d0  checkRAMECC                         
00001c18  checkClockMonitor                   
00001cf4  checkFlashEEPROMECC                 
00001e8c  checkPLL1Slip                       
00001f8c  checkPLL2Slip                       
00002050  checkRAMAddrParity                  
0000215c  checkRAMUERRTest                    
000022c4  fmcBus1ParityCheck                  
000023ec  pbistFail                           
00002470  pbistGetConfigValue                 
000025bc  stcGetConfigValue                   
00002660  efcGetConfigValue                   
000026fc  ccmr4GetConfigValue                 
0000276c  errata_PBIST_4                      
00002ad0  enableParity                        
00002b58  disableParity                       
00002cfc  main                                
00002e18  BMS_init                            
00003618  Thermistor_Read                     
0000362c  BMS_Slaves_Heartbeat                
000037a0  BMS_Read_All                        
00004040  BMS_Read_All_NP                     
000044e0  BMS_Read_Single                     
00004ac4  BMS_Read_Single_NP                  
00004e28  rtiNotification                     
00004e9c  BMS_Balance                         
000050f8  setBMSTimerPeriod                   
00005110  GetTimeout                          
00005194  CommClear                           
00005218  CommReset                           
00005288  ResetPL455                          
0000528c  WakePL455                           
000052bc  GetFaultStat                        
000052e4  WriteReg                            
000057e4  WriteFrame                          
00005964  ReadReg                             
00005b48  ReadFrameReq                        
00005b98  WaitRespFrame                       
00005cb0  B2SWORD                             
00005ce8  B2SDWORD                            
00005d3c  B2SINT24                            
00005d7c  CRC16                               
00005e0c  delayms                             
00005e54  delayus                             
00005ed0  setupPLL                            
00005f30  trimLPO                             
00005fa4  setupFlash                          
00005fe4  periphInit                          
00006038  mapClocks                           
00006160  systemInit                          
0000622c  systemPowerDown                     
0000625c  systemGetConfigValue                
00006670  tcmflashGetConfigValue              
0000681c  sramGetConfigValue                  
00006958  customTrimLPO                       
00006a34  canInit                             
00006b80  canTransmit                         
00006c7c  canGetData                          
00006dd4  canGetID                            
00006e3c  canUpdateID                         
00006eb4  canSendRemoteFrame                  
00006f54  canFillMessageObjectData            
00007050  canIsTxMessagePending               
000070ac  canIsRxMessageArrived               
00007108  canIsMessageBoxValid                
00007164  canGetLastError                     
00007188  canGetErrorLevel                    
000071ac  canEnableErrorNotification          
000071cc  canEnableStatusChangeNotification   
000071ec  canDisableStatusChangeNotification  
0000720c  canDisableErrorNotification         
0000722c  canEnableloopback                   
00007264  canDisableloopback                  
00007294  canIoSetDirection                   
000072e4  canIoSetPort                        
00007334  canIoTxGetBit                       
00007350  canIoRxGetBit                       
0000736c  can1GetConfigValue                  
00007538  vimInit                             
0000760c  vimChannelMap                       
000076b0  vimEnableInterrupt                  
00007878  vimDisableInterrupt                 
00007924  vimGetConfigValue                   
00007f91  __TI_printfi                        
000089dc  sciInit                             
00008bb0  sciSetFunctional                    
00008bd0  sciSetBaudrate                      
00008c6c  sciIsTxReady                        
00008c88  sciSendByte                         
00008cb8  sciSend                             
00008dec  sciIsRxReady                        
00008e08  sciIsIdleDetected                   
00008e24  sciRxError                          
00008e54  sciReceiveByte                      
00008e80  sciReceive                          
00008f58  sciEnableLoopback                   
00008f8c  sciDisableLoopback                  
00008fb0  sciEnableNotification               
00009018  sciDisableNotification              
00009080  sciEnterResetState                  
000090a0  sciExitResetState                   
000090c0  sciGetConfigValue                   
00009218  scilinGetConfigValue                
00009408  muxInit                             
000098bc  pinmuxGetConfigValue                
00009cdc  sciHighLevelInterrupt               
00009eac  sciLowLevelInterrupt                
0000a07c  linLowLevelInterrupt                
0000a24c  linHighLevelInterrupt               
0000a484  _errata_SSWF021_45_both_plls        
0000a678  _errata_SSWF021_45_pll1             
0000a7f0  _errata_SSWF021_45_pll2             
0000aae8  rtiInit                             
0000abdc  rtiStartCounter                     
0000ac08  rtiStopCounter                      
0000ac34  rtiResetCounter                     
0000ac98  rtiSetPeriod                        
0000acc0  rtiGetPeriod                        
0000ace8  rtiGetCurrentTick                   
0000ad74  dwdInit                             
0000ad9c  dwwdInit                            
0000ade4  dwwdGetCurrentDownCounter           
0000adf0  dwdCounterEnable                    
0000ae00  dwdSetPreload                       
0000ae1c  dwdReset                            
0000ae38  dwdGenerateSysReset                 
0000ae54  IsdwdKeySequenceCorrect             
0000ae88  dwdGetStatus                        
0000aebc  dwdClearFlag                        
0000aecc  dwdGetViolationStatus               
0000af54  rtiEnableNotification               
0000af7c  rtiDisableNotification              
0000af98  rtiGetConfigValue                   
0000b120  esmInit                             
0000b228  esmError                            
0000b244  esmEnableError                      
0000b26c  esmDisableError                     
0000b294  esmTriggerErrorPinReset             
0000b2a4  esmActivateNormalOperation          
0000b2b4  esmEnableInterrupt                  
0000b2dc  esmDisableInterrupt                 
0000b304  esmSetInterruptLevel                
0000b378  esmClearStatus                      
0000b3b8  esmClearStatusBuffer                
0000b3d4  esmSetCounterPreloadValue           
0000b3f4  esmGetStatus                        
0000b478  esmGetStatusBuffer                  
0000b4b0  esmEnterSelfTest                    
0000b538  esmSelfTestStatus                   
0000b588  esmGetConfigValue                   
0000b6dc  gioInit                             
0000b7ac  gioSetDirection                     
0000b7cc  gioSetBit                           
0000b81c  gioSetPort                          
0000b83c  gioGetBit                           
0000b864  gioGetPort                          
0000b87c  gioToggleBit                        
0000b8d4  gioEnableNotification               
0000b93c  gioDisableNotification              
0000b9a4  gioGetConfigValue                   
0000bb60  _coreInitRegisters_                 
0000bc6c  _coreInitStackPointer_              
0000bcb8  _getCPSRValue_                      
0000bcc0  _gotoCPUIdle_                       
0000bcd8  _coreEnableVfp_                     
0000bcf0  _coreEnableEventBusExport_          
0000bd00  _coreDisableEventBusExport_         
0000bd10  _coreEnableRamEcc_                  
0000bd20  _coreDisableRamEcc_                 
0000bd30  _coreEnableFlashEcc_                
0000bd44  _coreDisableFlashEcc_               
0000bd54  _coreEnableIrqVicOffset_            
0000bd64  _coreGetDataFault_                  
0000bd6c  _coreClearDataFault_                
0000bd78  _coreGetInstructionFault_           
0000bd80  _coreClearInstructionFault_         
0000bd8c  _coreGetDataFaultAddress_           
0000bd94  _coreClearDataFaultAddress_         
0000bda0  _coreGetInstructionFaultAddress_    
0000bda8  _coreClearInstructionFaultAddress_  
0000bdb4  _coreGetAuxiliaryDataFault_         
0000bdbc  _coreClearAuxiliaryDataFault_       
0000bdc8  _coreGetAuxiliaryInstructionFault_  
0000bdd0  _coreClearAuxiliaryInstructionFault_
0000bddc  _disable_interrupt_                 
0000bde4  _disable_FIQ_interrupt_             
0000bdec  _disable_IRQ_interrupt_             
0000bdf4  _enable_interrupt_                  
0000bdfc  _esmCcmErrorsClear_                 
0000be84  _errata_CORTEXR4_57_                
0000be94  _errata_CORTEXR4_66_                
0000bea4  __TI_PINIT_Base                     
0000bea8  __TI_PINIT_Limit                    
0000beac  vimParityErrorHandler               
0000c178  __aeabi_uldivmod                    
0000c430  _c_int00                            
0000caa8  esmGroup1Notification               
0000cab8  esmGroup2Notification               
0000cac8  memoryPort0TestFailNotification     
0000cae4  memoryPort1TestFailNotification     
0000cb10  canErrorNotification                
0000cb24  canStatusChangeNotification         
0000cb4c  gioNotification                     
0000cb60  sciNotification                     
0000cba4  dmaGroupANotification               
0000cbc4  esmHighInterrupt                    
0000ced9  ldexp                               
0000ced9  ldexpl                              
0000ced9  scalbn                              
0000ced9  scalbnl                             
0000cfc8  _dabort                             
0000d0b1  floor                               
0000d0b1  floorl                              
0000d190  _pmuInit_                           
0000d1dc  _pmuEnableCountersGlobal_           
0000d1ec  _pmuDisableCountersGlobal_          
0000d1fc  _pmuResetCycleCounter_              
0000d20c  _pmuResetEventCounters_             
0000d21c  _pmuResetCounters_                  
0000d22c  _pmuStartCounters_                  
0000d234  _pmuStopCounters_                   
0000d23c  _pmuSetCountEvent_                  
0000d248  _pmuGetCycleCount_                  
0000d250  _pmuGetEventCount_                  
0000d25c  _pmuGetOverflow_                    
0000d320  echoChar                            
0000d344  processChar                         
0000d3c5  __aeabi_memcpy                      
0000d3c5  __aeabi_memcpy4                     
0000d3c5  __aeabi_memcpy8                     
0000d3c5  memcpy                              
0000d460  rtiCompare1Interrupt                
0000d4a8  rtiCompare3Interrupt                
0000d56f  __aeabi_memclr                      
0000d56f  __aeabi_memclr4                     
0000d56f  __aeabi_memclr8                     
0000d571  __aeabi_memset                      
0000d571  __aeabi_memset4                     
0000d571  __aeabi_memset8                     
0000d577  memset                              
0000d5e9  frexp                               
0000d5e9  frexpl                              
0000d65d  __TI_decompress_lzss                
0000d71d  ltoa                                
0000d770  UARTSend                            
0000d7a0  UARTInit                            
0000d811  atoi                                
0000d861  snprintf                            
0000d8ad  __TI_auto_init_nobinit_nopinit      
0000d961  copysign                            
0000d961  copysignl                           
0000d97f  __TI_zero_init_nomemset             
0000d99b  memccpy                             
0000d9cf  strchr                              
0000d9e5  strlen                              
0000d9fb  wcslen                              
0000da0d  __TI_decompress_none                
0000da1d  __aeabi_errno_addr                  
0000da25  C$$EXIT                             
0000da25  abort                               
0000da28  phantomInterrupt                    
0000da2c  handlePLLLockFail                   
0000da30  crc16_table                         
0000de30  _ctypes_                            
0000df58  __TI_Handler_Table_Base             
0000df64  __TI_Handler_Table_Limit            
0000df78  __TI_CINIT_Base                     
0000df88  __TI_CINIT_Limit                    
08001500  BMS_Voltages                        
08001640  BMS                                 
080016a0  UART_RX_RDY                         
080016a4  RTI_TIMEOUT                         
080016a8  nTopFound                           
080016ac  wTemp                               
080016b0  SENSOR_READ_FLAG                    
080016b4  OverVoltageCount                    
080016b6  UnderVoltageCount                   
080016b8  errno                               
080016bc  MultipleSlaveReading                
080016e8  SingleSlaveReading                  
08001740  nDev_ID                             
08001744  nRead                               
08001748  nSent                               
0800174e  CHARGING_FLAG                       
0800174f  LED_Counter                         
ffffffff  __TI_pprof_out_hndl                 
ffffffff  __TI_prof_data_size                 
ffffffff  __TI_prof_data_start                
ffffffff  __binit__                           
ffffffff  __c_args__                          
ffffffff  binit                               
UNDEFED   SHT$$INIT_ARRAY$$Base               
UNDEFED   SHT$$INIT_ARRAY$$Limit              
UNDEFED   _system_post_cinit                  

[333 symbols]
