<?xml version="1.0" encoding="ISO-8859-1" ?>
<link_info>
   <banner>TI ARM Linker PC v18.12.4.LTS</banner>
   <copyright>Copyright (c) 1996-2018 Texas Instruments Incorporated</copyright>
   <link_time>0x5e8faed3</link_time>
   <link_errors>0x0</link_errors>
   <output_file>bms-1227-fw.out</output_file>
   <entry_point>
      <name>_c_int00</name>
      <address>0xc4cc</address>
   </entry_point>
   <input_file_list>
      <input_file id="fl-2">
         <path>.\source\</path>
         <kind>object</kind>
         <file>Phantom_sci.obj</file>
         <name>Phantom_sci.obj</name>
      </input_file>
      <input_file id="fl-3">
         <path>.\source\</path>
         <kind>object</kind>
         <file>a_tp_sci.obj</file>
         <name>a_tp_sci.obj</name>
      </input_file>
      <input_file id="fl-4">
         <path>.\source\</path>
         <kind>object</kind>
         <file>can.obj</file>
         <name>can.obj</name>
      </input_file>
      <input_file id="fl-5">
         <path>.\source\</path>
         <kind>object</kind>
         <file>dabort.obj</file>
         <name>dabort.obj</name>
      </input_file>
      <input_file id="fl-6">
         <path>.\source\</path>
         <kind>object</kind>
         <file>errata_SSWF021_45.obj</file>
         <name>errata_SSWF021_45.obj</name>
      </input_file>
      <input_file id="fl-7">
         <path>.\source\</path>
         <kind>object</kind>
         <file>esm.obj</file>
         <name>esm.obj</name>
      </input_file>
      <input_file id="fl-8">
         <path>.\source\</path>
         <kind>object</kind>
         <file>gio.obj</file>
         <name>gio.obj</name>
      </input_file>
      <input_file id="fl-9">
         <path>.\source\</path>
         <kind>object</kind>
         <file>notification.obj</file>
         <name>notification.obj</name>
      </input_file>
      <input_file id="fl-a">
         <path>.\source\</path>
         <kind>object</kind>
         <file>phantom_can.obj</file>
         <name>phantom_can.obj</name>
      </input_file>
      <input_file id="fl-b">
         <path>.\source\</path>
         <kind>object</kind>
         <file>pinmux.obj</file>
         <name>pinmux.obj</name>
      </input_file>
      <input_file id="fl-c">
         <path>.\source\</path>
         <kind>object</kind>
         <file>pl455.obj</file>
         <name>pl455.obj</name>
      </input_file>
      <input_file id="fl-d">
         <path>.\source\</path>
         <kind>object</kind>
         <file>rti.obj</file>
         <name>rti.obj</name>
      </input_file>
      <input_file id="fl-e">
         <path>.\source\</path>
         <kind>object</kind>
         <file>sci.obj</file>
         <name>sci.obj</name>
      </input_file>
      <input_file id="fl-f">
         <path>.\source\</path>
         <kind>object</kind>
         <file>sys_core.obj</file>
         <name>sys_core.obj</name>
      </input_file>
      <input_file id="fl-10">
         <path>.\source\</path>
         <kind>object</kind>
         <file>sys_dma.obj</file>
         <name>sys_dma.obj</name>
      </input_file>
      <input_file id="fl-11">
         <path>.\source\</path>
         <kind>object</kind>
         <file>sys_intvecs.obj</file>
         <name>sys_intvecs.obj</name>
      </input_file>
      <input_file id="fl-12">
         <path>.\source\</path>
         <kind>object</kind>
         <file>sys_main.obj</file>
         <name>sys_main.obj</name>
      </input_file>
      <input_file id="fl-13">
         <path>.\source\</path>
         <kind>object</kind>
         <file>sys_mpu.obj</file>
         <name>sys_mpu.obj</name>
      </input_file>
      <input_file id="fl-14">
         <path>.\source\</path>
         <kind>object</kind>
         <file>sys_pcr.obj</file>
         <name>sys_pcr.obj</name>
      </input_file>
      <input_file id="fl-15">
         <path>.\source\</path>
         <kind>object</kind>
         <file>sys_phantom.obj</file>
         <name>sys_phantom.obj</name>
      </input_file>
      <input_file id="fl-16">
         <path>.\source\</path>
         <kind>object</kind>
         <file>sys_pmm.obj</file>
         <name>sys_pmm.obj</name>
      </input_file>
      <input_file id="fl-17">
         <path>.\source\</path>
         <kind>object</kind>
         <file>sys_pmu.obj</file>
         <name>sys_pmu.obj</name>
      </input_file>
      <input_file id="fl-18">
         <path>.\source\</path>
         <kind>object</kind>
         <file>sys_selftest.obj</file>
         <name>sys_selftest.obj</name>
      </input_file>
      <input_file id="fl-19">
         <path>.\source\</path>
         <kind>object</kind>
         <file>sys_startup.obj</file>
         <name>sys_startup.obj</name>
      </input_file>
      <input_file id="fl-1a">
         <path>.\source\</path>
         <kind>object</kind>
         <file>sys_vim.obj</file>
         <name>sys_vim.obj</name>
      </input_file>
      <input_file id="fl-1b">
         <path>.\source\</path>
         <kind>object</kind>
         <file>system.obj</file>
         <name>system.obj</name>
      </input_file>
      <input_file id="fl-1f">
         <kind>object</kind>
         <file>&lt;internal&gt;</file>
         <name>&lt;internal&gt;</name>
      </input_file>
      <input_file id="fl-20">
         <path>C:\ti\ccs920\ccs\tools\compiler\ti-cgt-arm_18.12.4.LTS\lib\</path>
         <kind>archive</kind>
         <file>rtsv7R4_T_be_v3D16_eabi.lib</file>
         <name>s_floor.c.obj</name>
      </input_file>
      <input_file id="fl-21">
         <path>C:\ti\ccs920\ccs\tools\compiler\ti-cgt-arm_18.12.4.LTS\lib\</path>
         <kind>archive</kind>
         <file>rtsv7R4_T_be_v3D16_eabi.lib</file>
         <name>snprintf.c.obj</name>
      </input_file>
      <input_file id="fl-22">
         <path>C:\ti\ccs920\ccs\tools\compiler\ti-cgt-arm_18.12.4.LTS\lib\</path>
         <kind>archive</kind>
         <file>rtsv7R4_T_be_v3D16_eabi.lib</file>
         <name>memcpy_t2.asm.obj</name>
      </input_file>
      <input_file id="fl-23">
         <path>C:\ti\ccs920\ccs\tools\compiler\ti-cgt-arm_18.12.4.LTS\lib\</path>
         <kind>archive</kind>
         <file>rtsv7R4_T_be_v3D16_eabi.lib</file>
         <name>memset_t2.asm.obj</name>
      </input_file>
      <input_file id="fl-24">
         <path>C:\ti\ccs920\ccs\tools\compiler\ti-cgt-arm_18.12.4.LTS\lib\</path>
         <kind>archive</kind>
         <file>rtsv7R4_T_be_v3D16_eabi.lib</file>
         <name>autoinit.c.obj</name>
      </input_file>
      <input_file id="fl-25">
         <path>C:\ti\ccs920\ccs\tools\compiler\ti-cgt-arm_18.12.4.LTS\lib\</path>
         <kind>archive</kind>
         <file>rtsv7R4_T_be_v3D16_eabi.lib</file>
         <name>cpy_tbl.c.obj</name>
      </input_file>
      <input_file id="fl-26">
         <path>C:\ti\ccs920\ccs\tools\compiler\ti-cgt-arm_18.12.4.LTS\lib\</path>
         <kind>archive</kind>
         <file>rtsv7R4_T_be_v3D16_eabi.lib</file>
         <name>copy_zero_init.c.obj</name>
      </input_file>
      <input_file id="fl-27">
         <path>C:\ti\ccs920\ccs\tools\compiler\ti-cgt-arm_18.12.4.LTS\lib\</path>
         <kind>archive</kind>
         <file>rtsv7R4_T_be_v3D16_eabi.lib</file>
         <name>copy_decompress_none.c.obj</name>
      </input_file>
      <input_file id="fl-28">
         <path>C:\ti\ccs920\ccs\tools\compiler\ti-cgt-arm_18.12.4.LTS\lib\</path>
         <kind>archive</kind>
         <file>rtsv7R4_T_be_v3D16_eabi.lib</file>
         <name>copy_decompress_lzss.c.obj</name>
      </input_file>
      <input_file id="fl-29">
         <path>C:\ti\ccs920\ccs\tools\compiler\ti-cgt-arm_18.12.4.LTS\lib\</path>
         <kind>archive</kind>
         <file>rtsv7R4_T_be_v3D16_eabi.lib</file>
         <name>exit.c.obj</name>
      </input_file>
      <input_file id="fl-2a">
         <path>C:\ti\ccs920\ccs\tools\compiler\ti-cgt-arm_18.12.4.LTS\lib\</path>
         <kind>archive</kind>
         <file>rtsv7R4_T_be_v3D16_eabi.lib</file>
         <name>_lock.c.obj</name>
      </input_file>
      <input_file id="fl-2b">
         <path>C:\ti\ccs920\ccs\tools\compiler\ti-cgt-arm_18.12.4.LTS\lib\</path>
         <kind>archive</kind>
         <file>rtsv7R4_T_be_v3D16_eabi.lib</file>
         <name>strlen.c.obj</name>
      </input_file>
      <input_file id="fl-2c">
         <path>C:\ti\ccs920\ccs\tools\compiler\ti-cgt-arm_18.12.4.LTS\lib\</path>
         <kind>archive</kind>
         <file>rtsv7R4_T_be_v3D16_eabi.lib</file>
         <name>_printfi.c.obj</name>
      </input_file>
      <input_file id="fl-2d">
         <path>C:\ti\ccs920\ccs\tools\compiler\ti-cgt-arm_18.12.4.LTS\lib\</path>
         <kind>archive</kind>
         <file>rtsv7R4_T_be_v3D16_eabi.lib</file>
         <name>ull_div32.asm.obj</name>
      </input_file>
      <input_file id="fl-2e">
         <path>C:\ti\ccs920\ccs\tools\compiler\ti-cgt-arm_18.12.4.LTS\lib\</path>
         <kind>archive</kind>
         <file>rtsv7R4_T_be_v3D16_eabi.lib</file>
         <name>atoi.c.obj</name>
      </input_file>
      <input_file id="fl-2f">
         <path>C:\ti\ccs920\ccs\tools\compiler\ti-cgt-arm_18.12.4.LTS\lib\</path>
         <kind>archive</kind>
         <file>rtsv7R4_T_be_v3D16_eabi.lib</file>
         <name>ctype.c.obj</name>
      </input_file>
      <input_file id="fl-30">
         <path>C:\ti\ccs920\ccs\tools\compiler\ti-cgt-arm_18.12.4.LTS\lib\</path>
         <kind>archive</kind>
         <file>rtsv7R4_T_be_v3D16_eabi.lib</file>
         <name>ltoa.c.obj</name>
      </input_file>
      <input_file id="fl-31">
         <path>C:\ti\ccs920\ccs\tools\compiler\ti-cgt-arm_18.12.4.LTS\lib\</path>
         <kind>archive</kind>
         <file>rtsv7R4_T_be_v3D16_eabi.lib</file>
         <name>memccpy.c.obj</name>
      </input_file>
      <input_file id="fl-32">
         <path>C:\ti\ccs920\ccs\tools\compiler\ti-cgt-arm_18.12.4.LTS\lib\</path>
         <kind>archive</kind>
         <file>rtsv7R4_T_be_v3D16_eabi.lib</file>
         <name>strchr.c.obj</name>
      </input_file>
      <input_file id="fl-33">
         <path>C:\ti\ccs920\ccs\tools\compiler\ti-cgt-arm_18.12.4.LTS\lib\</path>
         <kind>archive</kind>
         <file>rtsv7R4_T_be_v3D16_eabi.lib</file>
         <name>errno.c.obj</name>
      </input_file>
      <input_file id="fl-34">
         <path>C:\ti\ccs920\ccs\tools\compiler\ti-cgt-arm_18.12.4.LTS\lib\</path>
         <kind>archive</kind>
         <file>rtsv7R4_T_be_v3D16_eabi.lib</file>
         <name>wcslen.c.obj</name>
      </input_file>
      <input_file id="fl-35">
         <path>C:\ti\ccs920\ccs\tools\compiler\ti-cgt-arm_18.12.4.LTS\lib\</path>
         <kind>archive</kind>
         <file>rtsv7R4_T_be_v3D16_eabi.lib</file>
         <name>s_frexp.c.obj</name>
      </input_file>
      <input_file id="fl-36">
         <path>C:\ti\ccs920\ccs\tools\compiler\ti-cgt-arm_18.12.4.LTS\lib\</path>
         <kind>archive</kind>
         <file>rtsv7R4_T_be_v3D16_eabi.lib</file>
         <name>s_scalbn.c.obj</name>
      </input_file>
      <input_file id="fl-37">
         <path>C:\ti\ccs920\ccs\tools\compiler\ti-cgt-arm_18.12.4.LTS\lib\</path>
         <kind>archive</kind>
         <file>rtsv7R4_T_be_v3D16_eabi.lib</file>
         <name>s_copysign.c.obj</name>
      </input_file>
   </input_file_list>
   <object_component_list>
      <object_component id="oc-34">
         <name>.intvecs</name>
         <load_address>0x0</load_address>
         <run_address>0x0</run_address>
         <size>0x20</size>
         <input_file_ref idref="fl-11"/>
      </object_component>
      <object_component id="oc-85">
         <name>.text</name>
         <load_address>0x20</load_address>
         <run_address>0x20</run_address>
         <size>0x2cdc</size>
         <input_file_ref idref="fl-18"/>
      </object_component>
      <object_component id="oc-92">
         <name>.text</name>
         <load_address>0x2cfc</load_address>
         <run_address>0x2cfc</run_address>
         <size>0x2534</size>
         <input_file_ref idref="fl-12"/>
      </object_component>
      <object_component id="oc-153">
         <name>.text</name>
         <load_address>0x5230</load_address>
         <run_address>0x5230</run_address>
         <size>0xd3c</size>
         <input_file_ref idref="fl-c"/>
      </object_component>
      <object_component id="oc-7f">
         <name>.text</name>
         <load_address>0x5f6c</load_address>
         <run_address>0x5f6c</run_address>
         <size>0xb64</size>
         <input_file_ref idref="fl-1b"/>
      </object_component>
      <object_component id="oc-141">
         <name>.text</name>
         <load_address>0x6ad0</load_address>
         <run_address>0x6ad0</run_address>
         <size>0xb04</size>
         <input_file_ref idref="fl-4"/>
      </object_component>
      <object_component id="oc-43">
         <name>.text</name>
         <load_address>0x75d4</load_address>
         <run_address>0x75d4</run_address>
         <size>0xa58</size>
         <input_file_ref idref="fl-1a"/>
      </object_component>
      <object_component id="oc-235">
         <name>.text:__TI_printfi</name>
         <load_address>0x802c</load_address>
         <run_address>0x802c</run_address>
         <size>0xa4a</size>
         <input_file_ref idref="fl-2c"/>
      </object_component>
      <object_component id="oc-12f">
         <name>.text</name>
         <load_address>0x8a78</load_address>
         <run_address>0x8a78</run_address>
         <size>0xa2c</size>
         <input_file_ref idref="fl-e"/>
      </object_component>
      <object_component id="oc-e9">
         <name>.text</name>
         <load_address>0x94a4</load_address>
         <run_address>0x94a4</run_address>
         <size>0x8d4</size>
         <input_file_ref idref="fl-b"/>
      </object_component>
      <object_component id="oc-2e">
         <name>.text:retain</name>
         <load_address>0x9d78</load_address>
         <run_address>0x9d78</run_address>
         <size>0x7a8</size>
         <input_file_ref idref="fl-e"/>
      </object_component>
      <object_component id="oc-73">
         <name>.text</name>
         <load_address>0xa520</load_address>
         <run_address>0xa520</run_address>
         <size>0x664</size>
         <input_file_ref idref="fl-6"/>
      </object_component>
      <object_component id="oc-13b">
         <name>.text</name>
         <load_address>0xab84</load_address>
         <run_address>0xab84</run_address>
         <size>0x638</size>
         <input_file_ref idref="fl-d"/>
      </object_component>
      <object_component id="oc-8b">
         <name>.text</name>
         <load_address>0xb1bc</load_address>
         <run_address>0xb1bc</run_address>
         <size>0x5bc</size>
         <input_file_ref idref="fl-7"/>
      </object_component>
      <object_component id="oc-135">
         <name>.text</name>
         <load_address>0xb778</load_address>
         <run_address>0xb778</run_address>
         <size>0x484</size>
         <input_file_ref idref="fl-8"/>
      </object_component>
      <object_component id="oc-6e">
         <name>.text</name>
         <load_address>0xbbfc</load_address>
         <run_address>0xbbfc</run_address>
         <size>0x34c</size>
         <input_file_ref idref="fl-f"/>
      </object_component>
      <object_component id="oc-3f">
         <name>.text:retain</name>
         <load_address>0xbf48</load_address>
         <run_address>0xbf48</run_address>
         <size>0x2cc</size>
         <input_file_ref idref="fl-1a"/>
      </object_component>
      <object_component id="oc-363">
         <name>.text</name>
         <load_address>0xc214</load_address>
         <run_address>0xc214</run_address>
         <size>0x2b8</size>
         <input_file_ref idref="fl-2d"/>
      </object_component>
      <object_component id="oc-19">
         <name>.text:retain</name>
         <load_address>0xc4cc</load_address>
         <run_address>0xc4cc</run_address>
         <size>0x290</size>
         <input_file_ref idref="fl-19"/>
      </object_component>
      <object_component id="oc-306">
         <name>.text:_pconv_a</name>
         <load_address>0xc75c</load_address>
         <run_address>0xc75c</run_address>
         <size>0x248</size>
         <input_file_ref idref="fl-2c"/>
      </object_component>
      <object_component id="oc-2f4">
         <name>.text:_pconv_g</name>
         <load_address>0xc9a4</load_address>
         <run_address>0xc9a4</run_address>
         <size>0x1a0</size>
         <input_file_ref idref="fl-2c"/>
      </object_component>
      <object_component id="oc-1f">
         <name>.text:retain</name>
         <load_address>0xcb44</load_address>
         <run_address>0xcb44</run_address>
         <size>0x114</size>
         <input_file_ref idref="fl-7"/>
      </object_component>
      <object_component id="oc-300">
         <name>.text:_pconv_e</name>
         <load_address>0xcc58</load_address>
         <run_address>0xcc58</run_address>
         <size>0x104</size>
         <input_file_ref idref="fl-2c"/>
      </object_component>
      <object_component id="oc-9a">
         <name>.text</name>
         <load_address>0xcd5c</load_address>
         <run_address>0xcd5c</run_address>
         <size>0x104</size>
         <input_file_ref idref="fl-9"/>
      </object_component>
      <object_component id="oc-37c">
         <name>.text:fcvt</name>
         <load_address>0xce60</load_address>
         <run_address>0xce60</run_address>
         <size>0xfc</size>
         <input_file_ref idref="fl-2c"/>
      </object_component>
      <object_component id="oc-390">
         <name>.text:scalbn</name>
         <load_address>0xcf5c</load_address>
         <run_address>0xcf5c</run_address>
         <size>0xf0</size>
         <input_file_ref idref="fl-36"/>
      </object_component>
      <object_component id="oc-ae">
         <name>.text</name>
         <load_address>0xd04c</load_address>
         <run_address>0xd04c</run_address>
         <size>0xe8</size>
         <input_file_ref idref="fl-5"/>
      </object_component>
      <object_component id="oc-21b">
         <name>.text:floor</name>
         <load_address>0xd134</load_address>
         <run_address>0xd134</run_address>
         <size>0xe0</size>
         <input_file_ref idref="fl-20"/>
      </object_component>
      <object_component id="oc-f1">
         <name>.text</name>
         <load_address>0xd214</load_address>
         <run_address>0xd214</run_address>
         <size>0xe0</size>
         <input_file_ref idref="fl-17"/>
      </object_component>
      <object_component id="oc-2ee">
         <name>.text:_ltostr</name>
         <load_address>0xd2f4</load_address>
         <run_address>0xd2f4</run_address>
         <size>0xad</size>
         <input_file_ref idref="fl-2c"/>
      </object_component>
      <object_component id="oc-56">
         <name>.text</name>
         <load_address>0xd3a2</load_address>
         <run_address>0xd3a2</run_address>
         <size>0x9c</size>
         <input_file_ref idref="fl-22"/>
      </object_component>
      <object_component id="oc-28">
         <name>.text:retain</name>
         <load_address>0xd440</load_address>
         <run_address>0xd440</run_address>
         <size>0x94</size>
         <input_file_ref idref="fl-d"/>
      </object_component>
      <object_component id="oc-375">
         <name>.text:_mcpy</name>
         <load_address>0xd4d4</load_address>
         <run_address>0xd4d4</run_address>
         <size>0x7a</size>
         <input_file_ref idref="fl-2c"/>
      </object_component>
      <object_component id="oc-db">
         <name>.text</name>
         <load_address>0xd54e</load_address>
         <run_address>0xd54e</run_address>
         <size>0x7a</size>
         <input_file_ref idref="fl-23"/>
      </object_component>
      <object_component id="oc-38a">
         <name>.text:frexp</name>
         <load_address>0xd5c8</load_address>
         <run_address>0xd5c8</run_address>
         <size>0x74</size>
         <input_file_ref idref="fl-35"/>
      </object_component>
      <object_component id="oc-c">
         <name>.text:decompress:lzss:__TI_decompress_lzss</name>
         <load_address>0xd63c</load_address>
         <run_address>0xd63c</run_address>
         <size>0x6c</size>
         <input_file_ref idref="fl-28"/>
      </object_component>
      <object_component id="oc-36f">
         <name>.text:_ecpy</name>
         <load_address>0xd6a8</load_address>
         <run_address>0xd6a8</run_address>
         <size>0x54</size>
         <input_file_ref idref="fl-2c"/>
      </object_component>
      <object_component id="oc-369">
         <name>.text:ltoa</name>
         <load_address>0xd6fc</load_address>
         <run_address>0xd6fc</run_address>
         <size>0x54</size>
         <input_file_ref idref="fl-30"/>
      </object_component>
      <object_component id="oc-14d">
         <name>.text</name>
         <load_address>0xd750</load_address>
         <run_address>0xd750</run_address>
         <size>0x50</size>
         <input_file_ref idref="fl-2"/>
      </object_component>
      <object_component id="oc-2fa">
         <name>.text:_pconv_f</name>
         <load_address>0xd7a0</load_address>
         <run_address>0xd7a0</run_address>
         <size>0x50</size>
         <input_file_ref idref="fl-2c"/>
      </object_component>
      <object_component id="oc-2e8">
         <name>.text:atoi</name>
         <load_address>0xd7f0</load_address>
         <run_address>0xd7f0</run_address>
         <size>0x50</size>
         <input_file_ref idref="fl-2e"/>
      </object_component>
      <object_component id="oc-147">
         <name>.text:snprintf</name>
         <load_address>0xd840</load_address>
         <run_address>0xd840</run_address>
         <size>0x4c</size>
         <input_file_ref idref="fl-21"/>
      </object_component>
      <object_component id="oc-ff">
         <name>.text:__TI_auto_init_nobinit_nopinit:__TI_auto_init_nobinit_nopinit</name>
         <load_address>0xd88c</load_address>
         <run_address>0xd88c</run_address>
         <size>0x44</size>
         <input_file_ref idref="fl-24"/>
      </object_component>
      <object_component id="oc-382">
         <name>.text:_fcpy</name>
         <load_address>0xd8d0</load_address>
         <run_address>0xd8d0</run_address>
         <size>0x40</size>
         <input_file_ref idref="fl-2c"/>
      </object_component>
      <object_component id="oc-23b">
         <name>.text:_outs</name>
         <load_address>0xd910</load_address>
         <run_address>0xd910</run_address>
         <size>0x30</size>
         <input_file_ref idref="fl-21"/>
      </object_component>
      <object_component id="oc-3cf">
         <name>.text:copysign</name>
         <load_address>0xd940</load_address>
         <run_address>0xd940</run_address>
         <size>0x1e</size>
         <input_file_ref idref="fl-37"/>
      </object_component>
      <object_component id="oc-62">
         <name>.text:decompress:ZI:__TI_zero_init_nomemset:__TI_zero_init_nomemset</name>
         <load_address>0xd95e</load_address>
         <run_address>0xd95e</run_address>
         <size>0x1c</size>
         <input_file_ref idref="fl-26"/>
      </object_component>
      <object_component id="oc-30c">
         <name>.text:memccpy</name>
         <load_address>0xd97a</load_address>
         <run_address>0xd97a</run_address>
         <size>0x1c</size>
         <input_file_ref idref="fl-31"/>
      </object_component>
      <object_component id="oc-241">
         <name>.text:_outc</name>
         <load_address>0xd996</load_address>
         <run_address>0xd996</run_address>
         <size>0x18</size>
         <input_file_ref idref="fl-21"/>
      </object_component>
      <object_component id="oc-396">
         <name>.text:strchr</name>
         <load_address>0xd9ae</load_address>
         <run_address>0xd9ae</run_address>
         <size>0x16</size>
         <input_file_ref idref="fl-32"/>
      </object_component>
      <object_component id="oc-258">
         <name>.text:strlen</name>
         <load_address>0xd9c4</load_address>
         <run_address>0xd9c4</run_address>
         <size>0x16</size>
         <input_file_ref idref="fl-2b"/>
      </object_component>
      <object_component id="oc-312">
         <name>.text:wcslen</name>
         <load_address>0xd9da</load_address>
         <run_address>0xd9da</run_address>
         <size>0x12</size>
         <input_file_ref idref="fl-34"/>
      </object_component>
      <object_component id="oc-12">
         <name>.text:decompress:none:__TI_decompress_none</name>
         <load_address>0xd9ec</load_address>
         <run_address>0xd9ec</run_address>
         <size>0xe</size>
         <input_file_ref idref="fl-27"/>
      </object_component>
      <object_component id="oc-318">
         <name>.text:__aeabi_errno_addr</name>
         <load_address>0xd9fc</load_address>
         <run_address>0xd9fc</run_address>
         <size>0x8</size>
         <input_file_ref idref="fl-33"/>
      </object_component>
      <object_component id="oc-174">
         <name>.text:abort:abort</name>
         <load_address>0xda04</load_address>
         <run_address>0xda04</run_address>
         <size>0x4</size>
         <input_file_ref idref="fl-29"/>
      </object_component>
      <object_component id="oc-39">
         <name>.text:retain</name>
         <load_address>0xda08</load_address>
         <run_address>0xda08</run_address>
         <size>0x4</size>
         <input_file_ref idref="fl-15"/>
      </object_component>
      <object_component id="oc-79">
         <name>.text</name>
         <load_address>0xda0c</load_address>
         <run_address>0xda0c</run_address>
         <size>0x4</size>
         <input_file_ref idref="fl-19"/>
      </object_component>
      <object_component id="oc-260">
         <name>.const:crc16_table</name>
         <load_address>0xda10</load_address>
         <run_address>0xda10</run_address>
         <size>0x200</size>
         <input_file_ref idref="fl-c"/>
      </object_component>
      <object_component id="oc-25">
         <name>.const:s_vim_init</name>
         <load_address>0xdc10</load_address>
         <run_address>0xdc10</run_address>
         <size>0x200</size>
         <input_file_ref idref="fl-1a"/>
      </object_component>
      <object_component id="oc-35e">
         <name>.const:.string:_ctypes_</name>
         <load_address>0xde10</load_address>
         <run_address>0xde10</run_address>
         <size>0x101</size>
         <input_file_ref idref="fl-2f"/>
      </object_component>
      <object_component id="oc-22b">
         <name>.const:s_canByteOrder</name>
         <load_address>0xdf14</load_address>
         <run_address>0xdf14</run_address>
         <size>0x20</size>
         <input_file_ref idref="fl-4"/>
      </object_component>
      <object_component id="oc-41d">
         <name>__TI_handler_table</name>
         <load_address>0xdf38</load_address>
         <run_address>0xdf38</run_address>
         <size>0xc</size>
      </object_component>
      <object_component id="oc-420">
         <name>.cinit..data.load</name>
         <load_address>0xdf44</load_address>
         <run_address>0xdf44</run_address>
         <size>0x9</size>
      </object_component>
      <object_component id="oc-41f">
         <name>.cinit..bss.load</name>
         <load_address>0xdf50</load_address>
         <run_address>0xdf50</run_address>
         <size>0x8</size>
      </object_component>
      <object_component id="oc-41e">
         <name>__TI_cinit_table</name>
         <load_address>0xdf58</load_address>
         <run_address>0xdf58</run_address>
         <size>0x10</size>
      </object_component>
      <object_component id="oc-263">
         <name>.bss</name>
         <uninitialized>true</uninitialized>
         <run_address>0x800173c</run_address>
         <size>0x4</size>
         <input_file_ref idref="fl-c"/>
      </object_component>
      <object_component id="oc-aa">
         <name>.bss:g_sciTransfer_t</name>
         <uninitialized>true</uninitialized>
         <run_address>0x8001714</run_address>
         <size>0x28</size>
         <input_file_ref idref="fl-e"/>
      </object_component>
      <object_component id="oc-15f">
         <name>.bss</name>
         <uninitialized>true</uninitialized>
         <run_address>0x800174c</run_address>
         <size>0x1</size>
         <input_file_ref idref="fl-12"/>
      </object_component>
      <object_component id="oc-163">
         <name>.common:nSent</name>
         <uninitialized>true</uninitialized>
         <run_address>0x8001748</run_address>
         <size>0x4</size>
      </object_component>
      <object_component id="oc-164">
         <name>.common:nRead</name>
         <uninitialized>true</uninitialized>
         <run_address>0x8001744</run_address>
         <size>0x4</size>
      </object_component>
      <object_component id="oc-162">
         <name>.common:nDev_ID</name>
         <uninitialized>true</uninitialized>
         <run_address>0x8001740</run_address>
         <size>0x4</size>
      </object_component>
      <object_component id="oc-159">
         <name>.common:CHARGING_FLAG</name>
         <uninitialized>true</uninitialized>
         <run_address>0x800174d</run_address>
         <size>0x1</size>
      </object_component>
      <object_component id="oc-16d">
         <name>.common:LED_Counter</name>
         <uninitialized>true</uninitialized>
         <run_address>0x800174e</run_address>
         <size>0x1</size>
      </object_component>
      <object_component id="oc-16c">
         <name>.common:SingleSlaveReading</name>
         <uninitialized>true</uninitialized>
         <run_address>0x80016e8</run_address>
         <size>0x2c</size>
      </object_component>
      <object_component id="oc-165">
         <name>.common:MultipleSlaveReading</name>
         <uninitialized>true</uninitialized>
         <run_address>0x80016bc</run_address>
         <size>0x2c</size>
      </object_component>
      <object_component id="oc-15c">
         <name>.data</name>
         <load_address>0x80016a0</load_address>
         <run_address>0x80016a0</run_address>
         <size>0x18</size>
         <input_file_ref idref="fl-12"/>
      </object_component>
      <object_component id="oc-166">
         <name>.data:BMS</name>
         <load_address>0x8001640</load_address>
         <run_address>0x8001640</run_address>
         <size>0x60</size>
         <input_file_ref idref="fl-12"/>
      </object_component>
      <object_component id="oc-169">
         <name>.data:BMS_Voltages</name>
         <load_address>0x8001500</load_address>
         <run_address>0x8001500</run_address>
         <size>0x140</size>
         <input_file_ref idref="fl-12"/>
      </object_component>
      <object_component id="oc-3a6">
         <name>.data</name>
         <load_address>0x80016b8</load_address>
         <run_address>0x80016b8</run_address>
         <size>0x4</size>
         <input_file_ref idref="fl-33"/>
      </object_component>
      <object_component id="oc-25f">
         <name>.debug_info</name>
         <load_address>0x0</load_address>
         <run_address>0x0</run_address>
         <size>0x33f</size>
         <input_file_ref idref="fl-2"/>
      </object_component>
      <object_component id="oc-14e">
         <name>.debug_info</name>
         <load_address>0x33f</load_address>
         <run_address>0x33f</run_address>
         <size>0x260</size>
         <input_file_ref idref="fl-2"/>
      </object_component>
      <object_component id="oc-18a">
         <name>.debug_info</name>
         <load_address>0x59f</load_address>
         <run_address>0x59f</run_address>
         <size>0x26b</size>
         <input_file_ref idref="fl-2"/>
      </object_component>
      <object_component id="oc-a1">
         <name>.debug_info</name>
         <load_address>0x80a</load_address>
         <run_address>0x80a</run_address>
         <size>0x157</size>
         <input_file_ref idref="fl-2"/>
      </object_component>
      <object_component id="oc-bc">
         <name>.debug_info</name>
         <load_address>0x961</load_address>
         <run_address>0x961</run_address>
         <size>0x8b</size>
         <input_file_ref idref="fl-2"/>
      </object_component>
      <object_component id="oc-293">
         <name>.debug_info</name>
         <load_address>0x9ec</load_address>
         <run_address>0x9ec</run_address>
         <size>0x297</size>
         <input_file_ref idref="fl-2"/>
      </object_component>
      <object_component id="oc-16f">
         <name>.debug_info</name>
         <load_address>0xc83</load_address>
         <run_address>0xc83</run_address>
         <size>0xbb</size>
         <input_file_ref idref="fl-2"/>
      </object_component>
      <object_component id="oc-1be">
         <name>.debug_info</name>
         <load_address>0xd3e</load_address>
         <run_address>0xd3e</run_address>
         <size>0x2c</size>
         <input_file_ref idref="fl-2"/>
      </object_component>
      <object_component id="oc-c1">
         <name>.debug_info</name>
         <load_address>0xd6a</load_address>
         <run_address>0xd6a</run_address>
         <size>0x86</size>
         <input_file_ref idref="fl-2"/>
      </object_component>
      <object_component id="oc-199">
         <name>.debug_info</name>
         <load_address>0xdf0</load_address>
         <run_address>0xdf0</run_address>
         <size>0x1f9</size>
         <input_file_ref idref="fl-2"/>
      </object_component>
      <object_component id="oc-27c">
         <name>.debug_info</name>
         <load_address>0xfe9</load_address>
         <run_address>0xfe9</run_address>
         <size>0x243</size>
         <input_file_ref idref="fl-2"/>
      </object_component>
      <object_component id="oc-2b0">
         <name>.debug_info</name>
         <load_address>0x122c</load_address>
         <run_address>0x122c</run_address>
         <size>0x18e</size>
         <input_file_ref idref="fl-2"/>
      </object_component>
      <object_component id="oc-1b6">
         <name>.debug_info</name>
         <load_address>0x13ba</load_address>
         <run_address>0x13ba</run_address>
         <size>0x38c</size>
         <input_file_ref idref="fl-3"/>
      </object_component>
      <object_component id="oc-b7">
         <name>.debug_info</name>
         <load_address>0x1746</load_address>
         <run_address>0x1746</run_address>
         <size>0x18c</size>
         <input_file_ref idref="fl-3"/>
      </object_component>
      <object_component id="oc-286">
         <name>.debug_info</name>
         <load_address>0x18d2</load_address>
         <run_address>0x18d2</run_address>
         <size>0xcc</size>
         <input_file_ref idref="fl-3"/>
      </object_component>
      <object_component id="oc-253">
         <name>.debug_info</name>
         <load_address>0x199e</load_address>
         <run_address>0x199e</run_address>
         <size>0x2c</size>
         <input_file_ref idref="fl-3"/>
      </object_component>
      <object_component id="oc-194">
         <name>.debug_info</name>
         <load_address>0x19ca</load_address>
         <run_address>0x19ca</run_address>
         <size>0x435</size>
         <input_file_ref idref="fl-3"/>
      </object_component>
      <object_component id="oc-1f8">
         <name>.debug_info</name>
         <load_address>0x1dff</load_address>
         <run_address>0x1dff</run_address>
         <size>0x551</size>
         <input_file_ref idref="fl-3"/>
      </object_component>
      <object_component id="oc-19e">
         <name>.debug_info</name>
         <load_address>0x2350</load_address>
         <run_address>0x2350</run_address>
         <size>0x6a6</size>
         <input_file_ref idref="fl-3"/>
      </object_component>
      <object_component id="oc-1a3">
         <name>.debug_info</name>
         <load_address>0x29f6</load_address>
         <run_address>0x29f6</run_address>
         <size>0x13e</size>
         <input_file_ref idref="fl-3"/>
      </object_component>
      <object_component id="oc-1a8">
         <name>.debug_info</name>
         <load_address>0x2b34</load_address>
         <run_address>0x2b34</run_address>
         <size>0x2d0</size>
         <input_file_ref idref="fl-3"/>
      </object_component>
      <object_component id="oc-22f">
         <name>.debug_info</name>
         <load_address>0x2e04</load_address>
         <run_address>0x2e04</run_address>
         <size>0x311</size>
         <input_file_ref idref="fl-4"/>
      </object_component>
      <object_component id="oc-22c">
         <name>.debug_info</name>
         <load_address>0x3115</load_address>
         <run_address>0x3115</run_address>
         <size>0xe8</size>
         <input_file_ref idref="fl-4"/>
      </object_component>
      <object_component id="oc-144">
         <name>.debug_info</name>
         <load_address>0x31fd</load_address>
         <run_address>0x31fd</run_address>
         <size>0x13a7</size>
         <input_file_ref idref="fl-4"/>
      </object_component>
      <object_component id="oc-1da">
         <name>.debug_info</name>
         <load_address>0x45a4</load_address>
         <run_address>0x45a4</run_address>
         <size>0x437</size>
         <input_file_ref idref="fl-4"/>
      </object_component>
      <object_component id="oc-230">
         <name>.debug_info</name>
         <load_address>0x49db</load_address>
         <run_address>0x49db</run_address>
         <size>0x15f</size>
         <input_file_ref idref="fl-4"/>
      </object_component>
      <object_component id="oc-af">
         <name>.debug_info</name>
         <load_address>0x4b3a</load_address>
         <run_address>0x4b3a</run_address>
         <size>0xff</size>
         <input_file_ref idref="fl-5"/>
      </object_component>
      <object_component id="oc-1c6">
         <name>.debug_info</name>
         <load_address>0x4c39</load_address>
         <run_address>0x4c39</run_address>
         <size>0x2be</size>
         <input_file_ref idref="fl-6"/>
      </object_component>
      <object_component id="oc-74">
         <name>.debug_info</name>
         <load_address>0x4ef7</load_address>
         <run_address>0x4ef7</run_address>
         <size>0x63f</size>
         <input_file_ref idref="fl-6"/>
      </object_component>
      <object_component id="oc-51">
         <name>.debug_info</name>
         <load_address>0x5536</load_address>
         <run_address>0x5536</run_address>
         <size>0x84</size>
         <input_file_ref idref="fl-6"/>
      </object_component>
      <object_component id="oc-e3">
         <name>.debug_info</name>
         <load_address>0x55ba</load_address>
         <run_address>0x55ba</run_address>
         <size>0x9e7</size>
         <input_file_ref idref="fl-6"/>
      </object_component>
      <object_component id="oc-fe">
         <name>.debug_info</name>
         <load_address>0x5fa1</load_address>
         <run_address>0x5fa1</run_address>
         <size>0x316</size>
         <input_file_ref idref="fl-7"/>
      </object_component>
      <object_component id="oc-8c">
         <name>.debug_info</name>
         <load_address>0x62b7</load_address>
         <run_address>0x62b7</run_address>
         <size>0xb2b</size>
         <input_file_ref idref="fl-7"/>
      </object_component>
      <object_component id="oc-20">
         <name>.debug_info</name>
         <load_address>0x6de2</load_address>
         <run_address>0x6de2</run_address>
         <size>0x18b</size>
         <input_file_ref idref="fl-7"/>
      </object_component>
      <object_component id="oc-18f">
         <name>.debug_info</name>
         <load_address>0x6f6d</load_address>
         <run_address>0x6f6d</run_address>
         <size>0x1de</size>
         <input_file_ref idref="fl-7"/>
      </object_component>
      <object_component id="oc-f9">
         <name>.debug_info</name>
         <load_address>0x714b</load_address>
         <run_address>0x714b</run_address>
         <size>0x129</size>
         <input_file_ref idref="fl-7"/>
      </object_component>
      <object_component id="oc-223">
         <name>.debug_info</name>
         <load_address>0x7274</load_address>
         <run_address>0x7274</run_address>
         <size>0x299</size>
         <input_file_ref idref="fl-8"/>
      </object_component>
      <object_component id="oc-136">
         <name>.debug_info</name>
         <load_address>0x750d</load_address>
         <run_address>0x750d</run_address>
         <size>0x6e3</size>
         <input_file_ref idref="fl-8"/>
      </object_component>
      <object_component id="oc-2dd">
         <name>.debug_info</name>
         <load_address>0x7bf0</load_address>
         <run_address>0x7bf0</run_address>
         <size>0x12a</size>
         <input_file_ref idref="fl-8"/>
      </object_component>
      <object_component id="oc-181">
         <name>.debug_info</name>
         <load_address>0x7d1a</load_address>
         <run_address>0x7d1a</run_address>
         <size>0x516</size>
         <input_file_ref idref="fl-9"/>
      </object_component>
      <object_component id="oc-9b">
         <name>.debug_info</name>
         <load_address>0x8230</load_address>
         <run_address>0x8230</run_address>
         <size>0xa7e</size>
         <input_file_ref idref="fl-9"/>
      </object_component>
      <object_component id="oc-1cb">
         <name>.debug_info</name>
         <load_address>0x8cae</load_address>
         <run_address>0x8cae</run_address>
         <size>0x791</size>
         <input_file_ref idref="fl-9"/>
      </object_component>
      <object_component id="oc-1d0">
         <name>.debug_info</name>
         <load_address>0x943f</load_address>
         <run_address>0x943f</run_address>
         <size>0x4de</size>
         <input_file_ref idref="fl-9"/>
      </object_component>
      <object_component id="oc-1d5">
         <name>.debug_info</name>
         <load_address>0x991d</load_address>
         <run_address>0x991d</run_address>
         <size>0x3ce</size>
         <input_file_ref idref="fl-9"/>
      </object_component>
      <object_component id="oc-26d">
         <name>.debug_info</name>
         <load_address>0x9ceb</load_address>
         <run_address>0x9ceb</run_address>
         <size>0x306</size>
         <input_file_ref idref="fl-9"/>
      </object_component>
      <object_component id="oc-2a4">
         <name>.debug_info</name>
         <load_address>0x9ff1</load_address>
         <run_address>0x9ff1</run_address>
         <size>0x7cd</size>
         <input_file_ref idref="fl-9"/>
      </object_component>
      <object_component id="oc-183">
         <name>.debug_info</name>
         <load_address>0xa7be</load_address>
         <run_address>0xa7be</run_address>
         <size>0x673</size>
         <input_file_ref idref="fl-9"/>
      </object_component>
      <object_component id="oc-281">
         <name>.debug_info</name>
         <load_address>0xae31</load_address>
         <run_address>0xae31</run_address>
         <size>0x79</size>
         <input_file_ref idref="fl-9"/>
      </object_component>
      <object_component id="oc-205">
         <name>.debug_info</name>
         <load_address>0xaeaa</load_address>
         <run_address>0xaeaa</run_address>
         <size>0x37b</size>
         <input_file_ref idref="fl-9"/>
      </object_component>
      <object_component id="oc-225">
         <name>.debug_info</name>
         <load_address>0xb225</load_address>
         <run_address>0xb225</run_address>
         <size>0x1d4</size>
         <input_file_ref idref="fl-9"/>
      </object_component>
      <object_component id="oc-1df">
         <name>.debug_info</name>
         <load_address>0xb3f9</load_address>
         <run_address>0xb3f9</run_address>
         <size>0x1ca</size>
         <input_file_ref idref="fl-9"/>
      </object_component>
      <object_component id="oc-1e4">
         <name>.debug_info</name>
         <load_address>0xb5c3</load_address>
         <run_address>0xb5c3</run_address>
         <size>0x3d3</size>
         <input_file_ref idref="fl-9"/>
      </object_component>
      <object_component id="oc-1ee">
         <name>.debug_info</name>
         <load_address>0xb996</load_address>
         <run_address>0xb996</run_address>
         <size>0x1de</size>
         <input_file_ref idref="fl-9"/>
      </object_component>
      <object_component id="oc-1fd">
         <name>.debug_info</name>
         <load_address>0xbb74</load_address>
         <run_address>0xbb74</run_address>
         <size>0x17a</size>
         <input_file_ref idref="fl-9"/>
      </object_component>
      <object_component id="oc-1c8">
         <name>.debug_info</name>
         <load_address>0xbcee</load_address>
         <run_address>0xbcee</run_address>
         <size>0x280</size>
         <input_file_ref idref="fl-b"/>
      </object_component>
      <object_component id="oc-ea">
         <name>.debug_info</name>
         <load_address>0xbf6e</load_address>
         <run_address>0xbf6e</run_address>
         <size>0x1e9</size>
         <input_file_ref idref="fl-b"/>
      </object_component>
      <object_component id="oc-1e9">
         <name>.debug_info</name>
         <load_address>0xc157</load_address>
         <run_address>0xc157</run_address>
         <size>0x508</size>
         <input_file_ref idref="fl-b"/>
      </object_component>
      <object_component id="oc-2bb">
         <name>.debug_info</name>
         <load_address>0xc65f</load_address>
         <run_address>0xc65f</run_address>
         <size>0x43c</size>
         <input_file_ref idref="fl-b"/>
      </object_component>
      <object_component id="oc-26a">
         <name>.debug_info</name>
         <load_address>0xca9b</load_address>
         <run_address>0xca9b</run_address>
         <size>0x5cd</size>
         <input_file_ref idref="fl-c"/>
      </object_component>
      <object_component id="oc-261">
         <name>.debug_info</name>
         <load_address>0xd068</load_address>
         <run_address>0xd068</run_address>
         <size>0xe6</size>
         <input_file_ref idref="fl-c"/>
      </object_component>
      <object_component id="oc-154">
         <name>.debug_info</name>
         <load_address>0xd14e</load_address>
         <run_address>0xd14e</run_address>
         <size>0xeb7</size>
         <input_file_ref idref="fl-c"/>
      </object_component>
      <object_component id="oc-272">
         <name>.debug_info</name>
         <load_address>0xe005</load_address>
         <run_address>0xe005</run_address>
         <size>0x148</size>
         <input_file_ref idref="fl-c"/>
      </object_component>
      <object_component id="oc-265">
         <name>.debug_info</name>
         <load_address>0xe14d</load_address>
         <run_address>0xe14d</run_address>
         <size>0x46</size>
         <input_file_ref idref="fl-c"/>
      </object_component>
      <object_component id="oc-22a">
         <name>.debug_info</name>
         <load_address>0xe193</load_address>
         <run_address>0xe193</run_address>
         <size>0x2e9</size>
         <input_file_ref idref="fl-d"/>
      </object_component>
      <object_component id="oc-13d">
         <name>.debug_info</name>
         <load_address>0xe47c</load_address>
         <run_address>0xe47c</run_address>
         <size>0xd27</size>
         <input_file_ref idref="fl-d"/>
      </object_component>
      <object_component id="oc-2b">
         <name>.debug_info</name>
         <load_address>0xf1a3</load_address>
         <run_address>0xf1a3</run_address>
         <size>0x1c6</size>
         <input_file_ref idref="fl-d"/>
      </object_component>
      <object_component id="oc-1b4">
         <name>.debug_info</name>
         <load_address>0xf369</load_address>
         <run_address>0xf369</run_address>
         <size>0x31b</size>
         <input_file_ref idref="fl-e"/>
      </object_component>
      <object_component id="oc-ab">
         <name>.debug_info</name>
         <load_address>0xf684</load_address>
         <run_address>0xf684</run_address>
         <size>0xea</size>
         <input_file_ref idref="fl-e"/>
      </object_component>
      <object_component id="oc-130">
         <name>.debug_info</name>
         <load_address>0xf76e</load_address>
         <run_address>0xf76e</run_address>
         <size>0xd05</size>
         <input_file_ref idref="fl-e"/>
      </object_component>
      <object_component id="oc-30">
         <name>.debug_info</name>
         <load_address>0x10473</load_address>
         <run_address>0x10473</run_address>
         <size>0x62c</size>
         <input_file_ref idref="fl-e"/>
      </object_component>
      <object_component id="oc-2ab">
         <name>.debug_info</name>
         <load_address>0x10a9f</load_address>
         <run_address>0x10a9f</run_address>
         <size>0x91</size>
         <input_file_ref idref="fl-e"/>
      </object_component>
      <object_component id="oc-71">
         <name>.debug_info</name>
         <load_address>0x10b30</load_address>
         <run_address>0x10b30</run_address>
         <size>0x7f4</size>
         <input_file_ref idref="fl-f"/>
      </object_component>
      <object_component id="oc-36">
         <name>.debug_info</name>
         <load_address>0x11324</load_address>
         <run_address>0x11324</run_address>
         <size>0x107</size>
         <input_file_ref idref="fl-11"/>
      </object_component>
      <object_component id="oc-15a">
         <name>.debug_info</name>
         <load_address>0x1142b</load_address>
         <run_address>0x1142b</run_address>
         <size>0x9c3</size>
         <input_file_ref idref="fl-12"/>
      </object_component>
      <object_component id="oc-15d">
         <name>.debug_info</name>
         <load_address>0x11dee</load_address>
         <run_address>0x11dee</run_address>
         <size>0x1fe</size>
         <input_file_ref idref="fl-12"/>
      </object_component>
      <object_component id="oc-160">
         <name>.debug_info</name>
         <load_address>0x11fec</load_address>
         <run_address>0x11fec</run_address>
         <size>0xdf</size>
         <input_file_ref idref="fl-12"/>
      </object_component>
      <object_component id="oc-167">
         <name>.debug_info</name>
         <load_address>0x120cb</load_address>
         <run_address>0x120cb</run_address>
         <size>0xd8</size>
         <input_file_ref idref="fl-12"/>
      </object_component>
      <object_component id="oc-16a">
         <name>.debug_info</name>
         <load_address>0x121a3</load_address>
         <run_address>0x121a3</run_address>
         <size>0xea</size>
         <input_file_ref idref="fl-12"/>
      </object_component>
      <object_component id="oc-93">
         <name>.debug_info</name>
         <load_address>0x1228d</load_address>
         <run_address>0x1228d</run_address>
         <size>0x16d4</size>
         <input_file_ref idref="fl-12"/>
      </object_component>
      <object_component id="oc-277">
         <name>.debug_info</name>
         <load_address>0x13961</load_address>
         <run_address>0x13961</run_address>
         <size>0x35</size>
         <input_file_ref idref="fl-12"/>
      </object_component>
      <object_component id="oc-2c0">
         <name>.debug_info</name>
         <load_address>0x13996</load_address>
         <run_address>0x13996</run_address>
         <size>0x29f</size>
         <input_file_ref idref="fl-14"/>
      </object_component>
      <object_component id="oc-346">
         <name>.debug_info</name>
         <load_address>0x13c35</load_address>
         <run_address>0x13c35</run_address>
         <size>0x242</size>
         <input_file_ref idref="fl-14"/>
      </object_component>
      <object_component id="oc-1f3">
         <name>.debug_info</name>
         <load_address>0x13e77</load_address>
         <run_address>0x13e77</run_address>
         <size>0x2af</size>
         <input_file_ref idref="fl-14"/>
      </object_component>
      <object_component id="oc-3a">
         <name>.debug_info</name>
         <load_address>0x14126</load_address>
         <run_address>0x14126</run_address>
         <size>0x13c</size>
         <input_file_ref idref="fl-15"/>
      </object_component>
      <object_component id="oc-f4">
         <name>.debug_info</name>
         <load_address>0x14262</load_address>
         <run_address>0x14262</run_address>
         <size>0x366</size>
         <input_file_ref idref="fl-17"/>
      </object_component>
      <object_component id="oc-f7">
         <name>.debug_info</name>
         <load_address>0x145c8</load_address>
         <run_address>0x145c8</run_address>
         <size>0x66f</size>
         <input_file_ref idref="fl-18"/>
      </object_component>
      <object_component id="oc-86">
         <name>.debug_info</name>
         <load_address>0x14c37</load_address>
         <run_address>0x14c37</run_address>
         <size>0x2e8e</size>
         <input_file_ref idref="fl-18"/>
      </object_component>
      <object_component id="oc-1a">
         <name>.debug_info</name>
         <load_address>0x17ac5</load_address>
         <run_address>0x17ac5</run_address>
         <size>0x5e2</size>
         <input_file_ref idref="fl-19"/>
      </object_component>
      <object_component id="oc-7a">
         <name>.debug_info</name>
         <load_address>0x180a7</load_address>
         <run_address>0x180a7</run_address>
         <size>0x135</size>
         <input_file_ref idref="fl-19"/>
      </object_component>
      <object_component id="oc-a8">
         <name>.debug_info</name>
         <load_address>0x181dc</load_address>
         <run_address>0x181dc</run_address>
         <size>0x56f</size>
         <input_file_ref idref="fl-1a"/>
      </object_component>
      <object_component id="oc-26">
         <name>.debug_info</name>
         <load_address>0x1874b</load_address>
         <run_address>0x1874b</run_address>
         <size>0xe4</size>
         <input_file_ref idref="fl-1a"/>
      </object_component>
      <object_component id="oc-44">
         <name>.debug_info</name>
         <load_address>0x1882f</load_address>
         <run_address>0x1882f</run_address>
         <size>0x476</size>
         <input_file_ref idref="fl-1a"/>
      </object_component>
      <object_component id="oc-40">
         <name>.debug_info</name>
         <load_address>0x18ca5</load_address>
         <run_address>0x18ca5</run_address>
         <size>0x1ff</size>
         <input_file_ref idref="fl-1a"/>
      </object_component>
      <object_component id="oc-1ad">
         <name>.debug_info</name>
         <load_address>0x18ea4</load_address>
         <run_address>0x18ea4</run_address>
         <size>0x4f</size>
         <input_file_ref idref="fl-1a"/>
      </object_component>
      <object_component id="oc-f0">
         <name>.debug_info</name>
         <load_address>0x18ef3</load_address>
         <run_address>0x18ef3</run_address>
         <size>0x51c</size>
         <input_file_ref idref="fl-1b"/>
      </object_component>
      <object_component id="oc-81">
         <name>.debug_info</name>
         <load_address>0x1940f</load_address>
         <run_address>0x1940f</run_address>
         <size>0x7d9</size>
         <input_file_ref idref="fl-1b"/>
      </object_component>
      <object_component id="oc-2da">
         <name>.debug_info</name>
         <load_address>0x19be8</load_address>
         <run_address>0x19be8</run_address>
         <size>0x28e</size>
         <input_file_ref idref="fl-20"/>
      </object_component>
      <object_component id="oc-21c">
         <name>.debug_info</name>
         <load_address>0x19e76</load_address>
         <run_address>0x19e76</run_address>
         <size>0x19f</size>
         <input_file_ref idref="fl-20"/>
      </object_component>
      <object_component id="oc-357">
         <name>.debug_info</name>
         <load_address>0x1a015</load_address>
         <run_address>0x1a015</run_address>
         <size>0x46</size>
         <input_file_ref idref="fl-20"/>
      </object_component>
      <object_component id="oc-2d5">
         <name>.debug_info</name>
         <load_address>0x1a05b</load_address>
         <run_address>0x1a05b</run_address>
         <size>0x39</size>
         <input_file_ref idref="fl-20"/>
      </object_component>
      <object_component id="oc-248">
         <name>.debug_info</name>
         <load_address>0x1a094</load_address>
         <run_address>0x1a094</run_address>
         <size>0x339</size>
         <input_file_ref idref="fl-21"/>
      </object_component>
      <object_component id="oc-149">
         <name>.debug_info</name>
         <load_address>0x1a3cd</load_address>
         <run_address>0x1a3cd</run_address>
         <size>0x1ed</size>
         <input_file_ref idref="fl-21"/>
      </object_component>
      <object_component id="oc-23d">
         <name>.debug_info</name>
         <load_address>0x1a5ba</load_address>
         <run_address>0x1a5ba</run_address>
         <size>0x1c2</size>
         <input_file_ref idref="fl-21"/>
      </object_component>
      <object_component id="oc-242">
         <name>.debug_info</name>
         <load_address>0x1a77c</load_address>
         <run_address>0x1a77c</run_address>
         <size>0x175</size>
         <input_file_ref idref="fl-21"/>
      </object_component>
      <object_component id="oc-249">
         <name>.debug_info</name>
         <load_address>0x1a8f1</load_address>
         <run_address>0x1a8f1</run_address>
         <size>0x2c</size>
         <input_file_ref idref="fl-21"/>
      </object_component>
      <object_component id="oc-24e">
         <name>.debug_info</name>
         <load_address>0x1a91d</load_address>
         <run_address>0x1a91d</run_address>
         <size>0x69</size>
         <input_file_ref idref="fl-21"/>
      </object_component>
      <object_component id="oc-58">
         <name>.debug_info</name>
         <load_address>0x1a986</load_address>
         <run_address>0x1a986</run_address>
         <size>0x118</size>
         <input_file_ref idref="fl-22"/>
      </object_component>
      <object_component id="oc-dd">
         <name>.debug_info</name>
         <load_address>0x1aa9e</load_address>
         <run_address>0x1aa9e</run_address>
         <size>0x146</size>
         <input_file_ref idref="fl-23"/>
      </object_component>
      <object_component id="oc-20d">
         <name>.debug_info</name>
         <load_address>0x1abe4</load_address>
         <run_address>0x1abe4</run_address>
         <size>0x4b2</size>
         <input_file_ref idref="fl-24"/>
      </object_component>
      <object_component id="oc-100">
         <name>.debug_info</name>
         <load_address>0x1b096</load_address>
         <run_address>0x1b096</run_address>
         <size>0x1a5</size>
         <input_file_ref idref="fl-24"/>
      </object_component>
      <object_component id="oc-2c3">
         <name>.debug_info</name>
         <load_address>0x1b23b</load_address>
         <run_address>0x1b23b</run_address>
         <size>0x39</size>
         <input_file_ref idref="fl-24"/>
      </object_component>
      <object_component id="oc-34b">
         <name>.debug_info</name>
         <load_address>0x1b274</load_address>
         <run_address>0x1b274</run_address>
         <size>0x39</size>
         <input_file_ref idref="fl-24"/>
      </object_component>
      <object_component id="oc-2c8">
         <name>.debug_info</name>
         <load_address>0x1b2ad</load_address>
         <run_address>0x1b2ad</run_address>
         <size>0x39</size>
         <input_file_ref idref="fl-24"/>
      </object_component>
      <object_component id="oc-2cd">
         <name>.debug_info</name>
         <load_address>0x1b2e6</load_address>
         <run_address>0x1b2e6</run_address>
         <size>0xcd</size>
         <input_file_ref idref="fl-24"/>
      </object_component>
      <object_component id="oc-da">
         <name>.debug_info</name>
         <load_address>0x1b3b3</load_address>
         <run_address>0x1b3b3</run_address>
         <size>0x2d3</size>
         <input_file_ref idref="fl-26"/>
      </object_component>
      <object_component id="oc-65">
         <name>.debug_info</name>
         <load_address>0x1b686</load_address>
         <run_address>0x1b686</run_address>
         <size>0x1d1</size>
         <input_file_ref idref="fl-26"/>
      </object_component>
      <object_component id="oc-d5">
         <name>.debug_info</name>
         <load_address>0x1b857</load_address>
         <run_address>0x1b857</run_address>
         <size>0x46</size>
         <input_file_ref idref="fl-26"/>
      </object_component>
      <object_component id="oc-61">
         <name>.debug_info</name>
         <load_address>0x1b89d</load_address>
         <run_address>0x1b89d</run_address>
         <size>0x2a2</size>
         <input_file_ref idref="fl-27"/>
      </object_component>
      <object_component id="oc-14">
         <name>.debug_info</name>
         <load_address>0x1bb3f</load_address>
         <run_address>0x1bb3f</run_address>
         <size>0x1d4</size>
         <input_file_ref idref="fl-27"/>
      </object_component>
      <object_component id="oc-5c">
         <name>.debug_info</name>
         <load_address>0x1bd13</load_address>
         <run_address>0x1bd13</run_address>
         <size>0x46</size>
         <input_file_ref idref="fl-27"/>
      </object_component>
      <object_component id="oc-cd">
         <name>.debug_info</name>
         <load_address>0x1bd59</load_address>
         <run_address>0x1bd59</run_address>
         <size>0x2c</size>
         <input_file_ref idref="fl-27"/>
      </object_component>
      <object_component id="oc-cb">
         <name>.debug_info</name>
         <load_address>0x1bd85</load_address>
         <run_address>0x1bd85</run_address>
         <size>0x29d</size>
         <input_file_ref idref="fl-28"/>
      </object_component>
      <object_component id="oc-10">
         <name>.debug_info</name>
         <load_address>0x1c022</load_address>
         <run_address>0x1c022</run_address>
         <size>0x24f</size>
         <input_file_ref idref="fl-28"/>
      </object_component>
      <object_component id="oc-4c">
         <name>.debug_info</name>
         <load_address>0x1c271</load_address>
         <run_address>0x1c271</run_address>
         <size>0x60</size>
         <input_file_ref idref="fl-28"/>
      </object_component>
      <object_component id="oc-1b7">
         <name>.debug_info</name>
         <load_address>0x1c2d1</load_address>
         <run_address>0x1c2d1</run_address>
         <size>0x46</size>
         <input_file_ref idref="fl-28"/>
      </object_component>
      <object_component id="oc-c6">
         <name>.debug_info</name>
         <load_address>0x1c317</load_address>
         <run_address>0x1c317</run_address>
         <size>0x39</size>
         <input_file_ref idref="fl-28"/>
      </object_component>
      <object_component id="oc-178">
         <name>.debug_info</name>
         <load_address>0x1c350</load_address>
         <run_address>0x1c350</run_address>
         <size>0x121</size>
         <input_file_ref idref="fl-29"/>
      </object_component>
      <object_component id="oc-32f">
         <name>.debug_info</name>
         <load_address>0x1c471</load_address>
         <run_address>0x1c471</run_address>
         <size>0x28e</size>
         <input_file_ref idref="fl-2b"/>
      </object_component>
      <object_component id="oc-259">
         <name>.debug_info</name>
         <load_address>0x1c6ff</load_address>
         <run_address>0x1c6ff</run_address>
         <size>0x240</size>
         <input_file_ref idref="fl-2b"/>
      </object_component>
      <object_component id="oc-31f">
         <name>.debug_info</name>
         <load_address>0x1c93f</load_address>
         <run_address>0x1c93f</run_address>
         <size>0x57f</size>
         <input_file_ref idref="fl-2c"/>
      </object_component>
      <object_component id="oc-2ef">
         <name>.debug_info</name>
         <load_address>0x1cebe</load_address>
         <run_address>0x1cebe</run_address>
         <size>0x218</size>
         <input_file_ref idref="fl-2c"/>
      </object_component>
      <object_component id="oc-370">
         <name>.debug_info</name>
         <load_address>0x1d0d6</load_address>
         <run_address>0x1d0d6</run_address>
         <size>0x1b2</size>
         <input_file_ref idref="fl-2c"/>
      </object_component>
      <object_component id="oc-376">
         <name>.debug_info</name>
         <load_address>0x1d288</load_address>
         <run_address>0x1d288</run_address>
         <size>0x21a</size>
         <input_file_ref idref="fl-2c"/>
      </object_component>
      <object_component id="oc-2f5">
         <name>.debug_info</name>
         <load_address>0x1d4a2</load_address>
         <run_address>0x1d4a2</run_address>
         <size>0x2c3</size>
         <input_file_ref idref="fl-2c"/>
      </object_component>
      <object_component id="oc-37d">
         <name>.debug_info</name>
         <load_address>0x1d765</load_address>
         <run_address>0x1d765</run_address>
         <size>0x223</size>
         <input_file_ref idref="fl-2c"/>
      </object_component>
      <object_component id="oc-383">
         <name>.debug_info</name>
         <load_address>0x1d988</load_address>
         <run_address>0x1d988</run_address>
         <size>0x214</size>
         <input_file_ref idref="fl-2c"/>
      </object_component>
      <object_component id="oc-2fb">
         <name>.debug_info</name>
         <load_address>0x1db9c</load_address>
         <run_address>0x1db9c</run_address>
         <size>0x214</size>
         <input_file_ref idref="fl-2c"/>
      </object_component>
      <object_component id="oc-301">
         <name>.debug_info</name>
         <load_address>0x1ddb0</load_address>
         <run_address>0x1ddb0</run_address>
         <size>0x23f</size>
         <input_file_ref idref="fl-2c"/>
      </object_component>
      <object_component id="oc-307">
         <name>.debug_info</name>
         <load_address>0x1dfef</load_address>
         <run_address>0x1dfef</run_address>
         <size>0x358</size>
         <input_file_ref idref="fl-2c"/>
      </object_component>
      <object_component id="oc-236">
         <name>.debug_info</name>
         <load_address>0x1e347</load_address>
         <run_address>0x1e347</run_address>
         <size>0x5de</size>
         <input_file_ref idref="fl-2c"/>
      </object_component>
      <object_component id="oc-320">
         <name>.debug_info</name>
         <load_address>0x1e925</load_address>
         <run_address>0x1e925</run_address>
         <size>0x86</size>
         <input_file_ref idref="fl-2c"/>
      </object_component>
      <object_component id="oc-3ad">
         <name>.debug_info</name>
         <load_address>0x1e9ab</load_address>
         <run_address>0x1e9ab</run_address>
         <size>0x39</size>
         <input_file_ref idref="fl-2c"/>
      </object_component>
      <object_component id="oc-3e6">
         <name>.debug_info</name>
         <load_address>0x1e9e4</load_address>
         <run_address>0x1e9e4</run_address>
         <size>0xb6</size>
         <input_file_ref idref="fl-2c"/>
      </object_component>
      <object_component id="oc-3b2">
         <name>.debug_info</name>
         <load_address>0x1ea9a</load_address>
         <run_address>0x1ea9a</run_address>
         <size>0x46</size>
         <input_file_ref idref="fl-2c"/>
      </object_component>
      <object_component id="oc-325">
         <name>.debug_info</name>
         <load_address>0x1eae0</load_address>
         <run_address>0x1eae0</run_address>
         <size>0x46</size>
         <input_file_ref idref="fl-2c"/>
      </object_component>
      <object_component id="oc-364">
         <name>.debug_info</name>
         <load_address>0x1eb26</load_address>
         <run_address>0x1eb26</run_address>
         <size>0x189</size>
         <input_file_ref idref="fl-2d"/>
      </object_component>
      <object_component id="oc-362">
         <name>.debug_info</name>
         <load_address>0x1ecaf</load_address>
         <run_address>0x1ecaf</run_address>
         <size>0x2b8</size>
         <input_file_ref idref="fl-2e"/>
      </object_component>
      <object_component id="oc-2e9">
         <name>.debug_info</name>
         <load_address>0x1ef67</load_address>
         <run_address>0x1ef67</run_address>
         <size>0x17b</size>
         <input_file_ref idref="fl-2e"/>
      </object_component>
      <object_component id="oc-3be">
         <name>.debug_info</name>
         <load_address>0x1f0e2</load_address>
         <run_address>0x1f0e2</run_address>
         <size>0xf8</size>
         <input_file_ref idref="fl-2f"/>
      </object_component>
      <object_component id="oc-35f">
         <name>.debug_info</name>
         <load_address>0x1f1da</load_address>
         <run_address>0x1f1da</run_address>
         <size>0x104</size>
         <input_file_ref idref="fl-2f"/>
      </object_component>
      <object_component id="oc-3c3">
         <name>.debug_info</name>
         <load_address>0x1f2de</load_address>
         <run_address>0x1f2de</run_address>
         <size>0x29a</size>
         <input_file_ref idref="fl-30"/>
      </object_component>
      <object_component id="oc-36c">
         <name>.debug_info</name>
         <load_address>0x1f578</load_address>
         <run_address>0x1f578</run_address>
         <size>0x1cc</size>
         <input_file_ref idref="fl-30"/>
      </object_component>
      <object_component id="oc-39e">
         <name>.debug_info</name>
         <load_address>0x1f744</load_address>
         <run_address>0x1f744</run_address>
         <size>0x295</size>
         <input_file_ref idref="fl-31"/>
      </object_component>
      <object_component id="oc-30f">
         <name>.debug_info</name>
         <load_address>0x1f9d9</load_address>
         <run_address>0x1f9d9</run_address>
         <size>0x1b5</size>
         <input_file_ref idref="fl-31"/>
      </object_component>
      <object_component id="oc-3d8">
         <name>.debug_info</name>
         <load_address>0x1fb8e</load_address>
         <run_address>0x1fb8e</run_address>
         <size>0x299</size>
         <input_file_ref idref="fl-32"/>
      </object_component>
      <object_component id="oc-398">
         <name>.debug_info</name>
         <load_address>0x1fe27</load_address>
         <run_address>0x1fe27</run_address>
         <size>0x25d</size>
         <input_file_ref idref="fl-32"/>
      </object_component>
      <object_component id="oc-3aa">
         <name>.debug_info</name>
         <load_address>0x20084</load_address>
         <run_address>0x20084</run_address>
         <size>0x288</size>
         <input_file_ref idref="fl-33"/>
      </object_component>
      <object_component id="oc-3a7">
         <name>.debug_info</name>
         <load_address>0x2030c</load_address>
         <run_address>0x2030c</run_address>
         <size>0x10d</size>
         <input_file_ref idref="fl-33"/>
      </object_component>
      <object_component id="oc-319">
         <name>.debug_info</name>
         <load_address>0x20419</load_address>
         <run_address>0x20419</run_address>
         <size>0x14d</size>
         <input_file_ref idref="fl-33"/>
      </object_component>
      <object_component id="oc-3a5">
         <name>.debug_info</name>
         <load_address>0x20566</load_address>
         <run_address>0x20566</run_address>
         <size>0x28e</size>
         <input_file_ref idref="fl-34"/>
      </object_component>
      <object_component id="oc-314">
         <name>.debug_info</name>
         <load_address>0x207f4</load_address>
         <run_address>0x207f4</run_address>
         <size>0x159</size>
         <input_file_ref idref="fl-34"/>
      </object_component>
      <object_component id="oc-3db">
         <name>.debug_info</name>
         <load_address>0x2094d</load_address>
         <run_address>0x2094d</run_address>
         <size>0x46</size>
         <input_file_ref idref="fl-34"/>
      </object_component>
      <object_component id="oc-3a0">
         <name>.debug_info</name>
         <load_address>0x20993</load_address>
         <run_address>0x20993</run_address>
         <size>0x39</size>
         <input_file_ref idref="fl-34"/>
      </object_component>
      <object_component id="oc-3c9">
         <name>.debug_info</name>
         <load_address>0x209cc</load_address>
         <run_address>0x209cc</run_address>
         <size>0x299</size>
         <input_file_ref idref="fl-35"/>
      </object_component>
      <object_component id="oc-38e">
         <name>.debug_info</name>
         <load_address>0x20c65</load_address>
         <run_address>0x20c65</run_address>
         <size>0x18d</size>
         <input_file_ref idref="fl-35"/>
      </object_component>
      <object_component id="oc-3f1">
         <name>.debug_info</name>
         <load_address>0x20df2</load_address>
         <run_address>0x20df2</run_address>
         <size>0x39</size>
         <input_file_ref idref="fl-35"/>
      </object_component>
      <object_component id="oc-3ca">
         <name>.debug_info</name>
         <load_address>0x20e2b</load_address>
         <run_address>0x20e2b</run_address>
         <size>0x2c</size>
         <input_file_ref idref="fl-35"/>
      </object_component>
      <object_component id="oc-3d6">
         <name>.debug_info</name>
         <load_address>0x20e57</load_address>
         <run_address>0x20e57</run_address>
         <size>0x2fc</size>
         <input_file_ref idref="fl-36"/>
      </object_component>
      <object_component id="oc-391">
         <name>.debug_info</name>
         <load_address>0x21153</load_address>
         <run_address>0x21153</run_address>
         <size>0x1ac</size>
         <input_file_ref idref="fl-36"/>
      </object_component>
      <object_component id="oc-3d0">
         <name>.debug_info</name>
         <load_address>0x212ff</load_address>
         <run_address>0x212ff</run_address>
         <size>0x160</size>
         <input_file_ref idref="fl-37"/>
      </object_component>
      <object_component id="oc-421">
         <name>.debug_info</name>
         <load_address>0x2145f</load_address>
         <run_address>0x2145f</run_address>
         <size>0xa6</size>
      </object_component>
      <object_component id="oc-331">
         <name>.debug_line</name>
         <load_address>0x0</load_address>
         <run_address>0x0</run_address>
         <size>0xad</size>
         <input_file_ref idref="fl-2"/>
      </object_component>
      <object_component id="oc-152">
         <name>.debug_line</name>
         <load_address>0xad</load_address>
         <run_address>0xad</run_address>
         <size>0x6c</size>
         <input_file_ref idref="fl-2"/>
      </object_component>
      <object_component id="oc-18d">
         <name>.debug_line</name>
         <load_address>0x119</load_address>
         <run_address>0x119</run_address>
         <size>0x6f</size>
         <input_file_ref idref="fl-2"/>
      </object_component>
      <object_component id="oc-a4">
         <name>.debug_line</name>
         <load_address>0x188</load_address>
         <run_address>0x188</run_address>
         <size>0x6b</size>
         <input_file_ref idref="fl-2"/>
      </object_component>
      <object_component id="oc-bf">
         <name>.debug_line</name>
         <load_address>0x1f3</load_address>
         <run_address>0x1f3</run_address>
         <size>0x20</size>
         <input_file_ref idref="fl-2"/>
      </object_component>
      <object_component id="oc-296">
         <name>.debug_line</name>
         <load_address>0x213</load_address>
         <run_address>0x213</run_address>
         <size>0x73</size>
         <input_file_ref idref="fl-2"/>
      </object_component>
      <object_component id="oc-172">
         <name>.debug_line</name>
         <load_address>0x286</load_address>
         <run_address>0x286</run_address>
         <size>0x70</size>
         <input_file_ref idref="fl-2"/>
      </object_component>
      <object_component id="oc-1c1">
         <name>.debug_line</name>
         <load_address>0x2f6</load_address>
         <run_address>0x2f6</run_address>
         <size>0x6b</size>
         <input_file_ref idref="fl-2"/>
      </object_component>
      <object_component id="oc-c4">
         <name>.debug_line</name>
         <load_address>0x361</load_address>
         <run_address>0x361</run_address>
         <size>0x69</size>
         <input_file_ref idref="fl-2"/>
      </object_component>
      <object_component id="oc-19c">
         <name>.debug_line</name>
         <load_address>0x3ca</load_address>
         <run_address>0x3ca</run_address>
         <size>0x66</size>
         <input_file_ref idref="fl-2"/>
      </object_component>
      <object_component id="oc-27f">
         <name>.debug_line</name>
         <load_address>0x430</load_address>
         <run_address>0x430</run_address>
         <size>0x66</size>
         <input_file_ref idref="fl-2"/>
      </object_component>
      <object_component id="oc-2b3">
         <name>.debug_line</name>
         <load_address>0x496</load_address>
         <run_address>0x496</run_address>
         <size>0x62</size>
         <input_file_ref idref="fl-2"/>
      </object_component>
      <object_component id="oc-2b6">
         <name>.debug_line</name>
         <load_address>0x4f8</load_address>
         <run_address>0x4f8</run_address>
         <size>0x20</size>
         <input_file_ref idref="fl-3"/>
      </object_component>
      <object_component id="oc-ba">
         <name>.debug_line</name>
         <load_address>0x518</load_address>
         <run_address>0x518</run_address>
         <size>0x66</size>
         <input_file_ref idref="fl-3"/>
      </object_component>
      <object_component id="oc-289">
         <name>.debug_line</name>
         <load_address>0x57e</load_address>
         <run_address>0x57e</run_address>
         <size>0x6a</size>
         <input_file_ref idref="fl-3"/>
      </object_component>
      <object_component id="oc-256">
         <name>.debug_line</name>
         <load_address>0x5e8</load_address>
         <run_address>0x5e8</run_address>
         <size>0x6b</size>
         <input_file_ref idref="fl-3"/>
      </object_component>
      <object_component id="oc-197">
         <name>.debug_line</name>
         <load_address>0x653</load_address>
         <run_address>0x653</run_address>
         <size>0x68</size>
         <input_file_ref idref="fl-3"/>
      </object_component>
      <object_component id="oc-1fb">
         <name>.debug_line</name>
         <load_address>0x6bb</load_address>
         <run_address>0x6bb</run_address>
         <size>0x65</size>
         <input_file_ref idref="fl-3"/>
      </object_component>
      <object_component id="oc-1a1">
         <name>.debug_line</name>
         <load_address>0x720</load_address>
         <run_address>0x720</run_address>
         <size>0x69</size>
         <input_file_ref idref="fl-3"/>
      </object_component>
      <object_component id="oc-1a6">
         <name>.debug_line</name>
         <load_address>0x789</load_address>
         <run_address>0x789</run_address>
         <size>0x68</size>
         <input_file_ref idref="fl-3"/>
      </object_component>
      <object_component id="oc-1ab">
         <name>.debug_line</name>
         <load_address>0x7f1</load_address>
         <run_address>0x7f1</run_address>
         <size>0x66</size>
         <input_file_ref idref="fl-3"/>
      </object_component>
      <object_component id="oc-2e7">
         <name>.debug_line</name>
         <load_address>0x857</load_address>
         <run_address>0x857</run_address>
         <size>0x20</size>
         <input_file_ref idref="fl-4"/>
      </object_component>
      <object_component id="oc-2e5">
[...]
         <object_component_ref idref="oc-39"/>
      </symbol>
      <symbol id="sm-654">
         <name>_pmuResetCounters_</name>
         <value>0xd2a0</value>
         <object_component_ref idref="oc-f1"/>
      </symbol>
      <symbol id="sm-655">
         <name>_pmuGetEventCount_</name>
         <value>0xd2d4</value>
         <object_component_ref idref="oc-f1"/>
      </symbol>
      <symbol id="sm-656">
         <name>_pmuResetEventCounters_</name>
         <value>0xd290</value>
         <object_component_ref idref="oc-f1"/>
      </symbol>
      <symbol id="sm-657">
         <name>_pmuStopCounters_</name>
         <value>0xd2b8</value>
         <object_component_ref idref="oc-f1"/>
      </symbol>
      <symbol id="sm-658">
         <name>_pmuInit_</name>
         <value>0xd214</value>
         <object_component_ref idref="oc-f1"/>
      </symbol>
      <symbol id="sm-659">
         <name>_pmuGetOverflow_</name>
         <value>0xd2e0</value>
         <object_component_ref idref="oc-f1"/>
      </symbol>
      <symbol id="sm-65a">
         <name>_pmuResetCycleCounter_</name>
         <value>0xd280</value>
         <object_component_ref idref="oc-f1"/>
      </symbol>
      <symbol id="sm-65b">
         <name>_pmuSetCountEvent_</name>
         <value>0xd2c0</value>
         <object_component_ref idref="oc-f1"/>
      </symbol>
      <symbol id="sm-65c">
         <name>_pmuGetCycleCount_</name>
         <value>0xd2cc</value>
         <object_component_ref idref="oc-f1"/>
      </symbol>
      <symbol id="sm-65d">
         <name>_pmuEnableCountersGlobal_</name>
         <value>0xd260</value>
         <object_component_ref idref="oc-f1"/>
      </symbol>
      <symbol id="sm-65e">
         <name>_pmuDisableCountersGlobal_</name>
         <value>0xd270</value>
         <object_component_ref idref="oc-f1"/>
      </symbol>
      <symbol id="sm-65f">
         <name>_pmuStartCounters_</name>
         <value>0xd2b0</value>
         <object_component_ref idref="oc-f1"/>
      </symbol>
      <symbol id="sm-81f">
         <name>pbistSelfCheck</name>
         <value>0x2cc</value>
         <object_component_ref idref="oc-85"/>
      </symbol>
      <symbol id="sm-820">
         <name>fmcBus1ParityCheck</name>
         <value>0x22c4</value>
         <object_component_ref idref="oc-85"/>
      </symbol>
      <symbol id="sm-821">
         <name>can1ParityCheck</name>
         <value>0x1410</value>
         <object_component_ref idref="oc-85"/>
      </symbol>
      <symbol id="sm-822">
         <name>enableParity</name>
         <value>0x2ad0</value>
         <object_component_ref idref="oc-85"/>
      </symbol>
      <symbol id="sm-823">
         <name>dmaParityCheck</name>
         <value>0xeac</value>
         <object_component_ref idref="oc-85"/>
      </symbol>
      <symbol id="sm-824">
         <name>custom_dabort</name>
         <value>0xdf4</value>
         <object_component_ref idref="oc-85"/>
      </symbol>
      <symbol id="sm-825">
         <name>memoryInit</name>
         <value>0x174</value>
         <object_component_ref idref="oc-85"/>
      </symbol>
      <symbol id="sm-826">
         <name>stcSelfCheck</name>
         <value>0x1b8</value>
         <object_component_ref idref="oc-85"/>
      </symbol>
      <symbol id="sm-827">
         <name>efcGetConfigValue</name>
         <value>0x2660</value>
         <object_component_ref idref="oc-85"/>
      </symbol>
      <symbol id="sm-828">
         <name>can2ParityCheck</name>
         <value>0x14e8</value>
         <object_component_ref idref="oc-85"/>
      </symbol>
      <symbol id="sm-829">
         <name>het1ParityCheck</name>
         <value>0xf58</value>
         <object_component_ref idref="oc-85"/>
      </symbol>
      <symbol id="sm-82a">
         <name>adc1ParityCheck</name>
         <value>0x126c</value>
         <object_component_ref idref="oc-85"/>
      </symbol>
      <symbol id="sm-82b">
         <name>checkefcSelfTest</name>
         <value>0x7bc</value>
         <object_component_ref idref="oc-85"/>
      </symbol>
      <symbol id="sm-82c">
         <name>checkRAMECC</name>
         <value>0x19d0</value>
         <object_component_ref idref="oc-85"/>
      </symbol>
      <symbol id="sm-82d">
         <name>stcSelfCheckFail</name>
         <value>0xdf8</value>
         <object_component_ref idref="oc-85"/>
      </symbol>
      <symbol id="sm-82e">
         <name>ccmSelfCheck</name>
         <value>0x30</value>
         <object_component_ref idref="oc-85"/>
      </symbol>
      <symbol id="sm-82f">
         <name>efcCheck</name>
         <value>0x660</value>
         <object_component_ref idref="oc-85"/>
      </symbol>
      <symbol id="sm-830">
         <name>het2ParityCheck</name>
         <value>0x10c0</value>
         <object_component_ref idref="oc-85"/>
      </symbol>
      <symbol id="sm-831">
         <name>adc2ParityCheck</name>
         <value>0x1358</value>
         <object_component_ref idref="oc-85"/>
      </symbol>
      <symbol id="sm-832">
         <name>cpuSelfTest</name>
         <value>0x234</value>
         <object_component_ref idref="oc-85"/>
      </symbol>
      <symbol id="sm-833">
         <name>htu1ParityCheck</name>
         <value>0x1004</value>
         <object_component_ref idref="oc-85"/>
      </symbol>
      <symbol id="sm-834">
         <name>checkFlashECC</name>
         <value>0xd18</value>
         <object_component_ref idref="oc-85"/>
      </symbol>
      <symbol id="sm-835">
         <name>cpuSelfTestFail</name>
         <value>0xdfc</value>
         <object_component_ref idref="oc-85"/>
      </symbol>
      <symbol id="sm-836">
         <name>checkPLL1Slip</name>
         <value>0x1e8c</value>
         <object_component_ref idref="oc-85"/>
      </symbol>
      <symbol id="sm-837">
         <name>mibspi1ParityCheck</name>
         <value>0x1684</value>
         <object_component_ref idref="oc-85"/>
      </symbol>
      <symbol id="sm-838">
         <name>ccmr4GetConfigValue</name>
         <value>0x26fc</value>
         <object_component_ref idref="oc-85"/>
      </symbol>
      <symbol id="sm-839">
         <name>htu2ParityCheck</name>
         <value>0x11bc</value>
         <object_component_ref idref="oc-85"/>
      </symbol>
      <symbol id="sm-83a">
         <name>pbistPortTestStatus</name>
         <value>0x608</value>
         <object_component_ref idref="oc-85"/>
      </symbol>
      <symbol id="sm-83b">
         <name>checkFlashEEPROMECC</name>
         <value>0x1cf4</value>
         <object_component_ref idref="oc-85"/>
      </symbol>
      <symbol id="sm-83c">
         <name>pbistGetConfigValue</name>
         <value>0x2470</value>
         <object_component_ref idref="oc-85"/>
      </symbol>
      <symbol id="sm-83d">
         <name>vimParityCheck</name>
         <value>0xe00</value>
         <object_component_ref idref="oc-85"/>
      </symbol>
      <symbol id="sm-83e">
         <name>pbistIsTestCompleted</name>
         <value>0x5a8</value>
         <object_component_ref idref="oc-85"/>
      </symbol>
      <symbol id="sm-83f">
         <name>disableParity</name>
         <value>0x2b58</value>
         <object_component_ref idref="oc-85"/>
      </symbol>
      <symbol id="sm-840">
         <name>pbistRun</name>
         <value>0x4ac</value>
         <object_component_ref idref="oc-85"/>
      </symbol>
      <symbol id="sm-841">
         <name>pbistFail</name>
         <value>0x23ec</value>
         <object_component_ref idref="oc-85"/>
      </symbol>
      <symbol id="sm-842">
         <name>selftestFailNotification</name>
         <value>0x20</value>
         <object_component_ref idref="oc-85"/>
      </symbol>
      <symbol id="sm-843">
         <name>errata_PBIST_4</name>
         <value>0x276c</value>
         <object_component_ref idref="oc-85"/>
      </symbol>
      <symbol id="sm-844">
         <name>mibspi3ParityCheck</name>
         <value>0x178c</value>
         <object_component_ref idref="oc-85"/>
      </symbol>
      <symbol id="sm-845">
         <name>efcSelfTest</name>
         <value>0x794</value>
         <object_component_ref idref="oc-85"/>
      </symbol>
      <symbol id="sm-846">
         <name>checkB1RAMECC</name>
         <value>0xb28</value>
         <object_component_ref idref="oc-85"/>
      </symbol>
      <symbol id="sm-847">
         <name>pbistStop</name>
         <value>0x578</value>
         <object_component_ref idref="oc-85"/>
      </symbol>
      <symbol id="sm-848">
         <name>can3ParityCheck</name>
         <value>0x15b0</value>
         <object_component_ref idref="oc-85"/>
      </symbol>
      <symbol id="sm-849">
         <name>checkRAMAddrParity</name>
         <value>0x2050</value>
         <object_component_ref idref="oc-85"/>
      </symbol>
      <symbol id="sm-84a">
         <name>mibspi5ParityCheck</name>
         <value>0x18b0</value>
         <object_component_ref idref="oc-85"/>
      </symbol>
      <symbol id="sm-84b">
         <name>checkB0RAMECC</name>
         <value>0x938</value>
         <object_component_ref idref="oc-85"/>
      </symbol>
      <symbol id="sm-84c">
         <name>stcGetConfigValue</name>
         <value>0x25bc</value>
         <object_component_ref idref="oc-85"/>
      </symbol>
      <symbol id="sm-84d">
         <name>pbistIsTestPassed</name>
         <value>0x5d4</value>
         <object_component_ref idref="oc-85"/>
      </symbol>
      <symbol id="sm-84e">
         <name>checkClockMonitor</name>
         <value>0x1c18</value>
         <object_component_ref idref="oc-85"/>
      </symbol>
      <symbol id="sm-84f">
         <name>fmcECCcheck</name>
         <value>0x898</value>
         <object_component_ref idref="oc-85"/>
      </symbol>
      <symbol id="sm-850">
         <name>fmcBus2Check</name>
         <value>0x85c</value>
         <object_component_ref idref="oc-85"/>
      </symbol>
      <symbol id="sm-851">
         <name>checkRAMUERRTest</name>
         <value>0x215c</value>
         <object_component_ref idref="oc-85"/>
      </symbol>
      <symbol id="sm-852">
         <name>efcStuckZeroTest</name>
         <value>0x6e8</value>
         <object_component_ref idref="oc-85"/>
      </symbol>
      <symbol id="sm-853">
         <name>checkPLL2Slip</name>
         <value>0x1f8c</value>
         <object_component_ref idref="oc-85"/>
      </symbol>
      <symbol id="sm-885">
         <name>_c_int00</name>
         <value>0xc4cc</value>
         <object_component_ref idref="oc-19"/>
      </symbol>
      <symbol id="sm-886">
         <name>handlePLLLockFail</name>
         <value>0xda0c</value>
         <object_component_ref idref="oc-79"/>
      </symbol>
      <symbol id="sm-936">
         <name>vimChannelMap</name>
         <value>0x76a8</value>
         <object_component_ref idref="oc-43"/>
      </symbol>
      <symbol id="sm-937">
         <name>vimInit</name>
         <value>0x75d4</value>
         <object_component_ref idref="oc-43"/>
      </symbol>
      <symbol id="sm-938">
         <name>vimEnableInterrupt</name>
         <value>0x774c</value>
         <object_component_ref idref="oc-43"/>
      </symbol>
      <symbol id="sm-939">
         <name>vimDisableInterrupt</name>
         <value>0x7914</value>
         <object_component_ref idref="oc-43"/>
      </symbol>
      <symbol id="sm-93a">
         <name>vimGetConfigValue</name>
         <value>0x79c0</value>
         <object_component_ref idref="oc-43"/>
      </symbol>
      <symbol id="sm-93b">
         <name>vimParityErrorHandler</name>
         <value>0xbf48</value>
         <object_component_ref idref="oc-3f"/>
      </symbol>
      <symbol id="sm-996">
         <name>systemGetConfigValue</name>
         <value>0x62f8</value>
         <object_component_ref idref="oc-7f"/>
      </symbol>
      <symbol id="sm-997">
         <name>trimLPO</name>
         <value>0x5fcc</value>
         <object_component_ref idref="oc-7f"/>
      </symbol>
      <symbol id="sm-998">
         <name>systemInit</name>
         <value>0x61fc</value>
         <object_component_ref idref="oc-7f"/>
      </symbol>
      <symbol id="sm-999">
         <name>customTrimLPO</name>
         <value>0x69f4</value>
         <object_component_ref idref="oc-7f"/>
      </symbol>
      <symbol id="sm-99a">
         <name>tcmflashGetConfigValue</name>
         <value>0x670c</value>
         <object_component_ref idref="oc-7f"/>
      </symbol>
      <symbol id="sm-99b">
         <name>sramGetConfigValue</name>
         <value>0x68b8</value>
         <object_component_ref idref="oc-7f"/>
      </symbol>
      <symbol id="sm-99c">
         <name>periphInit</name>
         <value>0x6080</value>
         <object_component_ref idref="oc-7f"/>
      </symbol>
      <symbol id="sm-99d">
         <name>setupFlash</name>
         <value>0x6040</value>
         <object_component_ref idref="oc-7f"/>
      </symbol>
      <symbol id="sm-99e">
         <name>setupPLL</name>
         <value>0x5f6c</value>
         <object_component_ref idref="oc-7f"/>
      </symbol>
      <symbol id="sm-99f">
         <name>mapClocks</name>
         <value>0x60d4</value>
         <object_component_ref idref="oc-7f"/>
      </symbol>
      <symbol id="sm-9a0">
         <name>systemPowerDown</name>
         <value>0x62c8</value>
         <object_component_ref idref="oc-7f"/>
      </symbol>
      <symbol id="sm-9c6">
         <name>floorl</name>
         <value>0xd135</value>
         <object_component_ref idref="oc-21b"/>
      </symbol>
      <symbol id="sm-9c7">
         <name>floor</name>
         <value>0xd135</value>
         <object_component_ref idref="oc-21b"/>
      </symbol>
      <symbol id="sm-9f6">
         <name>snprintf</name>
         <value>0xd841</value>
         <object_component_ref idref="oc-147"/>
      </symbol>
      <symbol id="sm-a11">
         <name>memcpy</name>
         <value>0xd3a3</value>
         <object_component_ref idref="oc-56"/>
      </symbol>
      <symbol id="sm-a12">
         <name>__aeabi_memcpy</name>
         <value>0xd3a3</value>
         <object_component_ref idref="oc-56"/>
      </symbol>
      <symbol id="sm-a13">
         <name>__aeabi_memcpy8</name>
         <value>0xd3a3</value>
         <object_component_ref idref="oc-56"/>
      </symbol>
      <symbol id="sm-a14">
         <name>__aeabi_memcpy4</name>
         <value>0xd3a3</value>
         <object_component_ref idref="oc-56"/>
      </symbol>
      <symbol id="sm-a23">
         <name>__aeabi_memset</name>
         <value>0xd551</value>
         <object_component_ref idref="oc-db"/>
      </symbol>
      <symbol id="sm-a24">
         <name>memset</name>
         <value>0xd557</value>
         <object_component_ref idref="oc-db"/>
      </symbol>
      <symbol id="sm-a25">
         <name>__aeabi_memset8</name>
         <value>0xd551</value>
         <object_component_ref idref="oc-db"/>
      </symbol>
      <symbol id="sm-a26">
         <name>__aeabi_memset4</name>
         <value>0xd551</value>
         <object_component_ref idref="oc-db"/>
      </symbol>
      <symbol id="sm-a27">
         <name>__aeabi_memclr8</name>
         <value>0xd54f</value>
         <object_component_ref idref="oc-db"/>
      </symbol>
      <symbol id="sm-a28">
         <name>__aeabi_memclr4</name>
         <value>0xd54f</value>
         <object_component_ref idref="oc-db"/>
      </symbol>
      <symbol id="sm-a29">
         <name>__aeabi_memclr</name>
         <value>0xd54f</value>
         <object_component_ref idref="oc-db"/>
      </symbol>
      <symbol id="sm-a51">
         <name>__TI_auto_init_nobinit_nopinit</name>
         <value>0xd88d</value>
         <object_component_ref idref="oc-ff"/>
      </symbol>
      <symbol id="sm-a66">
         <name>__TI_zero_init_nomemset</name>
         <value>0xd95f</value>
         <object_component_ref idref="oc-62"/>
      </symbol>
      <symbol id="sm-a7d">
         <name>__TI_decompress_none</name>
         <value>0xd9ed</value>
         <object_component_ref idref="oc-12"/>
      </symbol>
      <symbol id="sm-aa0">
         <name>__TI_decompress_lzss</name>
         <value>0xd63d</value>
         <object_component_ref idref="oc-c"/>
      </symbol>
      <symbol id="sm-aab">
         <name>C$$EXIT</name>
         <value>0xda05</value>
         <object_component_ref idref="oc-174"/>
      </symbol>
      <symbol id="sm-aac">
         <name>abort</name>
         <value>0xda05</value>
         <object_component_ref idref="oc-174"/>
      </symbol>
      <symbol id="sm-abb">
         <name>strlen</name>
         <value>0xd9c5</value>
         <object_component_ref idref="oc-258"/>
      </symbol>
      <symbol id="sm-c12">
         <name>__TI_printfi</name>
         <value>0x802d</value>
         <object_component_ref idref="oc-235"/>
      </symbol>
      <symbol id="sm-c2e">
         <name>__aeabi_uldivmod</name>
         <value>0xc214</value>
         <object_component_ref idref="oc-363"/>
      </symbol>
      <symbol id="sm-c43">
         <name>atoi</name>
         <value>0xd7f1</value>
         <object_component_ref idref="oc-2e8"/>
      </symbol>
      <symbol id="sm-c4e">
         <name>_ctypes_</name>
         <value>0xde10</value>
         <object_component_ref idref="oc-35e"/>
      </symbol>
      <symbol id="sm-c5d">
         <name>ltoa</name>
         <value>0xd6fd</value>
         <object_component_ref idref="oc-369"/>
      </symbol>
      <symbol id="sm-c6d">
         <name>memccpy</name>
         <value>0xd97b</value>
         <object_component_ref idref="oc-30c"/>
      </symbol>
      <symbol id="sm-c7d">
         <name>strchr</name>
         <value>0xd9af</value>
         <object_component_ref idref="oc-396"/>
      </symbol>
      <symbol id="sm-c93">
         <name>__aeabi_errno_addr</name>
         <value>0xd9fd</value>
         <object_component_ref idref="oc-318"/>
      </symbol>
      <symbol id="sm-c94">
         <name>errno</name>
         <value>0x80016b8</value>
         <object_component_ref idref="oc-3a6"/>
      </symbol>
      <symbol id="sm-cad">
         <name>wcslen</name>
         <value>0xd9db</value>
         <object_component_ref idref="oc-312"/>
      </symbol>
      <symbol id="sm-ccb">
         <name>frexpl</name>
         <value>0xd5c9</value>
         <object_component_ref idref="oc-38a"/>
      </symbol>
      <symbol id="sm-ccc">
         <name>frexp</name>
         <value>0xd5c9</value>
         <object_component_ref idref="oc-38a"/>
      </symbol>
      <symbol id="sm-ce9">
         <name>scalbn</name>
         <value>0xcf5d</value>
         <object_component_ref idref="oc-390"/>
      </symbol>
      <symbol id="sm-cea">
         <name>scalbnl</name>
         <value>0xcf5d</value>
         <object_component_ref idref="oc-390"/>
      </symbol>
      <symbol id="sm-ceb">
         <name>ldexpl</name>
         <value>0xcf5d</value>
         <object_component_ref idref="oc-390"/>
      </symbol>
      <symbol id="sm-cec">
         <name>ldexp</name>
         <value>0xcf5d</value>
         <object_component_ref idref="oc-390"/>
      </symbol>
      <symbol id="sm-cf6">
         <name>copysign</name>
         <value>0xd941</value>
         <object_component_ref idref="oc-3cf"/>
      </symbol>
      <symbol id="sm-cf7">
         <name>copysignl</name>
         <value>0xd941</value>
         <object_component_ref idref="oc-3cf"/>
      </symbol>
      <symbol id="sm-cf8">
         <name>__TI_static_base__</name>
         <value>0x0</value>
      </symbol>
      <symbol id="sm-cfb">
         <name>SHT$$INIT_ARRAY$$Base</name>
         <value>0x0</value>
      </symbol>
      <symbol id="sm-cfc">
         <name>SHT$$INIT_ARRAY$$Limit</name>
         <value>0x0</value>
      </symbol>
      <symbol id="sm-cfd">
         <name>_system_post_cinit</name>
         <value>0x0</value>
      </symbol>
   </symbol_table>
   <title>Link successful</title>
</link_info>
