******************************************************************************
                  TI ARM Linker PC v18.12.4                    
******************************************************************************
>> Linked Thu Apr  9 16:25:07 2020

OUTPUT FILE NAME:   <bms-1227-fw.out>
ENTRY POINT SYMBOL: "_c_int00"  address: 0000c4cc


MEMORY CONFIGURATION

         name            origin    length      used     unused   attr    fill
----------------------  --------  ---------  --------  --------  ----  --------
  VECTORS               00000000   00000020  00000020  00000000     X
  FLASH0                00000020   0013ffe0  0000df44  0013209c  R  X
  STACKS                08000000   00001500  00000000  00001500  RW  
  RAM                   08001500   0002eb00  0000024f  0002e8b1  RW  


SEGMENT ALLOCATION MAP

run origin  load origin   length   init length attrs members
----------  ----------- ---------- ----------- ----- -------
00000000    00000000    0000df68   0000df68    r-x
  00000000    00000000    00000020   00000020    r-x .intvecs
  00000020    00000020    0000d9f0   0000d9f0    r-x .text
  0000da10    0000da10    00000524   00000524    r-- .const
  0000df38    0000df38    00000030   00000030    r-- .cinit
08001500    08001500    0000024f   00000000    rw-
  08001500    08001500    000001bc   00000000    rw- .data
  080016bc    080016bc    00000093   00000000    rw- .bss


SECTION ALLOCATION MAP

 output                                  attributes/
section   page    origin      length       input sections
--------  ----  ----------  ----------   ----------------
.intvecs   0    00000000    00000020     
                  00000000    00000020     sys_intvecs.obj (.intvecs)

.text      0    00000020    0000d9f0     
                  00000020    00002cdc     sys_selftest.obj (.text)
                  00002cfc    00002534     sys_main.obj (.text)
                  00005230    00000d3c     pl455.obj (.text)
                  00005f6c    00000b64     system.obj (.text)
                  00006ad0    00000b04     can.obj (.text)
                  000075d4    00000a58     sys_vim.obj (.text)
                  0000802c    00000a4a     rtsv7R4_T_be_v3D16_eabi.lib : _printfi.c.obj (.text:__TI_printfi)
                  00008a76    00000002     --HOLE-- [fill = 0]
                  00008a78    00000a2c     sci.obj (.text)
                  000094a4    000008d4     pinmux.obj (.text)
                  00009d78    000007a8     sci.obj (.text:retain)
                  0000a520    00000664     errata_SSWF021_45.obj (.text)
                  0000ab84    00000638     rti.obj (.text)
                  0000b1bc    000005bc     esm.obj (.text)
                  0000b778    00000484     gio.obj (.text)
                  0000bbfc    0000034c     sys_core.obj (.text)
                  0000bf48    000002cc     sys_vim.obj (.text:retain)
                  0000c214    000002b8     rtsv7R4_T_be_v3D16_eabi.lib : ull_div32.asm.obj (.text)
                  0000c4cc    00000290     sys_startup.obj (.text:retain)
                  0000c75c    00000248     rtsv7R4_T_be_v3D16_eabi.lib : _printfi.c.obj (.text:_pconv_a)
                  0000c9a4    000001a0                                 : _printfi.c.obj (.text:_pconv_g)
                  0000cb44    00000114     esm.obj (.text:retain)
                  0000cc58    00000104     rtsv7R4_T_be_v3D16_eabi.lib : _printfi.c.obj (.text:_pconv_e)
                  0000cd5c    00000104     notification.obj (.text)
                  0000ce60    000000fc     rtsv7R4_T_be_v3D16_eabi.lib : _printfi.c.obj (.text:fcvt)
                  0000cf5c    000000f0                                 : s_scalbn.c.obj (.text:scalbn)
                  0000d04c    000000e8     dabort.obj (.text)
                  0000d134    000000e0     rtsv7R4_T_be_v3D16_eabi.lib : s_floor.c.obj (.text:floor)
                  0000d214    000000e0     sys_pmu.obj (.text)
                  0000d2f4    000000ad     rtsv7R4_T_be_v3D16_eabi.lib : _printfi.c.obj (.text:_ltostr)
                  0000d3a1    00000001     --HOLE-- [fill = 0]
                  0000d3a2    0000009c                                 : memcpy_t2.asm.obj (.text)
                  0000d43e    00000002     --HOLE-- [fill = 0]
                  0000d440    00000094     rti.obj (.text:retain)
                  0000d4d4    0000007a     rtsv7R4_T_be_v3D16_eabi.lib : _printfi.c.obj (.text:_mcpy)
                  0000d54e    0000007a                                 : memset_t2.asm.obj (.text)
                  0000d5c8    00000074                                 : s_frexp.c.obj (.text:frexp)
                  0000d63c    0000006c                                 : copy_decompress_lzss.c.obj (.text:decompress:lzss:__TI_decompress_lzss)
                  0000d6a8    00000054                                 : _printfi.c.obj (.text:_ecpy)
                  0000d6fc    00000054                                 : ltoa.c.obj (.text:ltoa)
                  0000d750    00000050     Phantom_sci.obj (.text)
                  0000d7a0    00000050     rtsv7R4_T_be_v3D16_eabi.lib : _printfi.c.obj (.text:_pconv_f)
                  0000d7f0    00000050                                 : atoi.c.obj (.text:atoi)
                  0000d840    0000004c                                 : snprintf.c.obj (.text:snprintf)
                  0000d88c    00000044                                 : autoinit.c.obj (.text:__TI_auto_init_nobinit_nopinit:__TI_auto_init_nobinit_nopinit)
                  0000d8d0    00000040                                 : _printfi.c.obj (.text:_fcpy)
                  0000d910    00000030                                 : snprintf.c.obj (.text:_outs)
                  0000d940    0000001e                                 : s_copysign.c.obj (.text:copysign)
                  0000d95e    0000001c                                 : copy_zero_init.c.obj (.text:decompress:ZI:__TI_zero_init_nomemset:__TI_zero_init_nomemset)
                  0000d97a    0000001c                                 : memccpy.c.obj (.text:memccpy)
                  0000d996    00000018                                 : snprintf.c.obj (.text:_outc)
                  0000d9ae    00000016                                 : strchr.c.obj (.text:strchr)
                  0000d9c4    00000016                                 : strlen.c.obj (.text:strlen)
                  0000d9da    00000012                                 : wcslen.c.obj (.text:wcslen)
                  0000d9ec    0000000e                                 : copy_decompress_none.c.obj (.text:decompress:none:__TI_decompress_none)
                  0000d9fa    00000002     --HOLE-- [fill = 0]
                  0000d9fc    00000008                                 : errno.c.obj (.text:__aeabi_errno_addr)
                  0000da04    00000004                                 : exit.c.obj (.text:abort:abort)
                  0000da08    00000004     sys_phantom.obj (.text:retain)
                  0000da0c    00000004     sys_startup.obj (.text)

.const     0    0000da10    00000524     
                  0000da10    00000200     pl455.obj (.const:crc16_table)
                  0000dc10    00000200     sys_vim.obj (.const:s_vim_init)
                  0000de10    00000101     rtsv7R4_T_be_v3D16_eabi.lib : ctype.c.obj (.const:.string:_ctypes_)
                  0000df11    00000003     --HOLE-- [fill = 0]
                  0000df14    00000020     can.obj (.const:s_canByteOrder)

.cinit     0    0000df38    00000030     
                  0000df38    0000000c     (__TI_handler_table)
                  0000df44    00000009     (.cinit..data.load) [load image, compression = lzss]
                  0000df4d    00000003     --HOLE-- [fill = 0]
                  0000df50    00000008     (.cinit..bss.load) [load image, compression = zero_init]
                  0000df58    00000010     (__TI_cinit_table)

.data      0    08001500    000001bc     UNINITIALIZED
                  08001500    00000140     sys_main.obj (.data:BMS_Voltages)
                  08001640    00000060     sys_main.obj (.data:BMS)
                  080016a0    00000018     sys_main.obj (.data)
                  080016b8    00000004     rtsv7R4_T_be_v3D16_eabi.lib : errno.c.obj (.data)

.bss       0    080016bc    00000093     UNINITIALIZED
                  080016bc    0000002c     (.common:MultipleSlaveReading)
                  080016e8    0000002c     (.common:SingleSlaveReading)
                  08001714    00000028     sci.obj (.bss:g_sciTransfer_t)
                  0800173c    00000004     pl455.obj (.bss)
                  08001740    00000004     (.common:nDev_ID)
                  08001744    00000004     (.common:nRead)
                  08001748    00000004     (.common:nSent)
                  0800174c    00000001     sys_main.obj (.bss)
                  0800174d    00000001     (.common:CHARGING_FLAG)
                  0800174e    00000001     (.common:LED_Counter)

MODULE SUMMARY

       Module                       code    ro data   rw data
       ------                       ----    -------   -------
    .\source\
       sys_selftest.obj             11484   0         0      
       sys_main.obj                 9524    0         543    
       sci.obj                      4564    0         40     
       pl455.obj                    3388    512       4      
       sys_vim.obj                  3364    512       0      
       system.obj                   2916    0         0      
       can.obj                      2820    32        0      
       pinmux.obj                   2260    0         0      
       esm.obj                      1744    0         0      
       rti.obj                      1740    0         0      
       errata_SSWF021_45.obj        1636    0         0      
       gio.obj                      1156    0         0      
       sys_core.obj                 844     0         0      
       sys_startup.obj              660     0         0      
       notification.obj             260     0         0      
       dabort.obj                   232     0         0      
       sys_pmu.obj                  224     0         0      
       Phantom_sci.obj              80      0         0      
       sys_intvecs.obj              32      0         0      
       sys_phantom.obj              4       0         0      
    +--+----------------------------+-------+---------+---------+
       Total:                       48932   1056      587    
                                                             
    C:/ti/ccs920/ccs/tools/compiler/ti-cgt-arm_18.12.4.LTS/lib/rtsv7R4_T_be_v3D16_eabi.lib
       _printfi.c.obj               4669    0         0      
       ull_div32.asm.obj            696     0         0      
       ctype.c.obj                  0       257       0      
       s_scalbn.c.obj               240     0         0      
       s_floor.c.obj                224     0         0      
       memcpy_t2.asm.obj            156     0         0      
       snprintf.c.obj               148     0         0      
       memset_t2.asm.obj            122     0         0      
       s_frexp.c.obj                116     0         0      
       copy_decompress_lzss.c.obj   108     0         0      
       ltoa.c.obj                   84      0         0      
       atoi.c.obj                   80      0         0      
       autoinit.c.obj               68      0         0      
       s_copysign.c.obj             30      0         0      
       copy_zero_init.c.obj         28      0         0      
       memccpy.c.obj                28      0         0      
       strchr.c.obj                 22      0         0      
       strlen.c.obj                 22      0         0      
       wcslen.c.obj                 18      0         0      
       copy_decompress_none.c.obj   14      0         0      
       errno.c.obj                  8       0         4      
       exit.c.obj                   4       0         0      
    +--+----------------------------+-------+---------+---------+
       Total:                       6885    257       4      
                                                             
       Linker Generated:            0       45        0      
    +--+----------------------------+-------+---------+---------+
       Grand Total:                 55817   1358      591    


LINKER GENERATED COPY TABLES

__TI_cinit_table @ 0000df58 records: 2, size/record: 8, table size: 16
	.data: load addr=0000df44, load size=00000009 bytes, run addr=08001500, run size=000001bc bytes, compression=lzss
	.bss: load addr=0000df50, load size=00000008 bytes, run addr=080016bc, run size=00000093 bytes, compression=zero_init


LINKER GENERATED HANDLER TABLE

__TI_handler_table @ 0000df38 records: 3, size/record: 4, table size: 12
	index: 0, handler: __TI_zero_init
	index: 1, handler: __TI_decompress_lzss
	index: 2, handler: __TI_decompress_none


GLOBAL SYMBOLS: SORTED ALPHABETICALLY BY Name 

address   name                                
-------   ----                                
00005d84  B2SDWORD                            
00005dd8  B2SINT24                            
00005d4c  B2SWORD                             
08001640  BMS                                 
00004e9c  BMS_Balance                         
000037a0  BMS_Read_All                        
00004040  BMS_Read_All_NP                     
000044e0  BMS_Read_Single                     
00004ac4  BMS_Read_Single_NP                  
0000362c  BMS_Slaves_Heartbeat                
08001500  BMS_Voltages                        
00002e18  BMS_init                            
0000da05  C$$EXIT                             
0800174d  CHARGING_FLAG                       
00005e18  CRC16                               
00005230  CommClear                           
000052b4  CommReset                           
00005358  GetFaultStat                        
00005110  GetTimeout                          
0000aef0  IsdwdKeySequenceCorrect             
0800174e  LED_Counter                         
080016bc  MultipleSlaveReading                
080016b4  OverVoltageCount                    
080016a4  RTI_TIMEOUT                         
00005be4  ReadFrameReq                        
00005a00  ReadReg                             
00005324  ResetPL455                          
080016b0  SENSOR_READ_FLAG                    
UNDEFED   SHT$$INIT_ARRAY$$Base               
UNDEFED   SHT$$INIT_ARRAY$$Limit              
080016e8  SingleSlaveReading                  
00003618  Thermistor_Read                     
0000d780  UARTInit                            
0000d750  UARTSend                            
080016a0  UART_RX_RDY                         
080016b6  UnderVoltageCount                   
00005c34  WaitRespFrame                       
00005328  WakePL455                           
00005880  WriteFrame                          
00005380  WriteReg                            
0000df58  __TI_CINIT_Base                     
0000df68  __TI_CINIT_Limit                    
0000df38  __TI_Handler_Table_Base             
0000df44  __TI_Handler_Table_Limit            
0000bf40  __TI_PINIT_Base                     
0000bf44  __TI_PINIT_Limit                    
0000d88d  __TI_auto_init_nobinit_nopinit      
0000d63d  __TI_decompress_lzss                
0000d9ed  __TI_decompress_none                
ffffffff  __TI_pprof_out_hndl                 
0000802d  __TI_printfi                        
ffffffff  __TI_prof_data_size                 
ffffffff  __TI_prof_data_start                
00000000  __TI_static_base__                  
0000d95f  __TI_zero_init_nomemset             
0000d9fd  __aeabi_errno_addr                  
0000d54f  __aeabi_memclr                      
0000d54f  __aeabi_memclr4                     
0000d54f  __aeabi_memclr8                     
0000d3a3  __aeabi_memcpy                      
0000d3a3  __aeabi_memcpy4                     
0000d3a3  __aeabi_memcpy8                     
0000d551  __aeabi_memset                      
0000d551  __aeabi_memset4                     
0000d551  __aeabi_memset8                     
0000c214  __aeabi_uldivmod                    
ffffffff  __binit__                           
ffffffff  __c_args__                          
0000c4cc  _c_int00                            
0000be58  _coreClearAuxiliaryDataFault_       
0000be6c  _coreClearAuxiliaryInstructionFault_
0000be30  _coreClearDataFaultAddress_         
0000be08  _coreClearDataFault_                
0000be44  _coreClearInstructionFaultAddress_  
0000be1c  _coreClearInstructionFault_         
0000bd9c  _coreDisableEventBusExport_         
0000bde0  _coreDisableFlashEcc_               
0000bdbc  _coreDisableRamEcc_                 
0000bd8c  _coreEnableEventBusExport_          
0000bdcc  _coreEnableFlashEcc_                
0000bdf0  _coreEnableIrqVicOffset_            
0000bdac  _coreEnableRamEcc_                  
0000bd74  _coreEnableVfp_                     
0000be50  _coreGetAuxiliaryDataFault_         
0000be64  _coreGetAuxiliaryInstructionFault_  
0000be28  _coreGetDataFaultAddress_           
0000be00  _coreGetDataFault_                  
0000be3c  _coreGetInstructionFaultAddress_    
0000be14  _coreGetInstructionFault_           
0000bbfc  _coreInitRegisters_                 
0000bd08  _coreInitStackPointer_              
0000de10  _ctypes_                            
0000d04c  _dabort                             
0000be80  _disable_FIQ_interrupt_             
0000be88  _disable_IRQ_interrupt_             
0000be78  _disable_interrupt_                 
0000be90  _enable_interrupt_                  
0000bf20  _errata_CORTEXR4_57_                
0000bf30  _errata_CORTEXR4_66_                
0000a520  _errata_SSWF021_45_both_plls        
0000a714  _errata_SSWF021_45_pll1             
0000a88c  _errata_SSWF021_45_pll2             
0000be98  _esmCcmErrorsClear_                 
0000bd54  _getCPSRValue_                      
0000bd5c  _gotoCPUIdle_                       
0000d270  _pmuDisableCountersGlobal_          
0000d260  _pmuEnableCountersGlobal_           
0000d2cc  _pmuGetCycleCount_                  
0000d2d4  _pmuGetEventCount_                  
0000d2e0  _pmuGetOverflow_                    
0000d214  _pmuInit_                           
0000d2a0  _pmuResetCounters_                  
0000d280  _pmuResetCycleCounter_              
0000d290  _pmuResetEventCounters_             
0000d2c0  _pmuSetCountEvent_                  
0000d2b0  _pmuStartCounters_                  
0000d2b8  _pmuStopCounters_                   
UNDEFED   _system_post_cinit                  
0000da05  abort                               
0000126c  adc1ParityCheck                     
00001358  adc2ParityCheck                     
0000d7f1  atoi                                
ffffffff  binit                               
00007408  can1GetConfigValue                  
00001410  can1ParityCheck                     
000014e8  can2ParityCheck                     
000015b0  can3ParityCheck                     
000072a8  canDisableErrorNotification         
00007288  canDisableStatusChangeNotification  
00007300  canDisableloopback                  
00007248  canEnableErrorNotification          
00007268  canEnableStatusChangeNotification   
000072c8  canEnableloopback                   
0000cdc4  canErrorNotification                
00006ff0  canFillMessageObjectData            
00006d18  canGetData                          
00007224  canGetErrorLevel                    
00006e70  canGetID                            
00007200  canGetLastError                     
00006ad0  canInit                             
000073ec  canIoRxGetBit                       
00007330  canIoSetDirection                   
00007380  canIoSetPort                        
000073d0  canIoTxGetBit                       
000071a4  canIsMessageBoxValid                
00007148  canIsRxMessageArrived               
000070ec  canIsTxMessagePending               
00006f50  canSendRemoteFrame                  
0000cdd8  canStatusChangeNotification         
00006c1c  canTransmit                         
00006ed8  canUpdateID                         
00000030  ccmSelfCheck                        
000026fc  ccmr4GetConfigValue                 
00000938  checkB0RAMECC                       
00000b28  checkB1RAMECC                       
00001c18  checkClockMonitor                   
00000d18  checkFlashECC                       
00001cf4  checkFlashEEPROMECC                 
00001e8c  checkPLL1Slip                       
00001f8c  checkPLL2Slip                       
00002050  checkRAMAddrParity                  
000019d0  checkRAMECC                         
0000215c  checkRAMUERRTest                    
000007bc  checkefcSelfTest                    
0000d941  copysign                            
0000d941  copysignl                           
00000234  cpuSelfTest                         
00000dfc  cpuSelfTestFail                     
0000da10  crc16_table                         
000069f4  customTrimLPO                       
00000df4  custom_dabort                       
00005ea8  delayms                             
00005ef0  delayus                             
00002b58  disableParity                       
0000ce44  dmaGroupANotification               
00000eac  dmaParityCheck                      
0000af58  dwdClearFlag                        
0000ae8c  dwdCounterEnable                    
0000aed4  dwdGenerateSysReset                 
0000af24  dwdGetStatus                        
0000af68  dwdGetViolationStatus               
0000ae10  dwdInit                             
0000aeb8  dwdReset                            
0000ae9c  dwdSetPreload                       
0000ae80  dwwdGetCurrentDownCounter           
0000ae38  dwwdInit                            
0000511c  echoChar                            
00000660  efcCheck                            
00002660  efcGetConfigValue                   
00000794  efcSelfTest                         
000006e8  efcStuckZeroTest                    
00002ad0  enableParity                        
0000276c  errata_PBIST_4                      
080016b8  errno                               
0000b340  esmActivateNormalOperation          
0000b414  esmClearStatus                      
0000b454  esmClearStatusBuffer                
0000b308  esmDisableError                     
0000b378  esmDisableInterrupt                 
0000b2e0  esmEnableError                      
0000b350  esmEnableInterrupt                  
0000b54c  esmEnterSelfTest                    
0000b2c4  esmError                            
0000b624  esmGetConfigValue                   
0000b490  esmGetStatus                        
0000b514  esmGetStatusBuffer                  
0000cd5c  esmGroup1Notification               
0000cd6c  esmGroup2Notification               
0000cb44  esmHighInterrupt                    
0000b1bc  esmInit                             
0000b5d4  esmSelfTestStatus                   
0000b470  esmSetCounterPreloadValue           
0000b3a0  esmSetInterruptLevel                
0000b330  esmTriggerErrorPinReset             
0000d135  floor                               
0000d135  floorl                              
000022c4  fmcBus1ParityCheck                  
0000085c  fmcBus2Check                        
00000898  fmcECCcheck                         
0000d5c9  frexp                               
0000d5c9  frexpl                              
0000b9d8  gioDisableNotification              
0000b970  gioEnableNotification               
0000b8d8  gioGetBit                           
0000ba40  gioGetConfigValue                   
0000b900  gioGetPort                          
0000b778  gioInit                             
0000ce00  gioNotification                     
0000b868  gioSetBit                           
0000b848  gioSetDirection                     
0000b8b8  gioSetPort                          
0000b918  gioToggleBit                        
0000da0c  handlePLLLockFail                   
00000f58  het1ParityCheck                     
000010c0  het2ParityCheck                     
00001004  htu1ParityCheck                     
000011bc  htu2ParityCheck                     
0000cf5d  ldexp                               
0000cf5d  ldexpl                              
0000a2e8  linHighLevelInterrupt               
0000a118  linLowLevelInterrupt                
0000d6fd  ltoa                                
00002cfc  main                                
000060d4  mapClocks                           
0000d97b  memccpy                             
0000d3a3  memcpy                              
00000174  memoryInit                          
0000cd7c  memoryPort0TestFailNotification     
0000cd98  memoryPort1TestFailNotification     
0000d557  memset                              
00001684  mibspi1ParityCheck                  
0000178c  mibspi3ParityCheck                  
000018b0  mibspi5ParityCheck                  
000094a4  muxInit                             
08001740  nDev_ID                             
08001744  nRead                               
08001748  nSent                               
080016a8  nTopFound                           
000023ec  pbistFail                           
00002470  pbistGetConfigValue                 
000005a8  pbistIsTestCompleted                
000005d4  pbistIsTestPassed                   
00000608  pbistPortTestStatus                 
000004ac  pbistRun                            
000002cc  pbistSelfCheck                      
00000578  pbistStop                           
00006080  periphInit                          
0000da08  phantomInterrupt                    
00009958  pinmuxGetConfigValue                
00005140  processChar                         
00000000  resetEntry                          
0000d440  rtiCompare1Interrupt                
0000d488  rtiCompare3Interrupt                
0000b018  rtiDisableNotification              
0000aff0  rtiEnableNotification               
0000b034  rtiGetConfigValue                   
0000ad84  rtiGetCurrentTick                   
0000ad5c  rtiGetPeriod                        
0000ab84  rtiInit                             
00004e28  rtiNotification                     
0000acd0  rtiResetCounter                     
0000ad34  rtiSetPeriod                        
0000ac78  rtiStartCounter                     
0000aca4  rtiStopCounter                      
0000cf5d  scalbn                              
0000cf5d  scalbnl                             
00009028  sciDisableLoopback                  
000090b4  sciDisableNotification              
00008ff4  sciEnableLoopback                   
0000904c  sciEnableNotification               
0000911c  sciEnterResetState                  
0000913c  sciExitResetState                   
0000915c  sciGetConfigValue                   
00009d78  sciHighLevelInterrupt               
00008a78  sciInit                             
00008ea4  sciIsIdleDetected                   
00008e88  sciIsRxReady                        
00008d08  sciIsTxReady                        
00009f48  sciLowLevelInterrupt                
0000ce14  sciNotification                     
00008f1c  sciReceive                          
00008ef0  sciReceiveByte                      
00008ec0  sciRxError                          
00008d54  sciSend                             
00008d24  sciSendByte                         
00008c6c  sciSetBaudrate                      
00008c4c  sciSetFunctional                    
000092b4  scilinGetConfigValue                
00000020  selftestFailNotification            
000050f8  setBMSTimerPeriod                   
00006040  setupFlash                          
00005f6c  setupPLL                            
0000d841  snprintf                            
000068b8  sramGetConfigValue                  
000025bc  stcGetConfigValue                   
000001b8  stcSelfCheck                        
00000df8  stcSelfCheckFail                    
0000d9af  strchr                              
0000d9c5  strlen                              
000062f8  systemGetConfigValue                
000061fc  systemInit                          
000062c8  systemPowerDown                     
0000670c  tcmflashGetConfigValue              
00005fcc  trimLPO                             
000076a8  vimChannelMap                       
00007914  vimDisableInterrupt                 
0000774c  vimEnableInterrupt                  
000079c0  vimGetConfigValue                   
000075d4  vimInit                             
00000e00  vimParityCheck                      
0000bf48  vimParityErrorHandler               
080016ac  wTemp                               
0000d9db  wcslen                              


GLOBAL SYMBOLS: SORTED BY Symbol Address 

address   name                                
-------   ----                                
00000000  __TI_static_base__                  
00000000  resetEntry                          
00000020  selftestFailNotification            
00000030  ccmSelfCheck                        
00000174  memoryInit                          
000001b8  stcSelfCheck                        
00000234  cpuSelfTest                         
000002cc  pbistSelfCheck                      
000004ac  pbistRun                            
00000578  pbistStop                           
000005a8  pbistIsTestCompleted                
000005d4  pbistIsTestPassed                   
00000608  pbistPortTestStatus                 
00000660  efcCheck                            
000006e8  efcStuckZeroTest                    
00000794  efcSelfTest                         
000007bc  checkefcSelfTest                    
0000085c  fmcBus2Check                        
00000898  fmcECCcheck                         
00000938  checkB0RAMECC                       
00000b28  checkB1RAMECC                       
00000d18  checkFlashECC                       
00000df4  custom_dabort                       
00000df8  stcSelfCheckFail                    
00000dfc  cpuSelfTestFail                     
00000e00  vimParityCheck                      
00000eac  dmaParityCheck                      
00000f58  het1ParityCheck                     
00001004  htu1ParityCheck                     
000010c0  het2ParityCheck                     
000011bc  htu2ParityCheck                     
0000126c  adc1ParityCheck                     
00001358  adc2ParityCheck                     
00001410  can1ParityCheck                     
000014e8  can2ParityCheck                     
000015b0  can3ParityCheck                     
00001684  mibspi1ParityCheck                  
0000178c  mibspi3ParityCheck                  
000018b0  mibspi5ParityCheck                  
000019d0  checkRAMECC                         
00001c18  checkClockMonitor                   
00001cf4  checkFlashEEPROMECC                 
00001e8c  checkPLL1Slip                       
00001f8c  checkPLL2Slip                       
00002050  checkRAMAddrParity                  
0000215c  checkRAMUERRTest                    
000022c4  fmcBus1ParityCheck                  
000023ec  pbistFail                           
00002470  pbistGetConfigValue                 
000025bc  stcGetConfigValue                   
00002660  efcGetConfigValue                   
000026fc  ccmr4GetConfigValue                 
0000276c  errata_PBIST_4                      
00002ad0  enableParity                        
00002b58  disableParity                       
00002cfc  main                                
00002e18  BMS_init                            
00003618  Thermistor_Read                     
0000362c  BMS_Slaves_Heartbeat                
000037a0  BMS_Read_All                        
00004040  BMS_Read_All_NP                     
000044e0  BMS_Read_Single                     
00004ac4  BMS_Read_Single_NP                  
00004e28  rtiNotification                     
00004e9c  BMS_Balance                         
000050f8  setBMSTimerPeriod                   
00005110  GetTimeout                          
0000511c  echoChar                            
00005140  processChar                         
00005230  CommClear                           
000052b4  CommReset                           
00005324  ResetPL455                          
00005328  WakePL455                           
00005358  GetFaultStat                        
00005380  WriteReg                            
00005880  WriteFrame                          
00005a00  ReadReg                             
00005be4  ReadFrameReq                        
00005c34  WaitRespFrame                       
00005d4c  B2SWORD                             
00005d84  B2SDWORD                            
00005dd8  B2SINT24                            
00005e18  CRC16                               
00005ea8  delayms                             
00005ef0  delayus                             
00005f6c  setupPLL                            
00005fcc  trimLPO                             
00006040  setupFlash                          
00006080  periphInit                          
000060d4  mapClocks                           
000061fc  systemInit                          
000062c8  systemPowerDown                     
000062f8  systemGetConfigValue                
0000670c  tcmflashGetConfigValue              
000068b8  sramGetConfigValue                  
000069f4  customTrimLPO                       
00006ad0  canInit                             
00006c1c  canTransmit                         
00006d18  canGetData                          
00006e70  canGetID                            
00006ed8  canUpdateID                         
00006f50  canSendRemoteFrame                  
00006ff0  canFillMessageObjectData            
000070ec  canIsTxMessagePending               
00007148  canIsRxMessageArrived               
000071a4  canIsMessageBoxValid                
00007200  canGetLastError                     
00007224  canGetErrorLevel                    
00007248  canEnableErrorNotification          
00007268  canEnableStatusChangeNotification   
00007288  canDisableStatusChangeNotification  
000072a8  canDisableErrorNotification         
000072c8  canEnableloopback                   
00007300  canDisableloopback                  
00007330  canIoSetDirection                   
00007380  canIoSetPort                        
000073d0  canIoTxGetBit                       
000073ec  canIoRxGetBit                       
00007408  can1GetConfigValue                  
000075d4  vimInit                             
000076a8  vimChannelMap                       
0000774c  vimEnableInterrupt                  
00007914  vimDisableInterrupt                 
000079c0  vimGetConfigValue                   
0000802d  __TI_printfi                        
00008a78  sciInit                             
00008c4c  sciSetFunctional                    
00008c6c  sciSetBaudrate                      
00008d08  sciIsTxReady                        
00008d24  sciSendByte                         
00008d54  sciSend                             
00008e88  sciIsRxReady                        
00008ea4  sciIsIdleDetected                   
00008ec0  sciRxError                          
00008ef0  sciReceiveByte                      
00008f1c  sciReceive                          
00008ff4  sciEnableLoopback                   
00009028  sciDisableLoopback                  
0000904c  sciEnableNotification               
000090b4  sciDisableNotification              
0000911c  sciEnterResetState                  
0000913c  sciExitResetState                   
0000915c  sciGetConfigValue                   
000092b4  scilinGetConfigValue                
000094a4  muxInit                             
00009958  pinmuxGetConfigValue                
00009d78  sciHighLevelInterrupt               
00009f48  sciLowLevelInterrupt                
0000a118  linLowLevelInterrupt                
0000a2e8  linHighLevelInterrupt               
0000a520  _errata_SSWF021_45_both_plls        
0000a714  _errata_SSWF021_45_pll1             
0000a88c  _errata_SSWF021_45_pll2             
0000ab84  rtiInit                             
0000ac78  rtiStartCounter                     
0000aca4  rtiStopCounter                      
0000acd0  rtiResetCounter                     
0000ad34  rtiSetPeriod                        
0000ad5c  rtiGetPeriod                        
0000ad84  rtiGetCurrentTick                   
0000ae10  dwdInit                             
0000ae38  dwwdInit                            
0000ae80  dwwdGetCurrentDownCounter           
0000ae8c  dwdCounterEnable                    
0000ae9c  dwdSetPreload                       
0000aeb8  dwdReset                            
0000aed4  dwdGenerateSysReset                 
0000aef0  IsdwdKeySequenceCorrect             
0000af24  dwdGetStatus                        
0000af58  dwdClearFlag                        
0000af68  dwdGetViolationStatus               
0000aff0  rtiEnableNotification               
0000b018  rtiDisableNotification              
0000b034  rtiGetConfigValue                   
0000b1bc  esmInit                             
0000b2c4  esmError                            
0000b2e0  esmEnableError                      
0000b308  esmDisableError                     
0000b330  esmTriggerErrorPinReset             
0000b340  esmActivateNormalOperation          
0000b350  esmEnableInterrupt                  
0000b378  esmDisableInterrupt                 
0000b3a0  esmSetInterruptLevel                
0000b414  esmClearStatus                      
0000b454  esmClearStatusBuffer                
0000b470  esmSetCounterPreloadValue           
0000b490  esmGetStatus                        
0000b514  esmGetStatusBuffer                  
0000b54c  esmEnterSelfTest                    
0000b5d4  esmSelfTestStatus                   
0000b624  esmGetConfigValue                   
0000b778  gioInit                             
0000b848  gioSetDirection                     
0000b868  gioSetBit                           
0000b8b8  gioSetPort                          
0000b8d8  gioGetBit                           
0000b900  gioGetPort                          
0000b918  gioToggleBit                        
0000b970  gioEnableNotification               
0000b9d8  gioDisableNotification              
0000ba40  gioGetConfigValue                   
0000bbfc  _coreInitRegisters_                 
0000bd08  _coreInitStackPointer_              
0000bd54  _getCPSRValue_                      
0000bd5c  _gotoCPUIdle_                       
0000bd74  _coreEnableVfp_                     
0000bd8c  _coreEnableEventBusExport_          
0000bd9c  _coreDisableEventBusExport_         
0000bdac  _coreEnableRamEcc_                  
0000bdbc  _coreDisableRamEcc_                 
0000bdcc  _coreEnableFlashEcc_                
0000bde0  _coreDisableFlashEcc_               
0000bdf0  _coreEnableIrqVicOffset_            
0000be00  _coreGetDataFault_                  
0000be08  _coreClearDataFault_                
0000be14  _coreGetInstructionFault_           
0000be1c  _coreClearInstructionFault_         
0000be28  _coreGetDataFaultAddress_           
0000be30  _coreClearDataFaultAddress_         
0000be3c  _coreGetInstructionFaultAddress_    
0000be44  _coreClearInstructionFaultAddress_  
0000be50  _coreGetAuxiliaryDataFault_         
0000be58  _coreClearAuxiliaryDataFault_       
0000be64  _coreGetAuxiliaryInstructionFault_  
0000be6c  _coreClearAuxiliaryInstructionFault_
0000be78  _disable_interrupt_                 
0000be80  _disable_FIQ_interrupt_             
0000be88  _disable_IRQ_interrupt_             
0000be90  _enable_interrupt_                  
0000be98  _esmCcmErrorsClear_                 
0000bf20  _errata_CORTEXR4_57_                
0000bf30  _errata_CORTEXR4_66_                
0000bf40  __TI_PINIT_Base                     
0000bf44  __TI_PINIT_Limit                    
0000bf48  vimParityErrorHandler               
0000c214  __aeabi_uldivmod                    
0000c4cc  _c_int00                            
0000cb44  esmHighInterrupt                    
0000cd5c  esmGroup1Notification               
0000cd6c  esmGroup2Notification               
0000cd7c  memoryPort0TestFailNotification     
0000cd98  memoryPort1TestFailNotification     
0000cdc4  canErrorNotification                
0000cdd8  canStatusChangeNotification         
0000ce00  gioNotification                     
0000ce14  sciNotification                     
0000ce44  dmaGroupANotification               
0000cf5d  ldexp                               
0000cf5d  ldexpl                              
0000cf5d  scalbn                              
0000cf5d  scalbnl                             
0000d04c  _dabort                             
0000d135  floor                               
0000d135  floorl                              
0000d214  _pmuInit_                           
0000d260  _pmuEnableCountersGlobal_           
0000d270  _pmuDisableCountersGlobal_          
0000d280  _pmuResetCycleCounter_              
0000d290  _pmuResetEventCounters_             
0000d2a0  _pmuResetCounters_                  
0000d2b0  _pmuStartCounters_                  
0000d2b8  _pmuStopCounters_                   
0000d2c0  _pmuSetCountEvent_                  
0000d2cc  _pmuGetCycleCount_                  
0000d2d4  _pmuGetEventCount_                  
0000d2e0  _pmuGetOverflow_                    
0000d3a3  __aeabi_memcpy                      
0000d3a3  __aeabi_memcpy4                     
0000d3a3  __aeabi_memcpy8                     
0000d3a3  memcpy                              
0000d440  rtiCompare1Interrupt                
0000d488  rtiCompare3Interrupt                
0000d54f  __aeabi_memclr                      
0000d54f  __aeabi_memclr4                     
0000d54f  __aeabi_memclr8                     
0000d551  __aeabi_memset                      
0000d551  __aeabi_memset4                     
0000d551  __aeabi_memset8                     
0000d557  memset                              
0000d5c9  frexp                               
0000d5c9  frexpl                              
0000d63d  __TI_decompress_lzss                
0000d6fd  ltoa                                
0000d750  UARTSend                            
0000d780  UARTInit                            
0000d7f1  atoi                                
0000d841  snprintf                            
0000d88d  __TI_auto_init_nobinit_nopinit      
0000d941  copysign                            
0000d941  copysignl                           
0000d95f  __TI_zero_init_nomemset             
0000d97b  memccpy                             
0000d9af  strchr                              
0000d9c5  strlen                              
0000d9db  wcslen                              
0000d9ed  __TI_decompress_none                
0000d9fd  __aeabi_errno_addr                  
0000da05  C$$EXIT                             
0000da05  abort                               
0000da08  phantomInterrupt                    
0000da0c  handlePLLLockFail                   
0000da10  crc16_table                         
0000de10  _ctypes_                            
0000df38  __TI_Handler_Table_Base             
0000df44  __TI_Handler_Table_Limit            
0000df58  __TI_CINIT_Base                     
0000df68  __TI_CINIT_Limit                    
08001500  BMS_Voltages                        
08001640  BMS                                 
080016a0  UART_RX_RDY                         
080016a4  RTI_TIMEOUT                         
080016a8  nTopFound                           
080016ac  wTemp                               
080016b0  SENSOR_READ_FLAG                    
080016b4  OverVoltageCount                    
080016b6  UnderVoltageCount                   
080016b8  errno                               
080016bc  MultipleSlaveReading                
080016e8  SingleSlaveReading                  
08001740  nDev_ID                             
08001744  nRead                               
08001748  nSent                               
0800174d  CHARGING_FLAG                       
0800174e  LED_Counter                         
ffffffff  __TI_pprof_out_hndl                 
ffffffff  __TI_prof_data_size                 
ffffffff  __TI_prof_data_start                
ffffffff  __binit__                           
ffffffff  __c_args__                          
ffffffff  binit                               
UNDEFED   SHT$$INIT_ARRAY$$Base               
UNDEFED   SHT$$INIT_ARRAY$$Limit              
UNDEFED   _system_post_cinit                  

[333 symbols]
